Archive member included to satisfy reference by file (symbol)

C:/ST/STM32CubeIDE_1.10.0/STM32CubeIDE/plugins/com.st.stm32cube.ide.mcu.externaltools.gnu-tools-for-stm32.11.3.rel1.win32_1.1.1.202309131626/tools/bin/../lib/gcc/arm-none-eabi/11.3.1/../../../../arm-none-eabi/lib/thumb/v7e-m+fp/hard\libc_nano.a(libc_a-exit.o)
                              C:/ST/STM32CubeIDE_1.10.0/STM32CubeIDE/plugins/com.st.stm32cube.ide.mcu.externaltools.gnu-tools-for-stm32.11.3.rel1.win32_1.1.1.202309131626/tools/bin/../lib/gcc/arm-none-eabi/11.3.1/../../../../arm-none-eabi/lib/thumb/v7e-m+fp/hard/crt0.o (exit)
C:/ST/STM32CubeIDE_1.10.0/STM32CubeIDE/plugins/com.st.stm32cube.ide.mcu.externaltools.gnu-tools-for-stm32.11.3.rel1.win32_1.1.1.202309131626/tools/bin/../lib/gcc/arm-none-eabi/11.3.1/../../../../arm-none-eabi/lib/thumb/v7e-m+fp/hard\libc_nano.a(libc_a-findfp.o)
                              C:/ST/STM32CubeIDE_1.10.0/STM32CubeIDE/plugins/com.st.stm32cube.ide.mcu.externaltools.gnu-tools-for-stm32.11.3.rel1.win32_1.1.1.202309131626/tools/bin/../lib/gcc/arm-none-eabi/11.3.1/../../../../arm-none-eabi/lib/thumb/v7e-m+fp/hard\libc_nano.a(libc_a-exit.o) (__stdio_exit_handler)
C:/ST/STM32CubeIDE_1.10.0/STM32CubeIDE/plugins/com.st.stm32cube.ide.mcu.externaltools.gnu-tools-for-stm32.11.3.rel1.win32_1.1.1.202309131626/tools/bin/../lib/gcc/arm-none-eabi/11.3.1/../../../../arm-none-eabi/lib/thumb/v7e-m+fp/hard\libc_nano.a(libc_a-fwalk.o)
                              C:/ST/STM32CubeIDE_1.10.0/STM32CubeIDE/plugins/com.st.stm32cube.ide.mcu.externaltools.gnu-tools-for-stm32.11.3.rel1.win32_1.1.1.202309131626/tools/bin/../lib/gcc/arm-none-eabi/11.3.1/../../../../arm-none-eabi/lib/thumb/v7e-m+fp/hard\libc_nano.a(libc_a-findfp.o) (_fwalk_sglue)
C:/ST/STM32CubeIDE_1.10.0/STM32CubeIDE/plugins/com.st.stm32cube.ide.mcu.externaltools.gnu-tools-for-stm32.11.3.rel1.win32_1.1.1.202309131626/tools/bin/../lib/gcc/arm-none-eabi/11.3.1/../../../../arm-none-eabi/lib/thumb/v7e-m+fp/hard\libc_nano.a(libc_a-printf.o)
                              ./Core/Src/loopback.o (printf)
C:/ST/STM32CubeIDE_1.10.0/STM32CubeIDE/plugins/com.st.stm32cube.ide.mcu.externaltools.gnu-tools-for-stm32.11.3.rel1.win32_1.1.1.202309131626/tools/bin/../lib/gcc/arm-none-eabi/11.3.1/../../../../arm-none-eabi/lib/thumb/v7e-m+fp/hard\libc_nano.a(libc_a-sprintf.o)
                              ./Core/Src/main.o (sprintf)
C:/ST/STM32CubeIDE_1.10.0/STM32CubeIDE/plugins/com.st.stm32cube.ide.mcu.externaltools.gnu-tools-for-stm32.11.3.rel1.win32_1.1.1.202309131626/tools/bin/../lib/gcc/arm-none-eabi/11.3.1/../../../../arm-none-eabi/lib/thumb/v7e-m+fp/hard\libc_nano.a(libc_a-stdio.o)
                              C:/ST/STM32CubeIDE_1.10.0/STM32CubeIDE/plugins/com.st.stm32cube.ide.mcu.externaltools.gnu-tools-for-stm32.11.3.rel1.win32_1.1.1.202309131626/tools/bin/../lib/gcc/arm-none-eabi/11.3.1/../../../../arm-none-eabi/lib/thumb/v7e-m+fp/hard\libc_nano.a(libc_a-findfp.o) (__sread)
C:/ST/STM32CubeIDE_1.10.0/STM32CubeIDE/plugins/com.st.stm32cube.ide.mcu.externaltools.gnu-tools-for-stm32.11.3.rel1.win32_1.1.1.202309131626/tools/bin/../lib/gcc/arm-none-eabi/11.3.1/../../../../arm-none-eabi/lib/thumb/v7e-m+fp/hard\libc_nano.a(libc_a-vsnprintf.o)
                              ./Core/Src/main.o (vsnprintf)
C:/ST/STM32CubeIDE_1.10.0/STM32CubeIDE/plugins/com.st.stm32cube.ide.mcu.externaltools.gnu-tools-for-stm32.11.3.rel1.win32_1.1.1.202309131626/tools/bin/../lib/gcc/arm-none-eabi/11.3.1/../../../../arm-none-eabi/lib/thumb/v7e-m+fp/hard\libc_nano.a(libc_a-memcmp.o)
                              ./Core/Src/main.o (memcmp)
C:/ST/STM32CubeIDE_1.10.0/STM32CubeIDE/plugins/com.st.stm32cube.ide.mcu.externaltools.gnu-tools-for-stm32.11.3.rel1.win32_1.1.1.202309131626/tools/bin/../lib/gcc/arm-none-eabi/11.3.1/../../../../arm-none-eabi/lib/thumb/v7e-m+fp/hard\libc_nano.a(libc_a-memset.o)
                              C:/ST/STM32CubeIDE_1.10.0/STM32CubeIDE/plugins/com.st.stm32cube.ide.mcu.externaltools.gnu-tools-for-stm32.11.3.rel1.win32_1.1.1.202309131626/tools/bin/../lib/gcc/arm-none-eabi/11.3.1/../../../../arm-none-eabi/lib/thumb/v7e-m+fp/hard/crt0.o (memset)
C:/ST/STM32CubeIDE_1.10.0/STM32CubeIDE/plugins/com.st.stm32cube.ide.mcu.externaltools.gnu-tools-for-stm32.11.3.rel1.win32_1.1.1.202309131626/tools/bin/../lib/gcc/arm-none-eabi/11.3.1/../../../../arm-none-eabi/lib/thumb/v7e-m+fp/hard\libc_nano.a(libc_a-strcat.o)
                              ./Core/Src/main.o (strcat)
C:/ST/STM32CubeIDE_1.10.0/STM32CubeIDE/plugins/com.st.stm32cube.ide.mcu.externaltools.gnu-tools-for-stm32.11.3.rel1.win32_1.1.1.202309131626/tools/bin/../lib/gcc/arm-none-eabi/11.3.1/../../../../arm-none-eabi/lib/thumb/v7e-m+fp/hard\libc_nano.a(libc_a-strchr.o)
                              ./Core/Src/dns.o (strchr)
[...]
Memory Configuration

Name             Origin             Length             Attributes
RAM              0x0000000020000000 0x0000000000010000 xrw
FLASH            0x0000000008000000 0x0000000000040000 xr
*default*        0x0000000000000000 0xffffffffffffffff

Linker script and memory map

LOAD C:/ST/STM32CubeIDE_1.10.0/STM32CubeIDE/plugins/com.st.stm32cube.ide.mcu.externaltools.gnu-tools-for-stm32.11.3.rel1.win32_1.1.1.202309131626/tools/bin/../lib/gcc/arm-none-eabi/11.3.1/thumb/v7e-m+fp/hard/crti.o
LOAD C:/ST/STM32CubeIDE_1.10.0/STM32CubeIDE/plugins/com.st.stm32cube.ide.mcu.externaltools.gnu-tools-for-stm32.11.3.rel1.win32_1.1.1.202309131626/tools/bin/../lib/gcc/arm-none-eabi/11.3.1/thumb/v7e-m+fp/hard/crtbegin.o
LOAD C:/ST/STM32CubeIDE_1.10.0/STM32CubeIDE/plugins/com.st.stm32cube.ide.mcu.externaltools.gnu-tools-for-stm32.11.3.rel1.win32_1.1.1.202309131626/tools/bin/../lib/gcc/arm-none-eabi/11.3.1/../../../../arm-none-eabi/lib/thumb/v7e-m+fp/hard/crt0.o
LOAD ./Core/Src/dhcp.o
LOAD ./Core/Src/dns.o
LOAD ./Core/Src/loopback.o
LOAD ./Core/Src/main.o
LOAD ./Core/Src/socket.o
LOAD ./Core/Src/stm32f4xx_hal_msp.o
LOAD ./Core/Src/stm32f4xx_hal_timebase_tim.o
LOAD ./Core/Src/stm32f4xx_it.o
LOAD ./Core/Src/syscalls.o
LOAD ./Core/Src/sysmem.o
LOAD ./Core/Src/system_stm32f4xx.o
LOAD ./Core/Src/w5500.o
LOAD ./Core/Src/wizchip_conf.o
LOAD ./Core/Startup/startup_stm32f401ccux.o
LOAD ./Drivers/STM32F4xx_HAL_Driver/Src/stm32f4xx_hal.o
LOAD ./Drivers/STM32F4xx_HAL_Driver/Src/stm32f4xx_hal_cortex.o
LOAD ./Drivers/STM32F4xx_HAL_Driver/Src/stm32f4xx_hal_dma.o
LOAD ./Drivers/STM32F4xx_HAL_Driver/Src/stm32f4xx_hal_dma_ex.o
LOAD ./Drivers/STM32F4xx_HAL_Driver/Src/stm32f4xx_hal_exti.o
LOAD ./Drivers/STM32F4xx_HAL_Driver/Src/stm32f4xx_hal_flash.o
LOAD ./Drivers/STM32F4xx_HAL_Driver/Src/stm32f4xx_hal_flash_ex.o
LOAD ./Drivers/STM32F4xx_HAL_Driver/Src/stm32f4xx_hal_flash_ramfunc.o
LOAD ./Drivers/STM32F4xx_HAL_Driver/Src/stm32f4xx_hal_gpio.o
LOAD ./Drivers/STM32F4xx_HAL_Driver/Src/stm32f4xx_hal_pcd.o
LOAD ./Drivers/STM32F4xx_HAL_Driver/Src/stm32f4xx_hal_pcd_ex.o
LOAD ./Drivers/STM32F4xx_HAL_Driver/Src/stm32f4xx_hal_pwr.o
LOAD ./Drivers/STM32F4xx_HAL_Driver/Src/stm32f4xx_hal_pwr_ex.o
LOAD ./Drivers/STM32F4xx_HAL_Driver/Src/stm32f4xx_hal_rcc.o
LOAD ./Drivers/STM32F4xx_HAL_Driver/Src/stm32f4xx_hal_rcc_ex.o
LOAD ./Drivers/STM32F4xx_HAL_Driver/Src/stm32f4xx_hal_spi.o
LOAD ./Drivers/STM32F4xx_HAL_Driver/Src/stm32f4xx_hal_tim.o
LOAD ./Drivers/STM32F4xx_HAL_Driver/Src/stm32f4xx_hal_tim_ex.o
LOAD ./Drivers/STM32F4xx_HAL_Driver/Src/stm32f4xx_ll_dma.o
LOAD ./Drivers/STM32F4xx_HAL_Driver/Src/stm32f4xx_ll_exti.o
LOAD ./Drivers/STM32F4xx_HAL_Driver/Src/stm32f4xx_ll_gpio.o
LOAD ./Drivers/STM32F4xx_HAL_Driver/Src/stm32f4xx_ll_rcc.o
LOAD ./Drivers/STM32F4xx_HAL_Driver/Src/stm32f4xx_ll_tim.o
LOAD ./Drivers/STM32F4xx_HAL_Driver/Src/stm32f4xx_ll_usart.o
LOAD ./Drivers/STM32F4xx_HAL_Driver/Src/stm32f4xx_ll_usb.o
LOAD ./Drivers/STM32F4xx_HAL_Driver/Src/stm32f4xx_ll_utils.o
LOAD ./Middlewares/ST/STM32_USB_Device_Library/Class/CDC/Src/usbd_cdc.o
LOAD ./Middlewares/ST/STM32_USB_Device_Library/Core/Src/usbd_core.o
LOAD ./Middlewares/ST/STM32_USB_Device_Library/Core/Src/usbd_ctlreq.o
LOAD ./Middlewares/ST/STM32_USB_Device_Library/Core/Src/usbd_ioreq.o
LOAD ./USB_DEVICE/App/usb_device.o
LOAD ./USB_DEVICE/App/usbd_cdc_if.o
LOAD ./USB_DEVICE/App/usbd_desc.o
LOAD ./USB_DEVICE/Target/usbd_conf.o
START GROUP
LOAD C:/ST/STM32CubeIDE_1.10.0/STM32CubeIDE/plugins/com.st.stm32cube.ide.mcu.externaltools.gnu-tools-for-stm32.11.3.rel1.win32_1.1.1.202309131626/tools/bin/../lib/gcc/arm-none-eabi/11.3.1/../../../../arm-none-eabi/lib/thumb/v7e-m+fp/hard\libc_nano.a
LOAD C:/ST/STM32CubeIDE_1.10.0/STM32CubeIDE/plugins/com.st.stm32cube.ide.mcu.externaltools.gnu-tools-for-stm32.11.3.rel1.win32_1.1.1.202309131626/tools/bin/../lib/gcc/arm-none-eabi/11.3.1/../../../../arm-none-eabi/lib/thumb/v7e-m+fp/hard\libm.a
END GROUP
START GROUP
LOAD C:/ST/STM32CubeIDE_1.10.0/STM32CubeIDE/plugins/com.st.stm32cube.ide.mcu.externaltools.gnu-tools-for-stm32.11.3.rel1.win32_1.1.1.202309131626/tools/bin/../lib/gcc/arm-none-eabi/11.3.1/thumb/v7e-m+fp/hard\libgcc.a
LOAD C:/ST/STM32CubeIDE_1.10.0/STM32CubeIDE/plugins/com.st.stm32cube.ide.mcu.externaltools.gnu-tools-for-stm32.11.3.rel1.win32_1.1.1.202309131626/tools/bin/../lib/gcc/arm-none-eabi/11.3.1/../../../../arm-none-eabi/lib/thumb/v7e-m+fp/hard\libc_nano.a
END GROUP
START GROUP
LOAD C:/ST/STM32CubeIDE_1.10.0/STM32CubeIDE/plugins/com.st.stm32cube.ide.mcu.externaltools.gnu-tools-for-stm32.11.3.rel1.win32_1.1.1.202309131626/tools/bin/../lib/gcc/arm-none-eabi/11.3.1/thumb/v7e-m+fp/hard\libgcc.a
LOAD C:/ST/STM32CubeIDE_1.10.0/STM32CubeIDE/plugins/com.st.stm32cube.ide.mcu.externaltools.gnu-tools-for-stm32.11.3.rel1.win32_1.1.1.202309131626/tools/bin/../lib/gcc/arm-none-eabi/11.3.1/../../../../arm-none-eabi/lib/thumb/v7e-m+fp/hard\libc_nano.a
LOAD C:/ST/STM32CubeIDE_1.10.0/STM32CubeIDE/plugins/com.st.stm32cube.ide.mcu.externaltools.gnu-tools-for-stm32.11.3.rel1.win32_1.1.1.202309131626/tools/bin/../lib/gcc/arm-none-eabi/11.3.1/../../../../arm-none-eabi/lib/thumb/v7e-m+fp/hard\libnosys.a
END GROUP
START GROUP
LOAD C:/ST/STM32CubeIDE_1.10.0/STM32CubeIDE/plugins/com.st.stm32cube.ide.mcu.externaltools.gnu-tools-for-stm32.11.3.rel1.win32_1.1.1.202309131626/tools/bin/../lib/gcc/arm-none-eabi/11.3.1/thumb/v7e-m+fp/hard\libgcc.a
LOAD C:/ST/STM32CubeIDE_1.10.0/STM32CubeIDE/plugins/com.st.stm32cube.ide.mcu.externaltools.gnu-tools-for-stm32.11.3.rel1.win32_1.1.1.202309131626/tools/bin/../lib/gcc/arm-none-eabi/11.3.1/../../../../arm-none-eabi/lib/thumb/v7e-m+fp/hard\libc_nano.a
LOAD C:/ST/STM32CubeIDE_1.10.0/STM32CubeIDE/plugins/com.st.stm32cube.ide.mcu.externaltools.gnu-tools-for-stm32.11.3.rel1.win32_1.1.1.202309131626/tools/bin/../lib/gcc/arm-none-eabi/11.3.1/../../../../arm-none-eabi/lib/thumb/v7e-m+fp/hard\libnosys.a
END GROUP
LOAD C:/ST/STM32CubeIDE_1.10.0/STM32CubeIDE/plugins/com.st.stm32cube.ide.mcu.externaltools.gnu-tools-for-stm32.11.3.rel1.win32_1.1.1.202309131626/tools/bin/../lib/gcc/arm-none-eabi/11.3.1/thumb/v7e-m+fp/hard/crtend.o
LOAD C:/ST/STM32CubeIDE_1.10.0/STM32CubeIDE/plugins/com.st.stm32cube.ide.mcu.externaltools.gnu-tools-for-stm32.11.3.rel1.win32_1.1.1.202309131626/tools/bin/../lib/gcc/arm-none-eabi/11.3.1/thumb/v7e-m+fp/hard/crtn.o
                0x0000000020010000                _estack = (ORIGIN (RAM) + LENGTH (RAM))
                0x0000000000000200                _Min_Heap_Size = 0x200
                0x0000000000000400                _Min_Stack_Size = 0x400

.isr_vector     0x0000000008000000      0x194
                0x0000000008000000                . = ALIGN (0x4)
 *(.isr_vector)
 .isr_vector    0x0000000008000000      0x194 ./Core/Startup/startup_stm32f401ccux.o
                0x0000000008000000                g_pfnVectors
                0x0000000008000194                . = ALIGN (0x4)

.text           0x00000000080001a0     0xc628
                0x00000000080001a0                . = ALIGN (0x4)
 *(.text)
 .text          0x00000000080001a0       0x40 C:/ST/STM32CubeIDE_1.10.0/STM32CubeIDE/plugins/com.st.stm32cube.ide.mcu.externaltools.gnu-tools-for-stm32.11.3.rel1.win32_1.1.1.202309131626/tools/bin/../lib/gcc/arm-none-eabi/11.3.1/thumb/v7e-m+fp/hard/crtbegin.o
 .text          0x00000000080001e0       0x10 C:/ST/STM32CubeIDE_1.10.0/STM32CubeIDE/plugins/com.st.stm32cube.ide.mcu.externaltools.gnu-tools-for-stm32.11.3.rel1.win32_1.1.1.202309131626/tools/bin/../lib/gcc/arm-none-eabi/11.3.1/../../../../arm-none-eabi/lib/thumb/v7e-m+fp/hard\libc_nano.a(libc_a-strlen.o)
                0x00000000080001e0                strlen
 .text          0x00000000080001f0       0xa0 C:/ST/STM32CubeIDE_1.10.0/STM32CubeIDE/plugins/com.st.stm32cube.ide.mcu.externaltools.gnu-tools-for-stm32.11.3.rel1.win32_1.1.1.202309131626/tools/bin/../lib/gcc/arm-none-eabi/11.3.1/../../../../arm-none-eabi/lib/thumb/v7e-m+fp/hard\libc_nano.a(libc_a-memchr.o)
                0x00000000080001f0                memchr
 .text          0x0000000008000290       0x30 C:/ST/STM32CubeIDE_1.10.0/STM32CubeIDE/plugins/com.st.stm32cube.ide.mcu.externaltools.gnu-tools-for-stm32.11.3.rel1.win32_1.1.1.202309131626/tools/bin/../lib/gcc/arm-none-eabi/11.3.1/thumb/v7e-m+fp/hard\libgcc.a(_aeabi_uldivmod.o)
                0x0000000008000290                __aeabi_uldivmod
 .text          0x00000000080002c0      0x2c8 C:/ST/STM32CubeIDE_1.10.0/STM32CubeIDE/plugins/com.st.stm32cube.ide.mcu.externaltools.gnu-tools-for-stm32.11.3.rel1.win32_1.1.1.202309131626/tools/bin/../lib/gcc/arm-none-eabi/11.3.1/thumb/v7e-m+fp/hard\libgcc.a(_udivmoddi4.o)
                0x00000000080002c0                __udivmoddi4
 .text          0x0000000008000588        0x4 C:/ST/STM32CubeIDE_1.10.0/STM32CubeIDE/plugins/com.st.stm32cube.ide.mcu.externaltools.gnu-tools-for-stm32.11.3.rel1.win32_1.1.1.202309131626/tools/bin/../lib/gcc/arm-none-eabi/11.3.1/thumb/v7e-m+fp/hard\libgcc.a(_dvmd_tls.o)
                0x0000000008000588                __aeabi_idiv0
                0x0000000008000588                __aeabi_ldiv0
 *(.text*)
 .text.__NVIC_GetPriorityGrouping
                0x000000000800058c       0x1c ./Core/Src/main.o
 .text.__NVIC_EnableIRQ
                0x00000000080005a8       0x3c ./Core/Src/main.o
 .text.__NVIC_SetPriority
                0x00000000080005e4       0x54 ./Core/Src/main.o
 .text.NVIC_EncodePriority
                0x0000000008000638       0x66 ./Core/Src/main.o
 .text.LL_TIM_EnableCounter
                0x000000000800069e       0x20 ./Core/Src/main.o
 .text.LL_TIM_EnableARRPreload
                0x00000000080006be       0x20 ./Core/Src/main.o
 .text.LL_TIM_EnableIT_UPDATE
                0x00000000080006de       0x20 ./Core/Src/main.o
 .text.LL_USART_Enable
                0x00000000080006fe       0x20 ./Core/Src/main.o
 .text.LL_USART_ConfigAsyncMode
                0x000000000800071e       0x2c ./Core/Src/main.o
 .text.LL_USART_EnableIT_RXNE
                0x000000000800074a       0x46 ./Core/Src/main.o
 .text.LL_GPIO_SetOutputPin
                0x0000000008000790       0x1c ./Core/Src/main.o
 .text.LL_GPIO_ResetOutputPin
                0x00000000080007ac       0x1e ./Core/Src/main.o
 *fill*         0x00000000080007ca        0x2 
 .text.LL_AHB1_GRP1_EnableClock
                0x00000000080007cc       0x30 ./Core/Src/main.o
 .text.LL_APB2_GRP1_EnableClock
                0x00000000080007fc       0x30 ./Core/Src/main.o
 .text.send_ip_to_uart
                0x000000000800082c       0xa8 ./Core/Src/main.o
                0x000000000800082c                send_ip_to_uart
 .text.Set_outputs
                0x00000000080008d4      0x7ac ./Core/Src/main.o
                0x00000000080008d4                Set_outputs
 .text.UART_Printf
                0x0000000008001080       0x5a ./Core/Src/main.o
                0x0000000008001080                UART_Printf
 *fill*         0x00000000080010da        0x2 
 .text.BuildStartPage
                0x00000000080010dc       0x54 ./Core/Src/main.o
                0x00000000080010dc                BuildStartPage
 .text.W5500_Select
                0x0000000008001130       0x18 ./Core/Src/main.o
                0x0000000008001130                W5500_Select
 .text.W5500_Unselect
                0x0000000008001148       0x18 ./Core/Src/main.o
                0x0000000008001148                W5500_Unselect
 .text.W5500_ReadBuff
                0x0000000008001160       0x28 ./Core/Src/main.o
                0x0000000008001160                W5500_ReadBuff
 .text.W5500_WriteBuff
                0x0000000008001188       0x28 ./Core/Src/main.o
                0x0000000008001188                W5500_WriteBuff
 .text.W5500_ReadByte
                0x00000000080011b0       0x1a ./Core/Src/main.o
                0x00000000080011b0                W5500_ReadByte
 .text.W5500_WriteByte
                0x00000000080011ca       0x1c ./Core/Src/main.o
                0x00000000080011ca                W5500_WriteByte
 *fill*         0x00000000080011e6        0x2 
 .text.loopback_tcps
                0x00000000080011e8      0x2d4 ./Core/Src/main.o
                0x00000000080011e8                loopback_tcps
 .text.USART1_Send
                0x00000000080014bc       0x30 ./Core/Src/main.o
                0x00000000080014bc                USART1_Send
 .text.USART1_Send_String
                0x00000000080014ec       0x38 ./Core/Src/main.o
                0x00000000080014ec                USART1_Send_String
 .text.ReadFromEEPROM
                0x0000000008001524       0x18 ./Core/Src/main.o
                0x0000000008001524                ReadFromEEPROM
 .text.main     0x000000000800153c      0x18c ./Core/Src/main.o
                0x000000000800153c                main
 .text.SystemClock_Config
                0x00000000080016c8       0xdc ./Core/Src/main.o
                0x00000000080016c8                SystemClock_Config
 .text.MX_SPI1_Init
                0x00000000080017a4       0x6c ./Core/Src/main.o
 .text.MX_TIM10_Init
                0x0000000008001810       0x6c ./Core/Src/main.o
 .text.MX_USART1_UART_Init
                0x000000000800187c       0xc0 ./Core/Src/main.o
 .text.MX_GPIO_Init
                0x000000000800193c       0xd8 ./Core/Src/main.o
 .text.HAL_TIM_PeriodElapsedCallback
                0x0000000008001a14       0x24 ./Core/Src/main.o
                0x0000000008001a14                HAL_TIM_PeriodElapsedCallback
 .text.Error_Handler
                0x0000000008001a38        0xa ./Core/Src/main.o
                0x0000000008001a38                Error_Handler
 *fill*         0x0000000008001a42        0x2 
 .text.socket   0x0000000008001a44      0x228 ./Core/Src/socket.o
                0x0000000008001a44                socket
 .text.close    0x0000000008001c6c       0xdc ./Core/Src/socket.o
                0x0000000008001c6c                close
 .text.listen   0x0000000008001d48       0xb2 ./Core/Src/socket.o
                0x0000000008001d48                listen
 *fill*         0x0000000008001dfa        0x2 
 .text.disconnect
                0x0000000008001dfc       0xec ./Core/Src/socket.o
                0x0000000008001dfc                disconnect
 .text.send     0x0000000008001ee8      0x1f4 ./Core/Src/socket.o
                0x0000000008001ee8                send
 .text.recv     0x00000000080020dc      0x16c ./Core/Src/socket.o
                0x00000000080020dc                recv
 .text.getsockopt
                0x0000000008002248      0x230 ./Core/Src/socket.o
                0x0000000008002248                getsockopt
 .text.HAL_MspInit
                0x0000000008002478       0x50 ./Core/Src/stm32f4xx_hal_msp.o
                0x0000000008002478                HAL_MspInit
 .text.HAL_SPI_MspInit
                0x00000000080024c8       0xa0 ./Core/Src/stm32f4xx_hal_msp.o
                0x00000000080024c8                HAL_SPI_MspInit
 .text.HAL_InitTick
                0x0000000008002568       0xe4 ./Core/Src/stm32f4xx_hal_timebase_tim.o
                0x0000000008002568                HAL_InitTick
 .text.LL_TIM_ClearFlag_UPDATE
                0x000000000800264c       0x1c ./Core/Src/stm32f4xx_it.o
 .text.LL_TIM_IsActiveFlag_UPDATE
                0x0000000008002668       0x26 ./Core/Src/stm32f4xx_it.o
 .text.LL_GPIO_TogglePin
                0x000000000800268e       0x32 ./Core/Src/stm32f4xx_it.o
 .text.NMI_Handler
                0x00000000080026c0        0xa ./Core/Src/stm32f4xx_it.o
                0x00000000080026c0                NMI_Handler
 .text.HardFault_Handler
                0x00000000080026ca        0x6 ./Core/Src/stm32f4xx_it.o
                0x00000000080026ca                HardFault_Handler
 .text.MemManage_Handler
                0x00000000080026d0        0x6 ./Core/Src/stm32f4xx_it.o
                0x00000000080026d0                MemManage_Handler
 .text.BusFault_Handler
                0x00000000080026d6        0x6 ./Core/Src/stm32f4xx_it.o
                0x00000000080026d6                BusFault_Handler
 .text.UsageFault_Handler
                0x00000000080026dc        0x6 ./Core/Src/stm32f4xx_it.o
                0x00000000080026dc                UsageFault_Handler
 .text.SVC_Handler
                0x00000000080026e2        0xe ./Core/Src/stm32f4xx_it.o
                0x00000000080026e2                SVC_Handler
 .text.DebugMon_Handler
                0x00000000080026f0        0xe ./Core/Src/stm32f4xx_it.o
                0x00000000080026f0                DebugMon_Handler
 .text.PendSV_Handler
                0x00000000080026fe        0xe ./Core/Src/stm32f4xx_it.o
                0x00000000080026fe                PendSV_Handler
 .text.SysTick_Handler
                0x000000000800270c        0xe ./Core/Src/stm32f4xx_it.o
                0x000000000800270c                SysTick_Handler
 *fill*         0x000000000800271a        0x2 
 .text.TIM1_UP_TIM10_IRQHandler
                0x000000000800271c       0x38 ./Core/Src/stm32f4xx_it.o
                0x000000000800271c                TIM1_UP_TIM10_IRQHandler
 .text.SPI1_IRQHandler
                0x0000000008002754       0x14 ./Core/Src/stm32f4xx_it.o
                0x0000000008002754                SPI1_IRQHandler
 .text.USART1_IRQHandler
                0x0000000008002768      0x49c ./Core/Src/stm32f4xx_it.o
                0x0000000008002768                USART1_IRQHandler
 .text.OTG_FS_IRQHandler
                0x0000000008002c04       0x14 ./Core/Src/stm32f4xx_it.o
                0x0000000008002c04                OTG_FS_IRQHandler
 .text._sbrk    0x0000000008002c18       0x6c ./Core/Src/sysmem.o
                0x0000000008002c18                _sbrk
 .text.SystemInit
                0x0000000008002c84       0x24 ./Core/Src/system_stm32f4xx.o
                0x0000000008002c84                SystemInit
 .text.WIZCHIP_READ
                0x0000000008002ca8       0x98 ./Core/Src/w5500.o
                0x0000000008002ca8                WIZCHIP_READ
 .text.WIZCHIP_WRITE
                0x0000000008002d40       0x9c ./Core/Src/w5500.o
                0x0000000008002d40                WIZCHIP_WRITE
 .text.WIZCHIP_READ_BUF
                0x0000000008002ddc       0xc0 ./Core/Src/w5500.o
                0x0000000008002ddc                WIZCHIP_READ_BUF
 .text.WIZCHIP_WRITE_BUF
                0x0000000008002e9c       0xc0 ./Core/Src/w5500.o
                0x0000000008002e9c                WIZCHIP_WRITE_BUF
 .text.getSn_TX_FSR
                0x0000000008002f5c       0x96 ./Core/Src/w5500.o
                0x0000000008002f5c                getSn_TX_FSR
 .text.getSn_RX_RSR
                0x0000000008002ff2       0x96 ./Core/Src/w5500.o
                0x0000000008002ff2                getSn_RX_RSR
 .text.wiz_send_data
                0x0000000008003088       0xb8 ./Core/Src/w5500.o
                0x0000000008003088                wiz_send_data
 .text.wiz_recv_data
                0x0000000008003140       0xb8 ./Core/Src/w5500.o
                0x0000000008003140                wiz_recv_data
 .text.wizchip_cris_enter
                0x00000000080031f8        0xe ./Core/Src/wizchip_conf.o
                0x00000000080031f8                wizchip_cris_enter
 .text.wizchip_cris_exit
                0x0000000008003206        0xe ./Core/Src/wizchip_conf.o
                0x0000000008003206                wizchip_cris_exit
 .text.wizchip_cs_select
                0x0000000008003214        0xe ./Core/Src/wizchip_conf.o
                0x0000000008003214                wizchip_cs_select
 .text.wizchip_cs_deselect
                0x0000000008003222        0xe ./Core/Src/wizchip_conf.o
                0x0000000008003222                wizchip_cs_deselect
 .text.wizchip_bus_readdata
                0x0000000008003230       0x1a ./Core/Src/wizchip_conf.o
                0x0000000008003230                wizchip_bus_readdata
 .text.wizchip_bus_writedata
                0x000000000800324a       0x1e ./Core/Src/wizchip_conf.o
                0x000000000800324a                wizchip_bus_writedata
 .text.wizchip_spi_readbyte
                0x0000000008003268       0x10 ./Core/Src/wizchip_conf.o
                0x0000000008003268                wizchip_spi_readbyte
 .text.wizchip_spi_writebyte
                0x0000000008003278       0x16 ./Core/Src/wizchip_conf.o
                0x0000000008003278                wizchip_spi_writebyte
 .text.wizchip_spi_readburst
                0x000000000800328e       0x18 ./Core/Src/wizchip_conf.o
                0x000000000800328e                wizchip_spi_readburst
 .text.wizchip_spi_writeburst
                0x00000000080032a6       0x18 ./Core/Src/wizchip_conf.o
                0x00000000080032a6                wizchip_spi_writeburst
 *fill*         0x00000000080032be        0x2 
 .text.reg_wizchip_cs_cbfunc
                0x00000000080032c0       0x4c ./Core/Src/wizchip_conf.o
                0x00000000080032c0                reg_wizchip_cs_cbfunc
 .text.reg_wizchip_spi_cbfunc
                0x000000000800330c       0x58 ./Core/Src/wizchip_conf.o
                0x000000000800330c                reg_wizchip_spi_cbfunc
 .text.reg_wizchip_spiburst_cbfunc
                0x0000000008003364       0x58 ./Core/Src/wizchip_conf.o
                0x0000000008003364                reg_wizchip_spiburst_cbfunc
 .text.ctlnetwork
                0x00000000080033bc       0x7c ./Core/Src/wizchip_conf.o
                0x00000000080033bc                ctlnetwork
 .text.wizchip_sw_reset
                0x0000000008003438       0x98 ./Core/Src/wizchip_conf.o
                0x0000000008003438                wizchip_sw_reset
 .text.wizchip_init
                0x00000000080034d0      0x118 ./Core/Src/wizchip_conf.o
                0x00000000080034d0                wizchip_init
 .text.wizchip_setnetinfo
                0x00000000080035e8       0x80 ./Core/Src/wizchip_conf.o
                0x00000000080035e8                wizchip_setnetinfo
 .text.wizchip_getnetinfo
                0x0000000008003668       0x80 ./Core/Src/wizchip_conf.o
                0x0000000008003668                wizchip_getnetinfo
 .text.wizchip_setnetmode
                0x00000000080036e8       0x44 ./Core/Src/wizchip_conf.o
                0x00000000080036e8                wizchip_setnetmode
 .text.wizchip_getnetmode
                0x000000000800372c       0x10 ./Core/Src/wizchip_conf.o
                0x000000000800372c                wizchip_getnetmode
 .text.wizchip_settimeout
                0x000000000800373c       0x42 ./Core/Src/wizchip_conf.o
                0x000000000800373c                wizchip_settimeout
 .text.wizchip_gettimeout
                0x000000000800377e       0x44 ./Core/Src/wizchip_conf.o
                0x000000000800377e                wizchip_gettimeout
 *fill*         0x00000000080037c2        0x2 
 .text.Reset_Handler
                0x00000000080037c4       0x50 ./Core/Startup/startup_stm32f401ccux.o
                0x00000000080037c4                Reset_Handler
 .text.Default_Handler
                0x0000000008003814        0x2 ./Core/Startup/startup_stm32f401ccux.o
                0x0000000008003814                RTC_Alarm_IRQHandler
                0x0000000008003814                EXTI2_IRQHandler
                0x0000000008003814                SPI4_IRQHandler
                0x0000000008003814                TIM1_CC_IRQHandler
                0x0000000008003814                DMA2_Stream5_IRQHandler
                0x0000000008003814                DMA1_Stream5_IRQHandler
                0x0000000008003814                PVD_IRQHandler
                0x0000000008003814                SDIO_IRQHandler
                0x0000000008003814                TAMP_STAMP_IRQHandler
                0x0000000008003814                EXTI3_IRQHandler
                0x0000000008003814                I2C3_ER_IRQHandler
                0x0000000008003814                EXTI0_IRQHandler
                0x0000000008003814                I2C2_EV_IRQHandler
                0x0000000008003814                DMA1_Stream2_IRQHandler
                0x0000000008003814                FPU_IRQHandler
                0x0000000008003814                DMA2_Stream2_IRQHandler
                0x0000000008003814                TIM1_BRK_TIM9_IRQHandler
                0x0000000008003814                DMA2_Stream3_IRQHandler
                0x0000000008003814                USART6_IRQHandler
                0x0000000008003814                DMA2_Stream0_IRQHandler
                0x0000000008003814                TIM4_IRQHandler
                0x0000000008003814                I2C1_EV_IRQHandler
                0x0000000008003814                DMA1_Stream6_IRQHandler
                0x0000000008003814                DMA1_Stream1_IRQHandler
                0x0000000008003814                TIM3_IRQHandler
                0x0000000008003814                RCC_IRQHandler
                0x0000000008003814                Default_Handler
                0x0000000008003814                EXTI15_10_IRQHandler
                0x0000000008003814                ADC_IRQHandler
                0x0000000008003814                DMA1_Stream7_IRQHandler
                0x0000000008003814                TIM5_IRQHandler
                0x0000000008003814                DMA2_Stream7_IRQHandler
                0x0000000008003814                I2C3_EV_IRQHandler
                0x0000000008003814                EXTI9_5_IRQHandler
                0x0000000008003814                RTC_WKUP_IRQHandler
                0x0000000008003814                SPI2_IRQHandler
                0x0000000008003814                DMA1_Stream0_IRQHandler
                0x0000000008003814                EXTI4_IRQHandler
                0x0000000008003814                WWDG_IRQHandler
                0x0000000008003814                TIM2_IRQHandler
                0x0000000008003814                OTG_FS_WKUP_IRQHandler
                0x0000000008003814                TIM1_TRG_COM_TIM11_IRQHandler
                0x0000000008003814                EXTI1_IRQHandler
                0x0000000008003814                USART2_IRQHandler
                0x0000000008003814                I2C2_ER_IRQHandler
                0x0000000008003814                DMA2_Stream1_IRQHandler
                0x0000000008003814                FLASH_IRQHandler
                0x0000000008003814                DMA2_Stream4_IRQHandler
                0x0000000008003814                SPI3_IRQHandler
                0x0000000008003814                DMA1_Stream4_IRQHandler
                0x0000000008003814                I2C1_ER_IRQHandler
                0x0000000008003814                DMA2_Stream6_IRQHandler
                0x0000000008003814                DMA1_Stream3_IRQHandler
 *fill*         0x0000000008003816        0x2 
 .text.HAL_Init
                0x0000000008003818       0x44 ./Drivers/STM32F4xx_HAL_Driver/Src/stm32f4xx_hal.o
                0x0000000008003818                HAL_Init
 .text.HAL_IncTick
                0x000000000800385c       0x28 ./Drivers/STM32F4xx_HAL_Driver/Src/stm32f4xx_hal.o
                0x000000000800385c                HAL_IncTick
 .text.HAL_GetTick
                0x0000000008003884       0x18 ./Drivers/STM32F4xx_HAL_Driver/Src/stm32f4xx_hal.o
                0x0000000008003884                HAL_GetTick
 .text.HAL_Delay
                0x000000000800389c       0x48 ./Drivers/STM32F4xx_HAL_Driver/Src/stm32f4xx_hal.o
                0x000000000800389c                HAL_Delay
 .text.__NVIC_SetPriorityGrouping
                0x00000000080038e4       0x48 ./Drivers/STM32F4xx_HAL_Driver/Src/stm32f4xx_hal_cortex.o
 .text.__NVIC_GetPriorityGrouping
                0x000000000800392c       0x1c ./Drivers/STM32F4xx_HAL_Driver/Src/stm32f4xx_hal_cortex.o
 .text.__NVIC_EnableIRQ
                0x0000000008003948       0x3c ./Drivers/STM32F4xx_HAL_Driver/Src/stm32f4xx_hal_cortex.o
 .text.__NVIC_SetPriority
                0x0000000008003984       0x54 ./Drivers/STM32F4xx_HAL_Driver/Src/stm32f4xx_hal_cortex.o
 .text.NVIC_EncodePriority
                0x00000000080039d8       0x66 ./Drivers/STM32F4xx_HAL_Driver/Src/stm32f4xx_hal_cortex.o
 .text.HAL_NVIC_SetPriorityGrouping
                0x0000000008003a3e       0x16 ./Drivers/STM32F4xx_HAL_Driver/Src/stm32f4xx_hal_cortex.o
                0x0000000008003a3e                HAL_NVIC_SetPriorityGrouping
 .text.HAL_NVIC_SetPriority
                0x0000000008003a54       0x38 ./Drivers/STM32F4xx_HAL_Driver/Src/stm32f4xx_hal_cortex.o
                0x0000000008003a54                HAL_NVIC_SetPriority
 .text.HAL_NVIC_EnableIRQ
                0x0000000008003a8c       0x1c ./Drivers/STM32F4xx_HAL_Driver/Src/stm32f4xx_hal_cortex.o
                0x0000000008003a8c                HAL_NVIC_EnableIRQ
 .text.HAL_DMA_Abort_IT
                0x0000000008003aa8       0x44 ./Drivers/STM32F4xx_HAL_Driver/Src/stm32f4xx_hal_dma.o
                0x0000000008003aa8                HAL_DMA_Abort_IT
 .text.HAL_GPIO_Init
                0x0000000008003aec      0x308 ./Drivers/STM32F4xx_HAL_Driver/Src/stm32f4xx_hal_gpio.o
                0x0000000008003aec                HAL_GPIO_Init
 .text.HAL_GPIO_WritePin
                0x0000000008003df4       0x32 ./Drivers/STM32F4xx_HAL_Driver/Src/stm32f4xx_hal_gpio.o
                0x0000000008003df4                HAL_GPIO_WritePin
 .text.HAL_PCD_Init
                0x0000000008003e26      0x23a ./Drivers/STM32F4xx_HAL_Driver/Src/stm32f4xx_hal_pcd.o
                0x0000000008003e26                HAL_PCD_Init
 .text.HAL_PCD_Start
                0x0000000008004060       0x66 ./Drivers/STM32F4xx_HAL_Driver/Src/stm32f4xx_hal_pcd.o
                0x0000000008004060                HAL_PCD_Start
 .text.HAL_PCD_IRQHandler
                0x00000000080040c6      0x93e ./Drivers/STM32F4xx_HAL_Driver/Src/stm32f4xx_hal_pcd.o
                0x00000000080040c6                HAL_PCD_IRQHandler
 .text.HAL_PCD_SetAddress
                0x0000000008004a04       0x4a ./Drivers/STM32F4xx_HAL_Driver/Src/stm32f4xx_hal_pcd.o
                0x0000000008004a04                HAL_PCD_SetAddress
 .text.HAL_PCD_EP_Open
                0x0000000008004a4e       0xd0 ./Drivers/STM32F4xx_HAL_Driver/Src/stm32f4xx_hal_pcd.o
                0x0000000008004a4e                HAL_PCD_EP_Open
 .text.HAL_PCD_EP_Close
                0x0000000008004b1e       0x94 ./Drivers/STM32F4xx_HAL_Driver/Src/stm32f4xx_hal_pcd.o
                0x0000000008004b1e                HAL_PCD_EP_Close
 .text.HAL_PCD_EP_Receive
                0x0000000008004bb2       0x96 ./Drivers/STM32F4xx_HAL_Driver/Src/stm32f4xx_hal_pcd.o
                0x0000000008004bb2                HAL_PCD_EP_Receive
 .text.HAL_PCD_EP_GetRxCount
                0x0000000008004c48       0x30 ./Drivers/STM32F4xx_HAL_Driver/Src/stm32f4xx_hal_pcd.o
                0x0000000008004c48                HAL_PCD_EP_GetRxCount
 .text.HAL_PCD_EP_Transmit
                0x0000000008004c78       0x94 ./Drivers/STM32F4xx_HAL_Driver/Src/stm32f4xx_hal_pcd.o
                0x0000000008004c78                HAL_PCD_EP_Transmit
 .text.HAL_PCD_EP_SetStall
                0x0000000008004d0c       0xc8 ./Drivers/STM32F4xx_HAL_Driver/Src/stm32f4xx_hal_pcd.o
                0x0000000008004d0c                HAL_PCD_EP_SetStall
 .text.HAL_PCD_EP_ClrStall
                0x0000000008004dd4       0xac ./Drivers/STM32F4xx_HAL_Driver/Src/stm32f4xx_hal_pcd.o
                0x0000000008004dd4                HAL_PCD_EP_ClrStall
 .text.HAL_PCD_EP_Abort
                0x0000000008004e80       0x62 ./Drivers/STM32F4xx_HAL_Driver/Src/stm32f4xx_hal_pcd.o
                0x0000000008004e80                HAL_PCD_EP_Abort
 .text.PCD_WriteEmptyTxFifo
                0x0000000008004ee2      0x11a ./Drivers/STM32F4xx_HAL_Driver/Src/stm32f4xx_hal_pcd.o
 .text.PCD_EP_OutXfrComplete_int
                0x0000000008004ffc      0x1d0 ./Drivers/STM32F4xx_HAL_Driver/Src/stm32f4xx_hal_pcd.o
 .text.PCD_EP_OutSetupPacket_int
                0x00000000080051cc       0x8c ./Drivers/STM32F4xx_HAL_Driver/Src/stm32f4xx_hal_pcd.o
 .text.HAL_PCDEx_SetTxFiFo
                0x0000000008005258       0x8e ./Drivers/STM32F4xx_HAL_Driver/Src/stm32f4xx_hal_pcd_ex.o
                0x0000000008005258                HAL_PCDEx_SetTxFiFo
 .text.HAL_PCDEx_SetRxFiFo
                0x00000000080052e6       0x22 ./Drivers/STM32F4xx_HAL_Driver/Src/stm32f4xx_hal_pcd_ex.o
                0x00000000080052e6                HAL_PCDEx_SetRxFiFo
 .text.HAL_PCDEx_LPM_Callback
                0x0000000008005308       0x18 ./Drivers/STM32F4xx_HAL_Driver/Src/stm32f4xx_hal_pcd_ex.o
                0x0000000008005308                HAL_PCDEx_LPM_Callback
 .text.HAL_RCC_OscConfig
                0x0000000008005320      0x4f0 ./Drivers/STM32F4xx_HAL_Driver/Src/stm32f4xx_hal_rcc.o
                0x0000000008005320                HAL_RCC_OscConfig
 .text.HAL_RCC_ClockConfig
                0x0000000008005810      0x1cc ./Drivers/STM32F4xx_HAL_Driver/Src/stm32f4xx_hal_rcc.o
                0x0000000008005810                HAL_RCC_ClockConfig
 .text.HAL_RCC_EnableCSS
                0x00000000080059dc       0x18 ./Drivers/STM32F4xx_HAL_Driver/Src/stm32f4xx_hal_rcc.o
                0x00000000080059dc                HAL_RCC_EnableCSS
 .text.HAL_RCC_GetSysClockFreq
                0x00000000080059f4      0x18c ./Drivers/STM32F4xx_HAL_Driver/Src/stm32f4xx_hal_rcc.o
                0x00000000080059f4                HAL_RCC_GetSysClockFreq
 .text.HAL_RCC_GetHCLKFreq
                0x0000000008005b80       0x18 ./Drivers/STM32F4xx_HAL_Driver/Src/stm32f4xx_hal_rcc.o
                0x0000000008005b80                HAL_RCC_GetHCLKFreq
 .text.HAL_RCC_GetPCLK2Freq
                0x0000000008005b98       0x28 ./Drivers/STM32F4xx_HAL_Driver/Src/stm32f4xx_hal_rcc.o
                0x0000000008005b98                HAL_RCC_GetPCLK2Freq
 .text.HAL_RCC_GetClockConfig
                0x0000000008005bc0       0x64 ./Drivers/STM32F4xx_HAL_Driver/Src/stm32f4xx_hal_rcc.o
                0x0000000008005bc0                HAL_RCC_GetClockConfig
 .text.HAL_RCC_NMI_IRQHandler
                0x0000000008005c24       0x28 ./Drivers/STM32F4xx_HAL_Driver/Src/stm32f4xx_hal_rcc.o
                0x0000000008005c24                HAL_RCC_NMI_IRQHandler
 .text.HAL_RCC_CSSCallback
                0x0000000008005c4c        0xe ./Drivers/STM32F4xx_HAL_Driver/Src/stm32f4xx_hal_rcc.o
                0x0000000008005c4c                HAL_RCC_CSSCallback
 .text.HAL_SPI_Init
                0x0000000008005c5a      0x112 ./Drivers/STM32F4xx_HAL_Driver/Src/stm32f4xx_hal_spi.o
                0x0000000008005c5a                HAL_SPI_Init
 .text.HAL_SPI_Transmit
                0x0000000008005d6c      0x278 ./Drivers/STM32F4xx_HAL_Driver/Src/stm32f4xx_hal_spi.o
                0x0000000008005d6c                HAL_SPI_Transmit
 .text.HAL_SPI_Receive
                0x0000000008005fe4      0x222 ./Drivers/STM32F4xx_HAL_Driver/Src/stm32f4xx_hal_spi.o
                0x0000000008005fe4                HAL_SPI_Receive
 .text.HAL_SPI_TransmitReceive
                0x0000000008006206      0x344 ./Drivers/STM32F4xx_HAL_Driver/Src/stm32f4xx_hal_spi.o
                0x0000000008006206                HAL_SPI_TransmitReceive
 *fill*         0x000000000800654a        0x2 
 .text.HAL_SPI_IRQHandler
                0x000000000800654c      0x1e8 ./Drivers/STM32F4xx_HAL_Driver/Src/stm32f4xx_hal_spi.o
                0x000000000800654c                HAL_SPI_IRQHandler
 .text.HAL_SPI_ErrorCallback
                0x0000000008006734       0x14 ./Drivers/STM32F4xx_HAL_Driver/Src/stm32f4xx_hal_spi.o
                0x0000000008006734                HAL_SPI_ErrorCallback
 .text.SPI_DMAAbortOnError
                0x0000000008006748       0x28 ./Drivers/STM32F4xx_HAL_Driver/Src/stm32f4xx_hal_spi.o
 .text.SPI_WaitFlagStateUntilTimeout
                0x0000000008006770      0x110 ./Drivers/STM32F4xx_HAL_Driver/Src/stm32f4xx_hal_spi.o
 .text.SPI_EndRxTransaction
                0x0000000008006880       0xca ./Drivers/STM32F4xx_HAL_Driver/Src/stm32f4xx_hal_spi.o
 *fill*         0x000000000800694a        0x2 
 .text.SPI_EndRxTxTransaction
                0x000000000800694c       0x84 ./Drivers/STM32F4xx_HAL_Driver/Src/stm32f4xx_hal_spi.o
 .text.HAL_TIM_Base_Init
                0x00000000080069d0       0x9e ./Drivers/STM32F4xx_HAL_Driver/Src/stm32f4xx_hal_tim.o
                0x00000000080069d0                HAL_TIM_Base_Init
 .text.HAL_TIM_Base_MspInit
                0x0000000008006a6e       0x14 ./Drivers/STM32F4xx_HAL_Driver/Src/stm32f4xx_hal_tim.o
                0x0000000008006a6e                HAL_TIM_Base_MspInit
 *fill*         0x0000000008006a82        0x2 
 .text.HAL_TIM_Base_Start_IT
                0x0000000008006a84       0xc4 ./Drivers/STM32F4xx_HAL_Driver/Src/stm32f4xx_hal_tim.o
                0x0000000008006a84                HAL_TIM_Base_Start_IT
 .text.HAL_TIM_IRQHandler
                0x0000000008006b48      0x210 ./Drivers/STM32F4xx_HAL_Driver/Src/stm32f4xx_hal_tim.o
                0x0000000008006b48                HAL_TIM_IRQHandler
 .text.HAL_TIM_OC_DelayElapsedCallback
                0x0000000008006d58       0x14 ./Drivers/STM32F4xx_HAL_Driver/Src/stm32f4xx_hal_tim.o
                0x0000000008006d58                HAL_TIM_OC_DelayElapsedCallback
 .text.HAL_TIM_IC_CaptureCallback
                0x0000000008006d6c       0x14 ./Drivers/STM32F4xx_HAL_Driver/Src/stm32f4xx_hal_tim.o
                0x0000000008006d6c                HAL_TIM_IC_CaptureCallback
 .text.HAL_TIM_PWM_PulseFinishedCallback
                0x0000000008006d80       0x14 ./Drivers/STM32F4xx_HAL_Driver/Src/stm32f4xx_hal_tim.o
                0x0000000008006d80                HAL_TIM_PWM_PulseFinishedCallback
 .text.HAL_TIM_TriggerCallback
                0x0000000008006d94       0x14 ./Drivers/STM32F4xx_HAL_Driver/Src/stm32f4xx_hal_tim.o
                0x0000000008006d94                HAL_TIM_TriggerCallback
 .text.TIM_Base_SetConfig
                0x0000000008006da8      0x100 ./Drivers/STM32F4xx_HAL_Driver/Src/stm32f4xx_hal_tim.o
                0x0000000008006da8                TIM_Base_SetConfig
 .text.HAL_TIMEx_CommutCallback
                0x0000000008006ea8       0x14 ./Drivers/STM32F4xx_HAL_Driver/Src/stm32f4xx_hal_tim_ex.o
                0x0000000008006ea8                HAL_TIMEx_CommutCallback
 .text.HAL_TIMEx_BreakCallback
                0x0000000008006ebc       0x14 ./Drivers/STM32F4xx_HAL_Driver/Src/stm32f4xx_hal_tim_ex.o
                0x0000000008006ebc                HAL_TIMEx_BreakCallback
 .text.LL_GPIO_SetPinMode
                0x0000000008006ed0       0x5e ./Drivers/STM32F4xx_HAL_Driver/Src/stm32f4xx_ll_gpio.o
 .text.LL_GPIO_SetPinOutputType
                0x0000000008006f2e       0x30 ./Drivers/STM32F4xx_HAL_Driver/Src/stm32f4xx_ll_gpio.o
 .text.LL_GPIO_SetPinSpeed
                0x0000000008006f5e       0x5e ./Drivers/STM32F4xx_HAL_Driver/Src/stm32f4xx_ll_gpio.o
 .text.LL_GPIO_SetPinPull
                0x0000000008006fbc       0x5e ./Drivers/STM32F4xx_HAL_Driver/Src/stm32f4xx_ll_gpio.o
 .text.LL_GPIO_SetAFPin_0_7
                0x000000000800701a       0x5e ./Drivers/STM32F4xx_HAL_Driver/Src/stm32f4xx_ll_gpio.o
 .text.LL_GPIO_SetAFPin_8_15
                0x0000000008007078       0x62 ./Drivers/STM32F4xx_HAL_Driver/Src/stm32f4xx_ll_gpio.o
 .text.LL_GPIO_Init
                0x00000000080070da       0xe6 ./Drivers/STM32F4xx_HAL_Driver/Src/stm32f4xx_ll_gpio.o
                0x00000000080070da                LL_GPIO_Init
 .text.LL_RCC_GetSysClkSource
                0x00000000080071c0       0x1c ./Drivers/STM32F4xx_HAL_Driver/Src/stm32f4xx_ll_rcc.o
 .text.LL_RCC_GetAHBPrescaler
                0x00000000080071dc       0x1c ./Drivers/STM32F4xx_HAL_Driver/Src/stm32f4xx_ll_rcc.o
 .text.LL_RCC_GetAPB1Prescaler
                0x00000000080071f8       0x1c ./Drivers/STM32F4xx_HAL_Driver/Src/stm32f4xx_ll_rcc.o
 .text.LL_RCC_GetAPB2Prescaler
                0x0000000008007214       0x1c ./Drivers/STM32F4xx_HAL_Driver/Src/stm32f4xx_ll_rcc.o
 .text.LL_RCC_PLL_GetMainSource
                0x0000000008007230       0x1c ./Drivers/STM32F4xx_HAL_Driver/Src/stm32f4xx_ll_rcc.o
 .text.LL_RCC_PLL_GetN
                0x000000000800724c       0x1c ./Drivers/STM32F4xx_HAL_Driver/Src/stm32f4xx_ll_rcc.o
 .text.LL_RCC_PLL_GetP
                0x0000000008007268       0x1c ./Drivers/STM32F4xx_HAL_Driver/Src/stm32f4xx_ll_rcc.o
 .text.LL_RCC_PLL_GetDivider
                0x0000000008007284       0x1c ./Drivers/STM32F4xx_HAL_Driver/Src/stm32f4xx_ll_rcc.o
 .text.LL_RCC_GetSystemClocksFreq
                0x00000000080072a0       0x4a ./Drivers/STM32F4xx_HAL_Driver/Src/stm32f4xx_ll_rcc.o
                0x00000000080072a0                LL_RCC_GetSystemClocksFreq
 *fill*         0x00000000080072ea        0x2 
 .text.RCC_GetSystemClockFreq
                0x00000000080072ec       0x50 ./Drivers/STM32F4xx_HAL_Driver/Src/stm32f4xx_ll_rcc.o
                0x00000000080072ec                RCC_GetSystemClockFreq
 .text.RCC_GetHCLKClockFreq
                0x000000000800733c       0x2c ./Drivers/STM32F4xx_HAL_Driver/Src/stm32f4xx_ll_rcc.o
                0x000000000800733c                RCC_GetHCLKClockFreq
 .text.RCC_GetPCLK1ClockFreq
                0x0000000008007368       0x28 ./Drivers/STM32F4xx_HAL_Driver/Src/stm32f4xx_ll_rcc.o
                0x0000000008007368                RCC_GetPCLK1ClockFreq
 .text.RCC_GetPCLK2ClockFreq
                0x0000000008007390       0x28 ./Drivers/STM32F4xx_HAL_Driver/Src/stm32f4xx_ll_rcc.o
                0x0000000008007390                RCC_GetPCLK2ClockFreq
 .text.RCC_PLL_GetFreqDomain_SYS
                0x00000000080073b8       0x7c ./Drivers/STM32F4xx_HAL_Driver/Src/stm32f4xx_ll_rcc.o
                0x00000000080073b8                RCC_PLL_GetFreqDomain_SYS
 .text.LL_TIM_SetPrescaler
                0x0000000008007434       0x1c ./Drivers/STM32F4xx_HAL_Driver/Src/stm32f4xx_ll_tim.o
 .text.LL_TIM_SetAutoReload
                0x0000000008007450       0x1c ./Drivers/STM32F4xx_HAL_Driver/Src/stm32f4xx_ll_tim.o
 .text.LL_TIM_SetRepetitionCounter
                0x000000000800746c       0x1c ./Drivers/STM32F4xx_HAL_Driver/Src/stm32f4xx_ll_tim.o
 .text.LL_TIM_GenerateEvent_UPDATE
                0x0000000008007488       0x20 ./Drivers/STM32F4xx_HAL_Driver/Src/stm32f4xx_ll_tim.o
 .text.LL_TIM_Init
                0x00000000080074a8       0xf4 ./Drivers/STM32F4xx_HAL_Driver/Src/stm32f4xx_ll_tim.o
                0x00000000080074a8                LL_TIM_Init
 .text.LL_USART_IsEnabled
                0x000000000800759c       0x28 ./Drivers/STM32F4xx_HAL_Driver/Src/stm32f4xx_ll_usart.o
 .text.LL_USART_SetStopBitsLength
                0x00000000080075c4       0x26 ./Drivers/STM32F4xx_HAL_Driver/Src/stm32f4xx_ll_usart.o
 .text.LL_USART_SetHWFlowCtrl
                0x00000000080075ea       0x26 ./Drivers/STM32F4xx_HAL_Driver/Src/stm32f4xx_ll_usart.o
 .text.LL_USART_SetBaudRate
                0x0000000008007610      0x45c ./Drivers/STM32F4xx_HAL_Driver/Src/stm32f4xx_ll_usart.o
 .text.LL_USART_Init
                0x0000000008007a6c       0xc8 ./Drivers/STM32F4xx_HAL_Driver/Src/stm32f4xx_ll_usart.o
                0x0000000008007a6c                LL_USART_Init
 .text.USB_CoreInit
                0x0000000008007b34       0xc2 ./Drivers/STM32F4xx_HAL_Driver/Src/stm32f4xx_ll_usb.o
                0x0000000008007b34                USB_CoreInit
 *fill*         0x0000000008007bf6        0x2 
 .text.USB_SetTurnaroundTime
                0x0000000008007bf8      0x144 ./Drivers/STM32F4xx_HAL_Driver/Src/stm32f4xx_ll_usb.o
                0x0000000008007bf8                USB_SetTurnaroundTime
 .text.USB_EnableGlobalInt
                0x0000000008007d3c       0x22 ./Drivers/STM32F4xx_HAL_Driver/Src/stm32f4xx_ll_usb.o
                0x0000000008007d3c                USB_EnableGlobalInt
 .text.USB_DisableGlobalInt
                0x0000000008007d5e       0x22 ./Drivers/STM32F4xx_HAL_Driver/Src/stm32f4xx_ll_usb.o
                0x0000000008007d5e                USB_DisableGlobalInt
 .text.USB_SetCurrentMode
                0x0000000008007d80       0x98 ./Drivers/STM32F4xx_HAL_Driver/Src/stm32f4xx_ll_usb.o
                0x0000000008007d80                USB_SetCurrentMode
 .text.USB_DevInit
                0x0000000008007e18      0x2c8 ./Drivers/STM32F4xx_HAL_Driver/Src/stm32f4xx_ll_usb.o
                0x0000000008007e18                USB_DevInit
 .text.USB_FlushTxFifo
                0x00000000080080e0       0x68 ./Drivers/STM32F4xx_HAL_Driver/Src/stm32f4xx_ll_usb.o
                0x00000000080080e0                USB_FlushTxFifo
 .text.USB_FlushRxFifo
                0x0000000008008148       0x60 ./Drivers/STM32F4xx_HAL_Driver/Src/stm32f4xx_ll_usb.o
                0x0000000008008148                USB_FlushRxFifo
 .text.USB_SetDevSpeed
                0x00000000080081a8       0x32 ./Drivers/STM32F4xx_HAL_Driver/Src/stm32f4xx_ll_usb.o
                0x00000000080081a8                USB_SetDevSpeed
 .text.USB_GetDevSpeed
                0x00000000080081da       0x4a ./Drivers/STM32F4xx_HAL_Driver/Src/stm32f4xx_ll_usb.o
                0x00000000080081da                USB_GetDevSpeed
 .text.USB_ActivateEndpoint
                0x0000000008008224      0x10e ./Drivers/STM32F4xx_HAL_Driver/Src/stm32f4xx_ll_usb.o
                0x0000000008008224                USB_ActivateEndpoint
 *fill*         0x0000000008008332        0x2 
 .text.USB_DeactivateEndpoint
                0x0000000008008334      0x1b8 ./Drivers/STM32F4xx_HAL_Driver/Src/stm32f4xx_ll_usb.o
                0x0000000008008334                USB_DeactivateEndpoint
 .text.USB_EPStartXfer
                0x00000000080084ec      0x490 ./Drivers/STM32F4xx_HAL_Driver/Src/stm32f4xx_ll_usb.o
                0x00000000080084ec                USB_EPStartXfer
 .text.USB_EP0StartXfer
                0x000000000800897c      0x2b0 ./Drivers/STM32F4xx_HAL_Driver/Src/stm32f4xx_ll_usb.o
                0x000000000800897c                USB_EP0StartXfer
 .text.USB_EPStopXfer
                0x0000000008008c2c      0x154 ./Drivers/STM32F4xx_HAL_Driver/Src/stm32f4xx_ll_usb.o
                0x0000000008008c2c                USB_EPStopXfer
 .text.USB_WritePacket
                0x0000000008008d80       0x7c ./Drivers/STM32F4xx_HAL_Driver/Src/stm32f4xx_ll_usb.o
                0x0000000008008d80                USB_WritePacket
 .text.USB_ReadPacket
                0x0000000008008dfc       0xb0 ./Drivers/STM32F4xx_HAL_Driver/Src/stm32f4xx_ll_usb.o
                0x0000000008008dfc                USB_ReadPacket
 .text.USB_EPSetStall
                0x0000000008008eac       0xdc ./Drivers/STM32F4xx_HAL_Driver/Src/stm32f4xx_ll_usb.o
                0x0000000008008eac                USB_EPSetStall
 .text.USB_EPClearStall
                0x0000000008008f88       0xcc ./Drivers/STM32F4xx_HAL_Driver/Src/stm32f4xx_ll_usb.o
                0x0000000008008f88                USB_EPClearStall
 .text.USB_SetDevAddress
                0x0000000008009054       0x4c ./Drivers/STM32F4xx_HAL_Driver/Src/stm32f4xx_ll_usb.o
                0x0000000008009054                USB_SetDevAddress
 .text.USB_DevConnect
                0x00000000080090a0       0x42 ./Drivers/STM32F4xx_HAL_Driver/Src/stm32f4xx_ll_usb.o
                0x00000000080090a0                USB_DevConnect
 .text.USB_DevDisconnect
                0x00000000080090e2       0x42 ./Drivers/STM32F4xx_HAL_Driver/Src/stm32f4xx_ll_usb.o
                0x00000000080090e2                USB_DevDisconnect
 .text.USB_ReadInterrupts
                0x0000000008009124       0x26 ./Drivers/STM32F4xx_HAL_Driver/Src/stm32f4xx_ll_usb.o
                0x0000000008009124                USB_ReadInterrupts
 .text.USB_ReadDevAllOutEpInterrupt
                0x000000000800914a       0x34 ./Drivers/STM32F4xx_HAL_Driver/Src/stm32f4xx_ll_usb.o
                0x000000000800914a                USB_ReadDevAllOutEpInterrupt
 .text.USB_ReadDevAllInEpInterrupt
                0x000000000800917e       0x34 ./Drivers/STM32F4xx_HAL_Driver/Src/stm32f4xx_ll_usb.o
                0x000000000800917e                USB_ReadDevAllInEpInterrupt
 .text.USB_ReadDevOutEPInterrupt
                0x00000000080091b2       0x3c ./Drivers/STM32F4xx_HAL_Driver/Src/stm32f4xx_ll_usb.o
                0x00000000080091b2                USB_ReadDevOutEPInterrupt
 .text.USB_ReadDevInEPInterrupt
                0x00000000080091ee       0x5c ./Drivers/STM32F4xx_HAL_Driver/Src/stm32f4xx_ll_usb.o
                0x00000000080091ee                USB_ReadDevInEPInterrupt
 .text.USB_GetMode
                0x000000000800924a       0x1c ./Drivers/STM32F4xx_HAL_Driver/Src/stm32f4xx_ll_usb.o
                0x000000000800924a                USB_GetMode
 .text.USB_ActivateSetup
                0x0000000008009266       0x46 ./Drivers/STM32F4xx_HAL_Driver/Src/stm32f4xx_ll_usb.o
                0x0000000008009266                USB_ActivateSetup
 .text.USB_EP0_OutStart
                0x00000000080092ac       0xbc ./Drivers/STM32F4xx_HAL_Driver/Src/stm32f4xx_ll_usb.o
                0x00000000080092ac                USB_EP0_OutStart
 .text.USB_CoreReset
                0x0000000008009368       0x68 ./Drivers/STM32F4xx_HAL_Driver/Src/stm32f4xx_ll_usb.o
 .text.USBD_CDC_Init
                0x00000000080093d0      0x1f0 ./Middlewares/ST/STM32_USB_Device_Library/Class/CDC/Src/usbd_cdc.o
 .text.USBD_CDC_DeInit
                0x00000000080095c0      0x104 ./Middlewares/ST/STM32_USB_Device_Library/Class/CDC/Src/usbd_cdc.o
 .text.USBD_CDC_Setup
                0x00000000080096c4      0x1b8 ./Middlewares/ST/STM32_USB_Device_Library/Class/CDC/Src/usbd_cdc.o
 .text.USBD_CDC_DataIn
                0x000000000800987c       0xfe ./Middlewares/ST/STM32_USB_Device_Library/Class/CDC/Src/usbd_cdc.o
 .text.USBD_CDC_DataOut
                0x000000000800997a       0x70 ./Middlewares/ST/STM32_USB_Device_Library/Class/CDC/Src/usbd_cdc.o
 .text.USBD_CDC_EP0_RxReady
                0x00000000080099ea       0x76 ./Middlewares/ST/STM32_USB_Device_Library/Class/CDC/Src/usbd_cdc.o
 .text.USBD_CDC_GetFSCfgDesc
                0x0000000008009a60       0x70 ./Middlewares/ST/STM32_USB_Device_Library/Class/CDC/Src/usbd_cdc.o
 .text.USBD_CDC_GetHSCfgDesc
                0x0000000008009ad0       0x70 ./Middlewares/ST/STM32_USB_Device_Library/Class/CDC/Src/usbd_cdc.o
 .text.USBD_CDC_GetOtherSpeedCfgDesc
                0x0000000008009b40       0x70 ./Middlewares/ST/STM32_USB_Device_Library/Class/CDC/Src/usbd_cdc.o
 .text.USBD_CDC_GetDeviceQualifierDescriptor
                0x0000000008009bb0       0x20 ./Middlewares/ST/STM32_USB_Device_Library/Class/CDC/Src/usbd_cdc.o
                0x0000000008009bb0                USBD_CDC_GetDeviceQualifierDescriptor
 .text.USBD_CDC_RegisterInterface
                0x0000000008009bd0       0x34 ./Middlewares/ST/STM32_USB_Device_Library/Class/CDC/Src/usbd_cdc.o
                0x0000000008009bd0                USBD_CDC_RegisterInterface
 .text.USBD_CDC_SetTxBuffer
                0x0000000008009c04       0x44 ./Middlewares/ST/STM32_USB_Device_Library/Class/CDC/Src/usbd_cdc.o
                0x0000000008009c04                USBD_CDC_SetTxBuffer
 .text.USBD_CDC_SetRxBuffer
                0x0000000008009c48       0x3a ./Middlewares/ST/STM32_USB_Device_Library/Class/CDC/Src/usbd_cdc.o
                0x0000000008009c48                USBD_CDC_SetRxBuffer
 *fill*         0x0000000008009c82        0x2 
 .text.USBD_CDC_TransmitPacket
                0x0000000008009c84       0x8c ./Middlewares/ST/STM32_USB_Device_Library/Class/CDC/Src/usbd_cdc.o
                0x0000000008009c84                USBD_CDC_TransmitPacket
 .text.USBD_CDC_ReceivePacket
                0x0000000008009d10       0x6c ./Middlewares/ST/STM32_USB_Device_Library/Class/CDC/Src/usbd_cdc.o
                0x0000000008009d10                USBD_CDC_ReceivePacket
 .text.USBD_Init
                0x0000000008009d7c       0x60 ./Middlewares/ST/STM32_USB_Device_Library/Core/Src/usbd_core.o
                0x0000000008009d7c                USBD_Init
 .text.USBD_RegisterClass
                0x0000000008009ddc       0x6c ./Middlewares/ST/STM32_USB_Device_Library/Core/Src/usbd_core.o
                0x0000000008009ddc                USBD_RegisterClass
 .text.USBD_Start
                0x0000000008009e48       0x18 ./Middlewares/ST/STM32_USB_Device_Library/Core/Src/usbd_core.o
                0x0000000008009e48                USBD_Start
 .text.USBD_RunTestMode
                0x0000000008009e60       0x16 ./Middlewares/ST/STM32_USB_Device_Library/Core/Src/usbd_core.o
                0x0000000008009e60                USBD_RunTestMode
 .text.USBD_SetClassConfig
                0x0000000008009e76       0x38 ./Middlewares/ST/STM32_USB_Device_Library/Core/Src/usbd_core.o
                0x0000000008009e76                USBD_SetClassConfig
 .text.USBD_ClrClassConfig
                0x0000000008009eae       0x34 ./Middlewares/ST/STM32_USB_Device_Library/Core/Src/usbd_core.o
                0x0000000008009eae                USBD_ClrClassConfig
 .text.USBD_LL_SetupStage
                0x0000000008009ee2       0xaa ./Middlewares/ST/STM32_USB_Device_Library/Core/Src/usbd_core.o
                0x0000000008009ee2                USBD_LL_SetupStage
 .text.USBD_LL_DataOutStage
                0x0000000008009f8c      0x166 ./Middlewares/ST/STM32_USB_Device_Library/Core/Src/usbd_core.o
                0x0000000008009f8c                USBD_LL_DataOutStage
 .text.USBD_LL_DataInStage
                0x000000000800a0f2      0x164 ./Middlewares/ST/STM32_USB_Device_Library/Core/Src/usbd_core.o
                0x000000000800a0f2                USBD_LL_DataInStage
 .text.USBD_LL_Reset
                0x000000000800a256       0xa4 ./Middlewares/ST/STM32_USB_Device_Library/Core/Src/usbd_core.o
                0x000000000800a256                USBD_LL_Reset
 .text.USBD_LL_SetSpeed
                0x000000000800a2fa       0x20 ./Middlewares/ST/STM32_USB_Device_Library/Core/Src/usbd_core.o
                0x000000000800a2fa                USBD_LL_SetSpeed
 .text.USBD_LL_Suspend
                0x000000000800a31a       0x2c ./Middlewares/ST/STM32_USB_Device_Library/Core/Src/usbd_core.o
                0x000000000800a31a                USBD_LL_Suspend
 .text.USBD_LL_Resume
                0x000000000800a346       0x30 ./Middlewares/ST/STM32_USB_Device_Library/Core/Src/usbd_core.o
                0x000000000800a346                USBD_LL_Resume
 .text.USBD_LL_SOF
                0x000000000800a376       0x40 ./Middlewares/ST/STM32_USB_Device_Library/Core/Src/usbd_core.o
                0x000000000800a376                USBD_LL_SOF
 .text.USBD_LL_IsoINIncomplete
                0x000000000800a3b6       0x64 ./Middlewares/ST/STM32_USB_Device_Library/Core/Src/usbd_core.o
                0x000000000800a3b6                USBD_LL_IsoINIncomplete
 .text.USBD_LL_IsoOUTIncomplete
                0x000000000800a41a       0x64 ./Middlewares/ST/STM32_USB_Device_Library/Core/Src/usbd_core.o
                0x000000000800a41a                USBD_LL_IsoOUTIncomplete
 .text.USBD_LL_DevConnected
                0x000000000800a47e       0x16 ./Middlewares/ST/STM32_USB_Device_Library/Core/Src/usbd_core.o
                0x000000000800a47e                USBD_LL_DevConnected
 .text.USBD_LL_DevDisconnected
                0x000000000800a494       0x46 ./Middlewares/ST/STM32_USB_Device_Library/Core/Src/usbd_core.o
                0x000000000800a494                USBD_LL_DevDisconnected
 .text.USBD_CoreFindIF
                0x000000000800a4da       0x1a ./Middlewares/ST/STM32_USB_Device_Library/Core/Src/usbd_core.o
                0x000000000800a4da                USBD_CoreFindIF
 .text.USBD_CoreFindEP
                0x000000000800a4f4       0x1a ./Middlewares/ST/STM32_USB_Device_Library/Core/Src/usbd_core.o
                0x000000000800a4f4                USBD_CoreFindEP
 .text.USBD_GetEpDesc
                0x000000000800a50e       0x74 ./Middlewares/ST/STM32_USB_Device_Library/Core/Src/usbd_core.o
                0x000000000800a50e                USBD_GetEpDesc
 .text.USBD_GetNextDesc
                0x000000000800a582       0x3a ./Middlewares/ST/STM32_USB_Device_Library/Core/Src/usbd_core.o
                0x000000000800a582                USBD_GetNextDesc
 .text.SWAPBYTE
                0x000000000800a5bc       0x3c ./Middlewares/ST/STM32_USB_Device_Library/Core/Src/usbd_ctlreq.o
 .text.USBD_StdDevReq
                0x000000000800a5f8       0xe4 ./Middlewares/ST/STM32_USB_Device_Library/Core/Src/usbd_ctlreq.o
                0x000000000800a5f8                USBD_StdDevReq
 .text.USBD_StdItfReq
                0x000000000800a6dc       0xd8 ./Middlewares/ST/STM32_USB_Device_Library/Core/Src/usbd_ctlreq.o
                0x000000000800a6dc                USBD_StdItfReq
 .text.USBD_StdEPReq
                0x000000000800a7b4      0x33a ./Middlewares/ST/STM32_USB_Device_Library/Core/Src/usbd_ctlreq.o
                0x000000000800a7b4                USBD_StdEPReq
 *fill*         0x000000000800aaee        0x2 
 .text.USBD_GetDescriptor
                0x000000000800aaf0      0x2d4 ./Middlewares/ST/STM32_USB_Device_Library/Core/Src/usbd_ctlreq.o
 .text.USBD_SetAddress
                0x000000000800adc4       0x88 ./Middlewares/ST/STM32_USB_Device_Library/Core/Src/usbd_ctlreq.o
 .text.USBD_SetConfig
                0x000000000800ae4c      0x154 ./Middlewares/ST/STM32_USB_Device_Library/Core/Src/usbd_ctlreq.o
 .text.USBD_GetConfig
                0x000000000800afa0       0x6c ./Middlewares/ST/STM32_USB_Device_Library/Core/Src/usbd_ctlreq.o
 .text.USBD_GetStatus
                0x000000000800b00c       0x68 ./Middlewares/ST/STM32_USB_Device_Library/Core/Src/usbd_ctlreq.o
 .text.USBD_SetFeature
                0x000000000800b074       0x52 ./Middlewares/ST/STM32_USB_Device_Library/Core/Src/usbd_ctlreq.o
 .text.USBD_ClrFeature
                0x000000000800b0c6       0x44 ./Middlewares/ST/STM32_USB_Device_Library/Core/Src/usbd_ctlreq.o
 .text.USBD_ParseSetupRequest
                0x000000000800b10a       0x74 ./Middlewares/ST/STM32_USB_Device_Library/Core/Src/usbd_ctlreq.o
                0x000000000800b10a                USBD_ParseSetupRequest
 .text.USBD_CtlError
                0x000000000800b17e       0x22 ./Middlewares/ST/STM32_USB_Device_Library/Core/Src/usbd_ctlreq.o
                0x000000000800b17e                USBD_CtlError
 .text.USBD_GetString
                0x000000000800b1a0       0x8c ./Middlewares/ST/STM32_USB_Device_Library/Core/Src/usbd_ctlreq.o
                0x000000000800b1a0                USBD_GetString
 .text.USBD_GetLen
                0x000000000800b22c       0x34 ./Middlewares/ST/STM32_USB_Device_Library/Core/Src/usbd_ctlreq.o
 .text.USBD_CtlSendData
                0x000000000800b260       0x36 ./Middlewares/ST/STM32_USB_Device_Library/Core/Src/usbd_ioreq.o
                0x000000000800b260                USBD_CtlSendData
 .text.USBD_CtlContinueSendData
                0x000000000800b296       0x22 ./Middlewares/ST/STM32_USB_Device_Library/Core/Src/usbd_ioreq.o
                0x000000000800b296                USBD_CtlContinueSendData
 .text.USBD_CtlPrepareRx
                0x000000000800b2b8       0x3a ./Middlewares/ST/STM32_USB_Device_Library/Core/Src/usbd_ioreq.o
                0x000000000800b2b8                USBD_CtlPrepareRx
 .text.USBD_CtlContinueRx
                0x000000000800b2f2       0x22 ./Middlewares/ST/STM32_USB_Device_Library/Core/Src/usbd_ioreq.o
                0x000000000800b2f2                USBD_CtlContinueRx
 .text.USBD_CtlSendStatus
                0x000000000800b314       0x26 ./Middlewares/ST/STM32_USB_Device_Library/Core/Src/usbd_ioreq.o
                0x000000000800b314                USBD_CtlSendStatus
 .text.USBD_CtlReceiveStatus
                0x000000000800b33a       0x26 ./Middlewares/ST/STM32_USB_Device_Library/Core/Src/usbd_ioreq.o
                0x000000000800b33a                USBD_CtlReceiveStatus
 .text.MX_USB_DEVICE_Init
                0x000000000800b360       0x60 ./USB_DEVICE/App/usb_device.o
                0x000000000800b360                MX_USB_DEVICE_Init
 .text.CDC_Init_FS
                0x000000000800b3c0       0x28 ./USB_DEVICE/App/usbd_cdc_if.o
 .text.CDC_DeInit_FS
                0x000000000800b3e8       0x10 ./USB_DEVICE/App/usbd_cdc_if.o
 .text.CDC_Control_FS
                0x000000000800b3f8       0xbc ./USB_DEVICE/App/usbd_cdc_if.o
 .text.CDC_Receive_FS
                0x000000000800b4b4       0x28 ./USB_DEVICE/App/usbd_cdc_if.o
 .text.CDC_Transmit_FS
                0x000000000800b4dc       0x4c ./USB_DEVICE/App/usbd_cdc_if.o
                0x000000000800b4dc                CDC_Transmit_FS
 .text.CDC_TransmitCplt_FS
                0x000000000800b528       0x22 ./USB_DEVICE/App/usbd_cdc_if.o
 *fill*         0x000000000800b54a        0x2 
 .text.USBD_FS_DeviceDescriptor
                0x000000000800b54c       0x24 ./USB_DEVICE/App/usbd_desc.o
                0x000000000800b54c                USBD_FS_DeviceDescriptor
 .text.USBD_FS_LangIDStrDescriptor
                0x000000000800b570       0x24 ./USB_DEVICE/App/usbd_desc.o
                0x000000000800b570                USBD_FS_LangIDStrDescriptor
 .text.USBD_FS_ProductStrDescriptor
                0x000000000800b594       0x3c ./USB_DEVICE/App/usbd_desc.o
                0x000000000800b594                USBD_FS_ProductStrDescriptor
 .text.USBD_FS_ManufacturerStrDescriptor
                0x000000000800b5d0       0x28 ./USB_DEVICE/App/usbd_desc.o
                0x000000000800b5d0                USBD_FS_ManufacturerStrDescriptor
 .text.USBD_FS_SerialStrDescriptor
                0x000000000800b5f8       0x24 ./USB_DEVICE/App/usbd_desc.o
                0x000000000800b5f8                USBD_FS_SerialStrDescriptor
 .text.USBD_FS_ConfigStrDescriptor
                0x000000000800b61c       0x3c ./USB_DEVICE/App/usbd_desc.o
                0x000000000800b61c                USBD_FS_ConfigStrDescriptor
 .text.USBD_FS_InterfaceStrDescriptor
                0x000000000800b658       0x3c ./USB_DEVICE/App/usbd_desc.o
                0x000000000800b658                USBD_FS_InterfaceStrDescriptor
 .text.Get_SerialNum
                0x000000000800b694       0x58 ./USB_DEVICE/App/usbd_desc.o
 .text.IntToUnicode
                0x000000000800b6ec       0x7e ./USB_DEVICE/App/usbd_desc.o
 *fill*         0x000000000800b76a        0x2 
 .text.HAL_PCD_MspInit
                0x000000000800b76c       0xa8 ./USB_DEVICE/Target/usbd_conf.o
                0x000000000800b76c                HAL_PCD_MspInit
 .text.HAL_PCD_SetupStageCallback
                0x000000000800b814       0x24 ./USB_DEVICE/Target/usbd_conf.o
                0x000000000800b814                HAL_PCD_SetupStageCallback
 .text.HAL_PCD_DataOutStageCallback
                0x000000000800b838       0x36 ./USB_DEVICE/Target/usbd_conf.o
                0x000000000800b838                HAL_PCD_DataOutStageCallback
 .text.HAL_PCD_DataInStageCallback
                0x000000000800b86e       0x34 ./USB_DEVICE/Target/usbd_conf.o
                0x000000000800b86e                HAL_PCD_DataInStageCallback
 .text.HAL_PCD_SOFCallback
                0x000000000800b8a2       0x1c ./USB_DEVICE/Target/usbd_conf.o
                0x000000000800b8a2                HAL_PCD_SOFCallback
 .text.HAL_PCD_ResetCallback
                0x000000000800b8be       0x3c ./USB_DEVICE/Target/usbd_conf.o
                0x000000000800b8be                HAL_PCD_ResetCallback
 *fill*         0x000000000800b8fa        0x2 
 .text.HAL_PCD_SuspendCallback
                0x000000000800b8fc       0x4c ./USB_DEVICE/Target/usbd_conf.o
                0x000000000800b8fc                HAL_PCD_SuspendCallback
 .text.HAL_PCD_ResumeCallback
                0x000000000800b948       0x1c ./USB_DEVICE/Target/usbd_conf.o
                0x000000000800b948                HAL_PCD_ResumeCallback
 .text.HAL_PCD_ISOOUTIncompleteCallback
                0x000000000800b964       0x24 ./USB_DEVICE/Target/usbd_conf.o
                0x000000000800b964                HAL_PCD_ISOOUTIncompleteCallback
 .text.HAL_PCD_ISOINIncompleteCallback
                0x000000000800b988       0x24 ./USB_DEVICE/Target/usbd_conf.o
                0x000000000800b988                HAL_PCD_ISOINIncompleteCallback
 .text.HAL_PCD_ConnectCallback
                0x000000000800b9ac       0x1c ./USB_DEVICE/Target/usbd_conf.o
                0x000000000800b9ac                HAL_PCD_ConnectCallback
 .text.HAL_PCD_DisconnectCallback
                0x000000000800b9c8       0x1c ./USB_DEVICE/Target/usbd_conf.o
                0x000000000800b9c8                HAL_PCD_DisconnectCallback
 .text.USBD_LL_Init
                0x000000000800b9e4       0x98 ./USB_DEVICE/Target/usbd_conf.o
                0x000000000800b9e4                USBD_LL_Init
 .text.USBD_LL_Start
                0x000000000800ba7c       0x36 ./USB_DEVICE/Target/usbd_conf.o
                0x000000000800ba7c                USBD_LL_Start
 .text.USBD_LL_OpenEP
                0x000000000800bab2       0x4c ./USB_DEVICE/Target/usbd_conf.o
                0x000000000800bab2                USBD_LL_OpenEP
 .text.USBD_LL_CloseEP
                0x000000000800bafe       0x3e ./USB_DEVICE/Target/usbd_conf.o
                0x000000000800bafe                USBD_LL_CloseEP
 .text.USBD_LL_StallEP
                0x000000000800bb3c       0x3e ./USB_DEVICE/Target/usbd_conf.o
                0x000000000800bb3c                USBD_LL_StallEP
 .text.USBD_LL_ClearStallEP
                0x000000000800bb7a       0x3e ./USB_DEVICE/Target/usbd_conf.o
                0x000000000800bb7a                USBD_LL_ClearStallEP
 .text.USBD_LL_IsStallEP
                0x000000000800bbb8       0x58 ./USB_DEVICE/Target/usbd_conf.o
                0x000000000800bbb8                USBD_LL_IsStallEP
 .text.USBD_LL_SetUSBAddress
                0x000000000800bc10       0x3e ./USB_DEVICE/Target/usbd_conf.o
                0x000000000800bc10                USBD_LL_SetUSBAddress
 .text.USBD_LL_Transmit
                0x000000000800bc4e       0x42 ./USB_DEVICE/Target/usbd_conf.o
                0x000000000800bc4e                USBD_LL_Transmit
 .text.USBD_LL_PrepareReceive
                0x000000000800bc90       0x42 ./USB_DEVICE/Target/usbd_conf.o
                0x000000000800bc90                USBD_LL_PrepareReceive
 .text.USBD_LL_GetRxDataSize
                0x000000000800bcd2       0x26 ./USB_DEVICE/Target/usbd_conf.o
                0x000000000800bcd2                USBD_LL_GetRxDataSize
 .text.USBD_static_malloc
                0x000000000800bcf8       0x1c ./USB_DEVICE/Target/usbd_conf.o
                0x000000000800bcf8                USBD_static_malloc
 .text.USBD_static_free
                0x000000000800bd14       0x14 ./USB_DEVICE/Target/usbd_conf.o
                0x000000000800bd14                USBD_static_free
 .text.USBD_Get_USB_Status
                0x000000000800bd28       0x58 ./USB_DEVICE/Target/usbd_conf.o
                0x000000000800bd28                USBD_Get_USB_Status
 .text.sprintf  0x000000000800bd80       0x40 C:/ST/STM32CubeIDE_1.10.0/STM32CubeIDE/plugins/com.st.stm32cube.ide.mcu.externaltools.gnu-tools-for-stm32.11.3.rel1.win32_1.1.1.202309131626/tools/bin/../lib/gcc/arm-none-eabi/11.3.1/../../../../arm-none-eabi/lib/thumb/v7e-m+fp/hard\libc_nano.a(libc_a-sprintf.o)
                0x000000000800bd80                siprintf
                0x000000000800bd80                sprintf
 .text._vsnprintf_r
                0x000000000800bdc0       0x56 C:/ST/STM32CubeIDE_1.10.0/STM32CubeIDE/plugins/com.st.stm32cube.ide.mcu.externaltools.gnu-tools-for-stm32.11.3.rel1.win32_1.1.1.202309131626/tools/bin/../lib/gcc/arm-none-eabi/11.3.1/../../../../arm-none-eabi/lib/thumb/v7e-m+fp/hard\libc_nano.a(libc_a-vsnprintf.o)
                0x000000000800bdc0                _vsniprintf_r
                0x000000000800bdc0                _vsnprintf_r
 *fill*         0x000000000800be16        0x2 
 .text.vsnprintf
                0x000000000800be18       0x1c C:/ST/STM32CubeIDE_1.10.0/STM32CubeIDE/plugins/com.st.stm32cube.ide.mcu.externaltools.gnu-tools-for-stm32.11.3.rel1.win32_1.1.1.202309131626/tools/bin/../lib/gcc/arm-none-eabi/11.3.1/../../../../arm-none-eabi/lib/thumb/v7e-m+fp/hard\libc_nano.a(libc_a-vsnprintf.o)
                0x000000000800be18                vsniprintf
                0x000000000800be18                vsnprintf
 .text.memcmp   0x000000000800be34       0x20 C:/ST/STM32CubeIDE_1.10.0/STM32CubeIDE/plugins/com.st.stm32cube.ide.mcu.externaltools.gnu-tools-for-stm32.11.3.rel1.win32_1.1.1.202309131626/tools/bin/../lib/gcc/arm-none-eabi/11.3.1/../../../../arm-none-eabi/lib/thumb/v7e-m+fp/hard\libc_nano.a(libc_a-memcmp.o)
                0x000000000800be34                memcmp
 .text.memset   0x000000000800be54       0x10 C:/ST/STM32CubeIDE_1.10.0/STM32CubeIDE/plugins/com.st.stm32cube.ide.mcu.externaltools.gnu-tools-for-stm32.11.3.rel1.win32_1.1.1.202309131626/tools/bin/../lib/gcc/arm-none-eabi/11.3.1/../../../../arm-none-eabi/lib/thumb/v7e-m+fp/hard\libc_nano.a(libc_a-memset.o)
                0x000000000800be54                memset
 .text.strcat   0x000000000800be64       0x1e C:/ST/STM32CubeIDE_1.10.0/STM32CubeIDE/plugins/com.st.stm32cube.ide.mcu.externaltools.gnu-tools-for-stm32.11.3.rel1.win32_1.1.1.202309131626/tools/bin/../lib/gcc/arm-none-eabi/11.3.1/../../../../arm-none-eabi/lib/thumb/v7e-m+fp/hard\libc_nano.a(libc_a-strcat.o)
                0x000000000800be64                strcat
 .text.strncpy  0x000000000800be82       0x26 C:/ST/STM32CubeIDE_1.10.0/STM32CubeIDE/plugins/com.st.stm32cube.ide.mcu.externaltools.gnu-tools-for-stm32.11.3.rel1.win32_1.1.1.202309131626/tools/bin/../lib/gcc/arm-none-eabi/11.3.1/../../../../arm-none-eabi/lib/thumb/v7e-m+fp/hard\libc_nano.a(libc_a-strncpy.o)
                0x000000000800be82                strncpy
 .text.__errno  0x000000000800bea8        0xc C:/ST/STM32CubeIDE_1.10.0/STM32CubeIDE/plugins/com.st.stm32cube.ide.mcu.externaltools.gnu-tools-for-stm32.11.3.rel1.win32_1.1.1.202309131626/tools/bin/../lib/gcc/arm-none-eabi/11.3.1/../../../../arm-none-eabi/lib/thumb/v7e-m+fp/hard\libc_nano.a(libc_a-errno.o)
                0x000000000800bea8                __errno
 .text.__libc_init_array
                0x000000000800beb4       0x48 C:/ST/STM32CubeIDE_1.10.0/STM32CubeIDE/plugins/com.st.stm32cube.ide.mcu.externaltools.gnu-tools-for-stm32.11.3.rel1.win32_1.1.1.202309131626/tools/bin/../lib/gcc/arm-none-eabi/11.3.1/../../../../arm-none-eabi/lib/thumb/v7e-m+fp/hard\libc_nano.a(libc_a-init.o)
                0x000000000800beb4                __libc_init_array
 .text.__retarget_lock_acquire_recursive
                0x000000000800befc        0x2 C:/ST/STM32CubeIDE_1.10.0/STM32CubeIDE/plugins/com.st.stm32cube.ide.mcu.externaltools.gnu-tools-for-stm32.11.3.rel1.win32_1.1.1.202309131626/tools/bin/../lib/gcc/arm-none-eabi/11.3.1/../../../../arm-none-eabi/lib/thumb/v7e-m+fp/hard\libc_nano.a(libc_a-lock.o)
                0x000000000800befc                __retarget_lock_acquire_recursive
 .text.__retarget_lock_release_recursive
                0x000000000800befe        0x2 C:/ST/STM32CubeIDE_1.10.0/STM32CubeIDE/plugins/com.st.stm32cube.ide.mcu.externaltools.gnu-tools-for-stm32.11.3.rel1.win32_1.1.1.202309131626/tools/bin/../lib/gcc/arm-none-eabi/11.3.1/../../../../arm-none-eabi/lib/thumb/v7e-m+fp/hard\libc_nano.a(libc_a-lock.o)
                0x000000000800befe                __retarget_lock_release_recursive
 .text.strcpy   0x000000000800bf00       0x10 C:/ST/STM32CubeIDE_1.10.0/STM32CubeIDE/plugins/com.st.stm32cube.ide.mcu.externaltools.gnu-tools-for-stm32.11.3.rel1.win32_1.1.1.202309131626/tools/bin/../lib/gcc/arm-none-eabi/11.3.1/../../../../arm-none-eabi/lib/thumb/v7e-m+fp/hard\libc_nano.a(libc_a-strcpy.o)
                0x000000000800bf00                strcpy
 .text.memcpy   0x000000000800bf10       0x1c C:/ST/STM32CubeIDE_1.10.0/STM32CubeIDE/plugins/com.st.stm32cube.ide.mcu.externaltools.gnu-tools-for-stm32.11.3.rel1.win32_1.1.1.202309131626/tools/bin/../lib/gcc/arm-none-eabi/11.3.1/../../../../arm-none-eabi/lib/thumb/v7e-m+fp/hard\libc_nano.a(libc_a-memcpy-stub.o)
                0x000000000800bf10                memcpy
 .text._free_r  0x000000000800bf2c       0x98 C:/ST/STM32CubeIDE_1.10.0/STM32CubeIDE/plugins/com.st.stm32cube.ide.mcu.externaltools.gnu-tools-for-stm32.11.3.rel1.win32_1.1.1.202309131626/tools/bin/../lib/gcc/arm-none-eabi/11.3.1/../../../../arm-none-eabi/lib/thumb/v7e-m+fp/hard\libc_nano.a(libc_a-freer.o)
                0x000000000800bf2c                _free_r
 .text.sbrk_aligned
                0x000000000800bfc4       0x40 C:/ST/STM32CubeIDE_1.10.0/STM32CubeIDE/plugins/com.st.stm32cube.ide.mcu.externaltools.gnu-tools-for-stm32.11.3.rel1.win32_1.1.1.202309131626/tools/bin/../lib/gcc/arm-none-eabi/11.3.1/../../../../arm-none-eabi/lib/thumb/v7e-m+fp/hard\libc_nano.a(libc_a-mallocr.o)
 .text._malloc_r
                0x000000000800c004      0x100 C:/ST/STM32CubeIDE_1.10.0/STM32CubeIDE/plugins/com.st.stm32cube.ide.mcu.externaltools.gnu-tools-for-stm32.11.3.rel1.win32_1.1.1.202309131626/tools/bin/../lib/gcc/arm-none-eabi/11.3.1/../../../../arm-none-eabi/lib/thumb/v7e-m+fp/hard\libc_nano.a(libc_a-mallocr.o)
                0x000000000800c004                _malloc_r
 .text.__malloc_lock
                0x000000000800c104        0xc C:/ST/STM32CubeIDE_1.10.0/STM32CubeIDE/plugins/com.st.stm32cube.ide.mcu.externaltools.gnu-tools-for-stm32.11.3.rel1.win32_1.1.1.202309131626/tools/bin/../lib/gcc/arm-none-eabi/11.3.1/../../../../arm-none-eabi/lib/thumb/v7e-m+fp/hard\libc_nano.a(libc_a-mlock.o)
                0x000000000800c104                __malloc_lock
 .text.__malloc_unlock
                0x000000000800c110        0xc C:/ST/STM32CubeIDE_1.10.0/STM32CubeIDE/plugins/com.st.stm32cube.ide.mcu.externaltools.gnu-tools-for-stm32.11.3.rel1.win32_1.1.1.202309131626/tools/bin/../lib/gcc/arm-none-eabi/11.3.1/../../../../arm-none-eabi/lib/thumb/v7e-m+fp/hard\libc_nano.a(libc_a-mlock.o)
                0x000000000800c110                __malloc_unlock
 .text.__ssputs_r
                0x000000000800c11c       0xb4 C:/ST/STM32CubeIDE_1.10.0/STM32CubeIDE/plugins/com.st.stm32cube.ide.mcu.externaltools.gnu-tools-for-stm32.11.3.rel1.win32_1.1.1.202309131626/tools/bin/../lib/gcc/arm-none-eabi/11.3.1/../../../../arm-none-eabi/lib/thumb/v7e-m+fp/hard\libc_nano.a(libc_a-nano-svfprintf.o)
                0x000000000800c11c                __ssputs_r
 .text._svfprintf_r
                0x000000000800c1d0      0x1fc C:/ST/STM32CubeIDE_1.10.0/STM32CubeIDE/plugins/com.st.stm32cube.ide.mcu.externaltools.gnu-tools-for-stm32.11.3.rel1.win32_1.1.1.202309131626/tools/bin/../lib/gcc/arm-none-eabi/11.3.1/../../../../arm-none-eabi/lib/thumb/v7e-m+fp/hard\libc_nano.a(libc_a-nano-svfprintf.o)
                0x000000000800c1d0                _svfiprintf_r
                0x000000000800c1d0                _svfprintf_r
 .text._printf_common
                0x000000000800c3cc       0xda C:/ST/STM32CubeIDE_1.10.0/STM32CubeIDE/plugins/com.st.stm32cube.ide.mcu.externaltools.gnu-tools-for-stm32.11.3.rel1.win32_1.1.1.202309131626/tools/bin/../lib/gcc/arm-none-eabi/11.3.1/../../../../arm-none-eabi/lib/thumb/v7e-m+fp/hard\libc_nano.a(libc_a-nano-vfprintf_i.o)
                0x000000000800c3cc                _printf_common
 *fill*         0x000000000800c4a6        0x2 
 .text._printf_i
                0x000000000800c4a8      0x244 C:/ST/STM32CubeIDE_1.10.0/STM32CubeIDE/plugins/com.st.stm32cube.ide.mcu.externaltools.gnu-tools-for-stm32.11.3.rel1.win32_1.1.1.202309131626/tools/bin/../lib/gcc/arm-none-eabi/11.3.1/../../../../arm-none-eabi/lib/thumb/v7e-m+fp/hard\libc_nano.a(libc_a-nano-vfprintf_i.o)
                0x000000000800c4a8                _printf_i
 .text.memmove  0x000000000800c6ec       0x34 C:/ST/STM32CubeIDE_1.10.0/STM32CubeIDE/plugins/com.st.stm32cube.ide.mcu.externaltools.gnu-tools-for-stm32.11.3.rel1.win32_1.1.1.202309131626/tools/bin/../lib/gcc/arm-none-eabi/11.3.1/../../../../arm-none-eabi/lib/thumb/v7e-m+fp/hard\libc_nano.a(libc_a-memmove.o)
                0x000000000800c6ec                memmove
 .text._sbrk_r  0x000000000800c720       0x20 C:/ST/STM32CubeIDE_1.10.0/STM32CubeIDE/plugins/com.st.stm32cube.ide.mcu.externaltools.gnu-tools-for-stm32.11.3.rel1.win32_1.1.1.202309131626/tools/bin/../lib/gcc/arm-none-eabi/11.3.1/../../../../arm-none-eabi/lib/thumb/v7e-m+fp/hard\libc_nano.a(libc_a-sbrkr.o)
                0x000000000800c720                _sbrk_r
 .text._realloc_r
                0x000000000800c740       0x5e C:/ST/STM32CubeIDE_1.10.0/STM32CubeIDE/plugins/com.st.stm32cube.ide.mcu.externaltools.gnu-tools-for-stm32.11.3.rel1.win32_1.1.1.202309131626/tools/bin/../lib/gcc/arm-none-eabi/11.3.1/../../../../arm-none-eabi/lib/thumb/v7e-m+fp/hard\libc_nano.a(libc_a-reallocr.o)
                0x000000000800c740                _realloc_r
 .text._malloc_usable_size_r
                0x000000000800c79e       0x10 C:/ST/STM32CubeIDE_1.10.0/STM32CubeIDE/plugins/com.st.stm32cube.ide.mcu.externaltools.gnu-tools-for-stm32.11.3.rel1.win32_1.1.1.202309131626/tools/bin/../lib/gcc/arm-none-eabi/11.3.1/../../../../arm-none-eabi/lib/thumb/v7e-m+fp/hard\libc_nano.a(libc_a-msizer.o)
                0x000000000800c79e                _malloc_usable_size_r
 *(.glue_7)
 .glue_7        0x000000000800c7ae        0x0 linker stubs
 *(.glue_7t)
 .glue_7t       0x000000000800c7ae        0x0 linker stubs
 *(.eh_frame)
 *fill*         0x000000000800c7ae        0x2 
 .eh_frame      0x000000000800c7b0        0x0 C:/ST/STM32CubeIDE_1.10.0/STM32CubeIDE/plugins/com.st.stm32cube.ide.mcu.externaltools.gnu-tools-for-stm32.11.3.rel1.win32_1.1.1.202309131626/tools/bin/../lib/gcc/arm-none-eabi/11.3.1/thumb/v7e-m+fp/hard/crtbegin.o
 *(.init)
 .init          0x000000000800c7b0        0x4 C:/ST/STM32CubeIDE_1.10.0/STM32CubeIDE/plugins/com.st.stm32cube.ide.mcu.externaltools.gnu-tools-for-stm32.11.3.rel1.win32_1.1.1.202309131626/tools/bin/../lib/gcc/arm-none-eabi/11.3.1/thumb/v7e-m+fp/hard/crti.o
                0x000000000800c7b0                _init
 .init          0x000000000800c7b4        0x8 C:/ST/STM32CubeIDE_1.10.0/STM32CubeIDE/plugins/com.st.stm32cube.ide.mcu.externaltools.gnu-tools-for-stm32.11.3.rel1.win32_1.1.1.202309131626/tools/bin/../lib/gcc/arm-none-eabi/11.3.1/thumb/v7e-m+fp/hard/crtn.o
 *(.fini)
 .fini          0x000000000800c7bc        0x4 C:/ST/STM32CubeIDE_1.10.0/STM32CubeIDE/plugins/com.st.stm32cube.ide.mcu.externaltools.gnu-tools-for-stm32.11.3.rel1.win32_1.1.1.202309131626/tools/bin/../lib/gcc/arm-none-eabi/11.3.1/thumb/v7e-m+fp/hard/crti.o
                0x000000000800c7bc                _fini
 .fini          0x000000000800c7c0        0x8 C:/ST/STM32CubeIDE_1.10.0/STM32CubeIDE/plugins/com.st.stm32cube.ide.mcu.externaltools.gnu-tools-for-stm32.11.3.rel1.win32_1.1.1.202309131626/tools/bin/../lib/gcc/arm-none-eabi/11.3.1/thumb/v7e-m+fp/hard/crtn.o
                0x000000000800c7c8                . = ALIGN (0x4)
                0x000000000800c7c8                _etext = .

.vfp11_veneer   0x000000000800c7c8        0x0
 .vfp11_veneer  0x000000000800c7c8        0x0 linker stubs

.v4_bx          0x000000000800c7c8        0x0
 .v4_bx         0x000000000800c7c8        0x0 linker stubs

.iplt           0x000000000800c7c8        0x0
 .iplt          0x000000000800c7c8        0x0 C:/ST/STM32CubeIDE_1.10.0/STM32CubeIDE/plugins/com.st.stm32cube.ide.mcu.externaltools.gnu-tools-for-stm32.11.3.rel1.win32_1.1.1.202309131626/tools/bin/../lib/gcc/arm-none-eabi/11.3.1/thumb/v7e-m+fp/hard/crtbegin.o

.rodata         0x000000000800c7c8     0x12d8
                0x000000000800c7c8                . = ALIGN (0x4)
 *(.rodata)
 .rodata        0x000000000800c7c8       0xac ./Core/Src/main.o
 .rodata        0x000000000800c874       0x46 ./USB_DEVICE/App/usbd_desc.o
 *(.rodata*)
 *fill*         0x000000000800c8ba        0x2 
 .rodata.SVG    0x000000000800c8bc     0x10e5 ./Core/Src/main.o
                0x000000000800c8bc                SVG
 *fill*         0x000000000800d9a1        0x3 
 .rodata.http_200_header
                0x000000000800d9a4       0x52 ./Core/Src/main.o
                0x000000000800d9a4                http_200_header
 *fill*         0x000000000800d9f6        0x2 
 .rodata.http_404_header
                0x000000000800d9f8       0x59 ./Core/Src/main.o
                0x000000000800d9f8                http_404_header
 *fill*         0x000000000800da51        0x3 
 .rodata.AHBPrescTable
                0x000000000800da54       0x10 ./Core/Src/system_stm32f4xx.o
                0x000000000800da54                AHBPrescTable
 .rodata.APBPrescTable
                0x000000000800da64        0x8 ./Core/Src/system_stm32f4xx.o
                0x000000000800da64                APBPrescTable
 .rodata._svfprintf_r.str1.1
                0x000000000800da6c       0x11 C:/ST/STM32CubeIDE_1.10.0/STM32CubeIDE/plugins/com.st.stm32cube.ide.mcu.externaltools.gnu-tools-for-stm32.11.3.rel1.win32_1.1.1.202309131626/tools/bin/../lib/gcc/arm-none-eabi/11.3.1/../../../../arm-none-eabi/lib/thumb/v7e-m+fp/hard\libc_nano.a(libc_a-nano-svfprintf.o)
 .rodata._printf_i.str1.1
                0x000000000800da7d       0x22 C:/ST/STM32CubeIDE_1.10.0/STM32CubeIDE/plugins/com.st.stm32cube.ide.mcu.externaltools.gnu-tools-for-stm32.11.3.rel1.win32_1.1.1.202309131626/tools/bin/../lib/gcc/arm-none-eabi/11.3.1/../../../../arm-none-eabi/lib/thumb/v7e-m+fp/hard\libc_nano.a(libc_a-nano-vfprintf_i.o)
                0x000000000800daa0                . = ALIGN (0x4)
 *fill*         0x000000000800da9f        0x1 

.ARM.extab      0x000000000800daa0        0x0
                0x000000000800daa0                . = ALIGN (0x4)
 *(.ARM.extab* .gnu.linkonce.armextab.*)
                0x000000000800daa0                . = ALIGN (0x4)

.ARM            0x000000000800daa0        0x8
                0x000000000800daa0                . = ALIGN (0x4)
                0x000000000800daa0                __exidx_start = .
 *(.ARM.exidx*)
 .ARM.exidx     0x000000000800daa0        0x8 C:/ST/STM32CubeIDE_1.10.0/STM32CubeIDE/plugins/com.st.stm32cube.ide.mcu.externaltools.gnu-tools-for-stm32.11.3.rel1.win32_1.1.1.202309131626/tools/bin/../lib/gcc/arm-none-eabi/11.3.1/thumb/v7e-m+fp/hard\libgcc.a(_udivmoddi4.o)
                0x000000000800daa8                __exidx_end = .
                0x000000000800daa8                . = ALIGN (0x4)

.rel.dyn        0x000000000800daa8        0x0
 .rel.iplt      0x000000000800daa8        0x0 C:/ST/STM32CubeIDE_1.10.0/STM32CubeIDE/plugins/com.st.stm32cube.ide.mcu.externaltools.gnu-tools-for-stm32.11.3.rel1.win32_1.1.1.202309131626/tools/bin/../lib/gcc/arm-none-eabi/11.3.1/thumb/v7e-m+fp/hard/crtbegin.o

.preinit_array  0x000000000800daa8        0x0
                0x000000000800daa8                . = ALIGN (0x4)
                0x000000000800daa8                PROVIDE (__preinit_array_start = .)
 *(.preinit_array*)
                0x000000000800daa8                PROVIDE (__preinit_array_end = .)
                0x000000000800daa8                . = ALIGN (0x4)

.init_array     0x000000000800daa8        0x4
                0x000000000800daa8                . = ALIGN (0x4)
                0x000000000800daa8                PROVIDE (__init_array_start = .)
 *(SORT_BY_NAME(.init_array.*))
 *(.init_array*)
 .init_array    0x000000000800daa8        0x4 C:/ST/STM32CubeIDE_1.10.0/STM32CubeIDE/plugins/com.st.stm32cube.ide.mcu.externaltools.gnu-tools-for-stm32.11.3.rel1.win32_1.1.1.202309131626/tools/bin/../lib/gcc/arm-none-eabi/11.3.1/thumb/v7e-m+fp/hard/crtbegin.o
                0x000000000800daac                PROVIDE (__init_array_end = .)
                0x000000000800daac                . = ALIGN (0x4)

.fini_array     0x000000000800daac        0x4
                0x000000000800daac                . = ALIGN (0x4)
                [!provide]                        PROVIDE (__fini_array_start = .)
 *(SORT_BY_NAME(.fini_array.*))
 *(.fini_array*)
 .fini_array    0x000000000800daac        0x4 C:/ST/STM32CubeIDE_1.10.0/STM32CubeIDE/plugins/com.st.stm32cube.ide.mcu.externaltools.gnu-tools-for-stm32.11.3.rel1.win32_1.1.1.202309131626/tools/bin/../lib/gcc/arm-none-eabi/11.3.1/thumb/v7e-m+fp/hard/crtbegin.o
                [!provide]                        PROVIDE (__fini_array_end = .)
                0x000000000800dab0                . = ALIGN (0x4)
                0x000000000800dab0                _sidata = LOADADDR (.data)

.data           0x0000000020000000      0x270 load address 0x000000000800dab0
                0x0000000020000000                . = ALIGN (0x4)
                0x0000000020000000                _sdata = .
 *(.data)
 *(.data*)
 .data.gWIZNETINFO
                0x0000000020000000       0x17 ./Core/Src/main.o
                0x0000000020000000                gWIZNETINFO
 *fill*         0x0000000020000017        0x1 
 .data.startPage
                0x0000000020000018       0xde ./Core/Src/main.o
                0x0000000020000018                startPage
 .data.sock_any_port
                0x00000000200000f6        0x2 ./Core/Src/socket.o
 .data.SystemCoreClock
                0x00000000200000f8        0x4 ./Core/Src/system_stm32f4xx.o
                0x00000000200000f8                SystemCoreClock
 .data.WIZCHIP  0x00000000200000fc       0x2c ./Core/Src/wizchip_conf.o
                0x00000000200000fc                WIZCHIP
 .data.uwTickPrio
                0x0000000020000128        0x4 ./Drivers/STM32F4xx_HAL_Driver/Src/stm32f4xx_hal.o
                0x0000000020000128                uwTickPrio
 .data.uwTickFreq
                0x000000002000012c        0x1 ./Drivers/STM32F4xx_HAL_Driver/Src/stm32f4xx_hal.o
                0x000000002000012c                uwTickFreq
 *fill*         0x000000002000012d        0x3 
 .data.USBD_CDC_DeviceQualifierDesc
                0x0000000020000130        0xa ./Middlewares/ST/STM32_USB_Device_Library/Class/CDC/Src/usbd_cdc.o
 *fill*         0x000000002000013a        0x2 
 .data.USBD_CDC
                0x000000002000013c       0x38 ./Middlewares/ST/STM32_USB_Device_Library/Class/CDC/Src/usbd_cdc.o
                0x000000002000013c                USBD_CDC
 .data.USBD_CDC_CfgDesc
                0x0000000020000174       0x43 ./Middlewares/ST/STM32_USB_Device_Library/Class/CDC/Src/usbd_cdc.o
 .data.CDCInEpAdd
                0x00000000200001b7        0x1 ./Middlewares/ST/STM32_USB_Device_Library/Class/CDC/Src/usbd_cdc.o
 .data.CDCOutEpAdd
                0x00000000200001b8        0x1 ./Middlewares/ST/STM32_USB_Device_Library/Class/CDC/Src/usbd_cdc.o
 .data.CDCCmdEpAdd
                0x00000000200001b9        0x1 ./Middlewares/ST/STM32_USB_Device_Library/Class/CDC/Src/usbd_cdc.o
 *fill*         0x00000000200001ba        0x2 
 .data.USBD_Interface_fops_FS
                0x00000000200001bc       0x14 ./USB_DEVICE/App/usbd_cdc_if.o
                0x00000000200001bc                USBD_Interface_fops_FS
 .data.FS_Desc  0x00000000200001d0       0x1c ./USB_DEVICE/App/usbd_desc.o
                0x00000000200001d0                FS_Desc
 .data.USBD_FS_DeviceDesc
                0x00000000200001ec       0x12 ./USB_DEVICE/App/usbd_desc.o
                0x00000000200001ec                USBD_FS_DeviceDesc
 *fill*         0x00000000200001fe        0x2 
 .data.USBD_LangIDDesc
                0x0000000020000200        0x4 ./USB_DEVICE/App/usbd_desc.o
                0x0000000020000200                USBD_LangIDDesc
 .data.USBD_StringSerial
                0x0000000020000204       0x1a ./USB_DEVICE/App/usbd_desc.o
                0x0000000020000204                USBD_StringSerial
 *fill*         0x000000002000021e        0x2 
 .data._impure_data
                0x0000000020000220       0x4c C:/ST/STM32CubeIDE_1.10.0/STM32CubeIDE/plugins/com.st.stm32cube.ide.mcu.externaltools.gnu-tools-for-stm32.11.3.rel1.win32_1.1.1.202309131626/tools/bin/../lib/gcc/arm-none-eabi/11.3.1/../../../../arm-none-eabi/lib/thumb/v7e-m+fp/hard\libc_nano.a(libc_a-impure.o)
                0x0000000020000220                _impure_data
 .data._impure_ptr
                0x000000002000026c        0x4 C:/ST/STM32CubeIDE_1.10.0/STM32CubeIDE/plugins/com.st.stm32cube.ide.mcu.externaltools.gnu-tools-for-stm32.11.3.rel1.win32_1.1.1.202309131626/tools/bin/../lib/gcc/arm-none-eabi/11.3.1/../../../../arm-none-eabi/lib/thumb/v7e-m+fp/hard\libc_nano.a(libc_a-impure.o)
                0x000000002000026c                _impure_ptr
 *(.RamFunc)
 *(.RamFunc*)
                0x0000000020000270                . = ALIGN (0x4)
                0x0000000020000270                _edata = .

.igot.plt       0x0000000020000270        0x0 load address 0x000000000800dd20
 .igot.plt      0x0000000020000270        0x0 C:/ST/STM32CubeIDE_1.10.0/STM32CubeIDE/plugins/com.st.stm32cube.ide.mcu.externaltools.gnu-tools-for-stm32.11.3.rel1.win32_1.1.1.202309131626/tools/bin/../lib/gcc/arm-none-eabi/11.3.1/thumb/v7e-m+fp/hard/crtbegin.o
                0x0000000020000270                . = ALIGN (0x4)

.bss            0x0000000020000270     0x369c load address 0x000000000800dd20
                0x0000000020000270                _sbss = .
                0x0000000020000270                __bss_start__ = _sbss
 *(.bss)
 .bss           0x0000000020000270       0x1c C:/ST/STM32CubeIDE_1.10.0/STM32CubeIDE/plugins/com.st.stm32cube.ide.mcu.externaltools.gnu-tools-for-stm32.11.3.rel1.win32_1.1.1.202309131626/tools/bin/../lib/gcc/arm-none-eabi/11.3.1/thumb/v7e-m+fp/hard/crtbegin.o
 *(.bss*)
 .bss.str_rx2   0x000000002000028c       0x19 ./Core/Src/main.o
                0x000000002000028c                str_rx2
 .bss.flag_ok   0x00000000200002a5        0x1 ./Core/Src/main.o
                0x00000000200002a5                flag_ok
 *fill*         0x00000000200002a6        0x2 
 .bss.out1      0x00000000200002a8        0x8 ./Core/Src/main.o
                0x00000000200002a8                out1
 .bss.out2      0x00000000200002b0        0x8 ./Core/Src/main.o
                0x00000000200002b0                out2
 .bss.get_url   0x00000000200002b8        0x4 ./Core/Src/main.o
                0x00000000200002b8                get_url
 .bss.post_url  0x00000000200002bc       0x19 ./Core/Src/main.o
                0x00000000200002bc                post_url
 .bss.flag_usb  0x00000000200002d5        0x1 ./Core/Src/main.o
                0x00000000200002d5                flag_usb
 .bss.ip1       0x00000000200002d6        0x1 ./Core/Src/main.o
                0x00000000200002d6                ip1
 .bss.ip2       0x00000000200002d7        0x1 ./Core/Src/main.o
                0x00000000200002d7                ip2
 .bss.ip3       0x00000000200002d8        0x1 ./Core/Src/main.o
                0x00000000200002d8                ip3
 .bss.ip4       0x00000000200002d9        0x1 ./Core/Src/main.o
                0x00000000200002d9                ip4
 .bss.gw1       0x00000000200002da        0x1 ./Core/Src/main.o
                0x00000000200002da                gw1
 .bss.gw2       0x00000000200002db        0x1 ./Core/Src/main.o
                0x00000000200002db                gw2
 .bss.gw3       0x00000000200002dc        0x1 ./Core/Src/main.o
                0x00000000200002dc                gw3
 .bss.gw4       0x00000000200002dd        0x1 ./Core/Src/main.o
                0x00000000200002dd                gw4
 .bss.flag_get_ip
                0x00000000200002de        0x1 ./Core/Src/main.o
                0x00000000200002de                flag_get_ip
 *fill*         0x00000000200002df        0x1 
 .bss.gDATABUF  0x00000000200002e0     0x2004 ./Core/Src/main.o
                0x00000000200002e0                gDATABUF
 .bss.stat      0x00000000200022e4        0x1 ./Core/Src/main.o
                0x00000000200022e4                stat
 *fill*         0x00000000200022e5        0x3 
 .bss.hspi1     0x00000000200022e8       0x58 ./Core/Src/main.o
                0x00000000200022e8                hspi1
 .bss.sock_io_mode
                0x0000000020002340        0x2 ./Core/Src/socket.o
 .bss.sock_is_sending
                0x0000000020002342        0x2 ./Core/Src/socket.o
 .bss.sock_remained_size
                0x0000000020002344       0x10 ./Core/Src/socket.o
 .bss.sock_pack_info
                0x0000000020002354        0x8 ./Core/Src/socket.o
                0x0000000020002354                sock_pack_info
 .bss.htim1     0x000000002000235c       0x48 ./Core/Src/stm32f4xx_hal_timebase_tim.o
                0x000000002000235c                htim1
 .bss.i.0       0x00000000200023a4        0x1 ./Core/Src/stm32f4xx_it.o
 *fill*         0x00000000200023a5        0x3 
 .bss.__sbrk_heap_end
                0x00000000200023a8        0x4 ./Core/Src/sysmem.o
 .bss._DNS_     0x00000000200023ac        0x4 ./Core/Src/wizchip_conf.o
 .bss._DHCP_    0x00000000200023b0        0x1 ./Core/Src/wizchip_conf.o
 *fill*         0x00000000200023b1        0x3 
 .bss.uwTick    0x00000000200023b4        0x4 ./Drivers/STM32F4xx_HAL_Driver/Src/stm32f4xx_hal.o
                0x00000000200023b4                uwTick
 .bss.cfgidx.0  0x00000000200023b8        0x1 ./Middlewares/ST/STM32_USB_Device_Library/Core/Src/usbd_ctlreq.o
 *fill*         0x00000000200023b9        0x3 
 .bss.hUsbDeviceFS
                0x00000000200023bc      0x2dc ./USB_DEVICE/App/usb_device.o
                0x00000000200023bc                hUsbDeviceFS