Archive member included to satisfy reference by file (symbol)

C:/ST/STM32CubeIDE_1.10.0/STM32CubeIDE/plugins/com.st.stm32cube.ide.mcu.externaltools.gnu-tools-for-stm32.11.3.rel1.win32_1.1.1.202309131626/tools/bin/../lib/gcc/arm-none-eabi/11.3.1/../../../../arm-none-eabi/lib/thumb/v7e-m+fp/hard\libc_nano.a(libc_a-exit.o)
                              C:/ST/STM32CubeIDE_1.10.0/STM32CubeIDE/plugins/com.st.stm32cube.ide.mcu.externaltools.gnu-tools-for-stm32.11.3.rel1.win32_1.1.1.202309131626/tools/bin/../lib/gcc/arm-none-eabi/11.3.1/../../../../arm-none-eabi/lib/thumb/v7e-m+fp/hard/crt0.o (exit)
C:/ST/STM32CubeIDE_1.10.0/STM32CubeIDE/plugins/com.st.stm32cube.ide.mcu.externaltools.gnu-tools-for-stm32.11.3.rel1.win32_1.1.1.202309131626/tools/bin/../lib/gcc/arm-none-eabi/11.3.1/../../../../arm-none-eabi/lib/thumb/v7e-m+fp/hard\libc_nano.a(libc_a-findfp.o)
                              C:/ST/STM32CubeIDE_1.10.0/STM32CubeIDE/plugins/com.st.stm32cube.ide.mcu.externaltools.gnu-tools-for-stm32.11.3.rel1.win32_1.1.1.202309131626/tools/bin/../lib/gcc/arm-none-eabi/11.3.1/../../../../arm-none-eabi/lib/thumb/v7e-m+fp/hard\libc_nano.a(libc_a-exit.o) (__stdio_exit_handler)
C:/ST/STM32CubeIDE_1.10.0/STM32CubeIDE/plugins/com.st.stm32cube.ide.mcu.externaltools.gnu-tools-for-stm32.11.3.rel1.win32_1.1.1.202309131626/tools/bin/../lib/gcc/arm-none-eabi/11.3.1/../../../../arm-none-eabi/lib/thumb/v7e-m+fp/hard\libc_nano.a(libc_a-fwalk.o)
                              C:/ST/STM32CubeIDE_1.10.0/STM32CubeIDE/plugins/com.st.stm32cube.ide.mcu.externaltools.gnu-tools-for-stm32.11.3.rel1.win32_1.1.1.202309131626/tools/bin/../lib/gcc/arm-none-eabi/11.3.1/../../../../arm-none-eabi/lib/thumb/v7e-m+fp/hard\libc_nano.a(libc_a-findfp.o) (_fwalk_sglue)
C:/ST/STM32CubeIDE_1.10.0/STM32CubeIDE/plugins/com.st.stm32cube.ide.mcu.externaltools.gnu-tools-for-stm32.11.3.rel1.win32_1.1.1.202309131626/tools/bin/../lib/gcc/arm-none-eabi/11.3.1/../../../../arm-none-eabi/lib/thumb/v7e-m+fp/hard\libc_nano.a(libc_a-printf.o)
                              ./Core/Src/loopback.o (printf)
C:/ST/STM32CubeIDE_1.10.0/STM32CubeIDE/plugins/com.st.stm32cube.ide.mcu.externaltools.gnu-tools-for-stm32.11.3.rel1.win32_1.1.1.202309131626/tools/bin/../lib/gcc/arm-none-eabi/11.3.1/../../../../arm-none-eabi/lib/thumb/v7e-m+fp/hard\libc_nano.a(libc_a-stdio.o)
                              C:/ST/STM32CubeIDE_1.10.0/STM32CubeIDE/plugins/com.st.stm32cube.ide.mcu.externaltools.gnu-tools-for-stm32.11.3.rel1.win32_1.1.1.202309131626/tools/bin/../lib/gcc/arm-none-eabi/11.3.1/../../../../arm-none-eabi/lib/thumb/v7e-m+fp/hard\libc_nano.a(libc_a-findfp.o) (__sread)
C:/ST/STM32CubeIDE_1.10.0/STM32CubeIDE/plugins/com.st.stm32cube.ide.mcu.externaltools.gnu-tools-for-stm32.11.3.rel1.win32_1.1.1.202309131626/tools/bin/../lib/gcc/arm-none-eabi/11.3.1/../../../../arm-none-eabi/lib/thumb/v7e-m+fp/hard\libc_nano.a(libc_a-vsnprintf.o)
                              ./Core/Src/main.o (vsnprintf)
C:/ST/STM32CubeIDE_1.10.0/STM32CubeIDE/plugins/com.st.stm32cube.ide.mcu.externaltools.gnu-tools-for-stm32.11.3.rel1.win32_1.1.1.202309131626/tools/bin/../lib/gcc/arm-none-eabi/11.3.1/../../../../arm-none-eabi/lib/thumb/v7e-m+fp/hard\libc_nano.a(libc_a-memcmp.o)
                              ./Core/Src/main.o (memcmp)
C:/ST/STM32CubeIDE_1.10.0/STM32CubeIDE/plugins/com.st.stm32cube.ide.mcu.externaltools.gnu-tools-for-stm32.11.3.rel1.win32_1.1.1.202309131626/tools/bin/../lib/gcc/arm-none-eabi/11.3.1/../../../../arm-none-eabi/lib/thumb/v7e-m+fp/hard\libc_nano.a(libc_a-memset.o)
                              C:/ST/STM32CubeIDE_1.10.0/STM32CubeIDE/plugins/com.st.stm32cube.ide.mcu.externaltools.gnu-tools-for-stm32.11.3.rel1.win32_1.1.1.202309131626/tools/bin/../lib/gcc/arm-none-eabi/11.3.1/../../../../arm-none-eabi/lib/thumb/v7e-m+fp/hard/crt0.o (memset)
C:/ST/STM32CubeIDE_1.10.0/STM32CubeIDE/plugins/com.st.stm32cube.ide.mcu.externaltools.gnu-tools-for-stm32.11.3.rel1.win32_1.1.1.202309131626/tools/bin/../lib/gcc/arm-none-eabi/11.3.1/../../../../arm-none-eabi/lib/thumb/v7e-m+fp/hard\libc_nano.a(libc_a-strcat.o)
                              ./Core/Src/main.o (strcat)
C:/ST/STM32CubeIDE_1.10.0/STM32CubeIDE/plugins/com.st.stm32cube.ide.mcu.externaltools.gnu-tools-for-stm32.11.3.rel1.win32_1.1.1.202309131626/tools/bin/../lib/gcc/arm-none-eabi/11.3.1/../../../../arm-none-eabi/lib/thumb/v7e-m+fp/hard\libc_nano.a(libc_a-strchr.o)
                              ./Core/Src/dns.o (strchr)
C:/ST/STM32CubeIDE_1.10.0/STM32CubeIDE/plugins/com.st.stm32cube.ide.mcu.externaltools.gnu-tools-for-stm32.11.3.rel1.win32_1.1.1.202309131626/tools/bin/../lib/gcc/arm-none-eabi/11.3.1/../../../../arm-none-eabi/lib/thumb/v7e-m+fp/hard\libc_nano.a(libc_a-strncpy.o)
                              ./Core/Src/dns.o (strncpy)
[...]
Memory Configuration

Name             Origin             Length             Attributes
RAM              0x0000000020000000 0x0000000000010000 xrw
FLASH            0x0000000008000000 0x0000000000040000 xr
*default*        0x0000000000000000 0xffffffffffffffff

Linker script and memory map

LOAD C:/ST/STM32CubeIDE_1.10.0/STM32CubeIDE/plugins/com.st.stm32cube.ide.mcu.externaltools.gnu-tools-for-stm32.11.3.rel1.win32_1.1.1.202309131626/tools/bin/../lib/gcc/arm-none-eabi/11.3.1/thumb/v7e-m+fp/hard/crti.o
LOAD C:/ST/STM32CubeIDE_1.10.0/STM32CubeIDE/plugins/com.st.stm32cube.ide.mcu.externaltools.gnu-tools-for-stm32.11.3.rel1.win32_1.1.1.202309131626/tools/bin/../lib/gcc/arm-none-eabi/11.3.1/thumb/v7e-m+fp/hard/crtbegin.o
LOAD C:/ST/STM32CubeIDE_1.10.0/STM32CubeIDE/plugins/com.st.stm32cube.ide.mcu.externaltools.gnu-tools-for-stm32.11.3.rel1.win32_1.1.1.202309131626/tools/bin/../lib/gcc/arm-none-eabi/11.3.1/../../../../arm-none-eabi/lib/thumb/v7e-m+fp/hard/crt0.o
LOAD ./Core/Src/dhcp.o
LOAD ./Core/Src/dns.o
LOAD ./Core/Src/loopback.o
LOAD ./Core/Src/main.o
LOAD ./Core/Src/socket.o
LOAD ./Core/Src/stm32f4xx_hal_msp.o
LOAD ./Core/Src/stm32f4xx_hal_timebase_tim.o
LOAD ./Core/Src/stm32f4xx_it.o
LOAD ./Core/Src/syscalls.o
LOAD ./Core/Src/sysmem.o
LOAD ./Core/Src/system_stm32f4xx.o
LOAD ./Core/Src/w5500.o
LOAD ./Core/Src/wizchip_conf.o
LOAD ./Core/Startup/startup_stm32f401ccux.o
LOAD ./Drivers/STM32F4xx_HAL_Driver/Src/stm32f4xx_hal.o
LOAD ./Drivers/STM32F4xx_HAL_Driver/Src/stm32f4xx_hal_cortex.o
LOAD ./Drivers/STM32F4xx_HAL_Driver/Src/stm32f4xx_hal_dma.o
LOAD ./Drivers/STM32F4xx_HAL_Driver/Src/stm32f4xx_hal_dma_ex.o
LOAD ./Drivers/STM32F4xx_HAL_Driver/Src/stm32f4xx_hal_exti.o
LOAD ./Drivers/STM32F4xx_HAL_Driver/Src/stm32f4xx_hal_flash.o
LOAD ./Drivers/STM32F4xx_HAL_Driver/Src/stm32f4xx_hal_flash_ex.o
LOAD ./Drivers/STM32F4xx_HAL_Driver/Src/stm32f4xx_hal_flash_ramfunc.o
LOAD ./Drivers/STM32F4xx_HAL_Driver/Src/stm32f4xx_hal_gpio.o
LOAD ./Drivers/STM32F4xx_HAL_Driver/Src/stm32f4xx_hal_pcd.o
LOAD ./Drivers/STM32F4xx_HAL_Driver/Src/stm32f4xx_hal_pcd_ex.o
LOAD ./Drivers/STM32F4xx_HAL_Driver/Src/stm32f4xx_hal_pwr.o
LOAD ./Drivers/STM32F4xx_HAL_Driver/Src/stm32f4xx_hal_pwr_ex.o
LOAD ./Drivers/STM32F4xx_HAL_Driver/Src/stm32f4xx_hal_rcc.o
LOAD ./Drivers/STM32F4xx_HAL_Driver/Src/stm32f4xx_hal_rcc_ex.o
LOAD ./Drivers/STM32F4xx_HAL_Driver/Src/stm32f4xx_hal_spi.o
LOAD ./Drivers/STM32F4xx_HAL_Driver/Src/stm32f4xx_hal_tim.o
LOAD ./Drivers/STM32F4xx_HAL_Driver/Src/stm32f4xx_hal_tim_ex.o
LOAD ./Drivers/STM32F4xx_HAL_Driver/Src/stm32f4xx_ll_dma.o
LOAD ./Drivers/STM32F4xx_HAL_Driver/Src/stm32f4xx_ll_exti.o
LOAD ./Drivers/STM32F4xx_HAL_Driver/Src/stm32f4xx_ll_gpio.o
LOAD ./Drivers/STM32F4xx_HAL_Driver/Src/stm32f4xx_ll_rcc.o
LOAD ./Drivers/STM32F4xx_HAL_Driver/Src/stm32f4xx_ll_tim.o
LOAD ./Drivers/STM32F4xx_HAL_Driver/Src/stm32f4xx_ll_usart.o
LOAD ./Drivers/STM32F4xx_HAL_Driver/Src/stm32f4xx_ll_usb.o
LOAD ./Drivers/STM32F4xx_HAL_Driver/Src/stm32f4xx_ll_utils.o
LOAD ./Middlewares/ST/STM32_USB_Device_Library/Class/CDC/Src/usbd_cdc.o
LOAD ./Middlewares/ST/STM32_USB_Device_Library/Core/Src/usbd_core.o
LOAD ./Middlewares/ST/STM32_USB_Device_Library/Core/Src/usbd_ctlreq.o
LOAD ./Middlewares/ST/STM32_USB_Device_Library/Core/Src/usbd_ioreq.o
LOAD ./USB_DEVICE/App/usb_device.o
LOAD ./USB_DEVICE/App/usbd_cdc_if.o
LOAD ./USB_DEVICE/App/usbd_desc.o
LOAD ./USB_DEVICE/Target/usbd_conf.o
START GROUP
LOAD C:/ST/STM32CubeIDE_1.10.0/STM32CubeIDE/plugins/com.st.stm32cube.ide.mcu.externaltools.gnu-tools-for-stm32.11.3.rel1.win32_1.1.1.202309131626/tools/bin/../lib/gcc/arm-none-eabi/11.3.1/../../../../arm-none-eabi/lib/thumb/v7e-m+fp/hard\libc_nano.a
LOAD C:/ST/STM32CubeIDE_1.10.0/STM32CubeIDE/plugins/com.st.stm32cube.ide.mcu.externaltools.gnu-tools-for-stm32.11.3.rel1.win32_1.1.1.202309131626/tools/bin/../lib/gcc/arm-none-eabi/11.3.1/../../../../arm-none-eabi/lib/thumb/v7e-m+fp/hard\libm.a
END GROUP
START GROUP
LOAD C:/ST/STM32CubeIDE_1.10.0/STM32CubeIDE/plugins/com.st.stm32cube.ide.mcu.externaltools.gnu-tools-for-stm32.11.3.rel1.win32_1.1.1.202309131626/tools/bin/../lib/gcc/arm-none-eabi/11.3.1/thumb/v7e-m+fp/hard\libgcc.a
LOAD C:/ST/STM32CubeIDE_1.10.0/STM32CubeIDE/plugins/com.st.stm32cube.ide.mcu.externaltools.gnu-tools-for-stm32.11.3.rel1.win32_1.1.1.202309131626/tools/bin/../lib/gcc/arm-none-eabi/11.3.1/../../../../arm-none-eabi/lib/thumb/v7e-m+fp/hard\libc_nano.a
END GROUP
START GROUP
LOAD C:/ST/STM32CubeIDE_1.10.0/STM32CubeIDE/plugins/com.st.stm32cube.ide.mcu.externaltools.gnu-tools-for-stm32.11.3.rel1.win32_1.1.1.202309131626/tools/bin/../lib/gcc/arm-none-eabi/11.3.1/thumb/v7e-m+fp/hard\libgcc.a
LOAD C:/ST/STM32CubeIDE_1.10.0/STM32CubeIDE/plugins/com.st.stm32cube.ide.mcu.externaltools.gnu-tools-for-stm32.11.3.rel1.win32_1.1.1.202309131626/tools/bin/../lib/gcc/arm-none-eabi/11.3.1/../../../../arm-none-eabi/lib/thumb/v7e-m+fp/hard\libc_nano.a
LOAD C:/ST/STM32CubeIDE_1.10.0/STM32CubeIDE/plugins/com.st.stm32cube.ide.mcu.externaltools.gnu-tools-for-stm32.11.3.rel1.win32_1.1.1.202309131626/tools/bin/../lib/gcc/arm-none-eabi/11.3.1/../../../../arm-none-eabi/lib/thumb/v7e-m+fp/hard\libnosys.a
END GROUP
START GROUP
LOAD C:/ST/STM32CubeIDE_1.10.0/STM32CubeIDE/plugins/com.st.stm32cube.ide.mcu.externaltools.gnu-tools-for-stm32.11.3.rel1.win32_1.1.1.202309131626/tools/bin/../lib/gcc/arm-none-eabi/11.3.1/thumb/v7e-m+fp/hard\libgcc.a
LOAD C:/ST/STM32CubeIDE_1.10.0/STM32CubeIDE/plugins/com.st.stm32cube.ide.mcu.externaltools.gnu-tools-for-stm32.11.3.rel1.win32_1.1.1.202309131626/tools/bin/../lib/gcc/arm-none-eabi/11.3.1/../../../../arm-none-eabi/lib/thumb/v7e-m+fp/hard\libc_nano.a
LOAD C:/ST/STM32CubeIDE_1.10.0/STM32CubeIDE/plugins/com.st.stm32cube.ide.mcu.externaltools.gnu-tools-for-stm32.11.3.rel1.win32_1.1.1.202309131626/tools/bin/../lib/gcc/arm-none-eabi/11.3.1/../../../../arm-none-eabi/lib/thumb/v7e-m+fp/hard\libnosys.a
END GROUP
LOAD C:/ST/STM32CubeIDE_1.10.0/STM32CubeIDE/plugins/com.st.stm32cube.ide.mcu.externaltools.gnu-tools-for-stm32.11.3.rel1.win32_1.1.1.202309131626/tools/bin/../lib/gcc/arm-none-eabi/11.3.1/thumb/v7e-m+fp/hard/crtend.o
LOAD C:/ST/STM32CubeIDE_1.10.0/STM32CubeIDE/plugins/com.st.stm32cube.ide.mcu.externaltools.gnu-tools-for-stm32.11.3.rel1.win32_1.1.1.202309131626/tools/bin/../lib/gcc/arm-none-eabi/11.3.1/thumb/v7e-m+fp/hard/crtn.o
                0x0000000020010000                _estack = (ORIGIN (RAM) + LENGTH (RAM))
                0x0000000000000200                _Min_Heap_Size = 0x200
                0x0000000000000400                _Min_Stack_Size = 0x400

.isr_vector     0x0000000008000000      0x194
                0x0000000008000000                . = ALIGN (0x4)
 *(.isr_vector)
 .isr_vector    0x0000000008000000      0x194 ./Core/Startup/startup_stm32f401ccux.o
                0x0000000008000000                g_pfnVectors
                0x0000000008000194                . = ALIGN (0x4)

.text           0x00000000080001a0     0xc248
                0x00000000080001a0                . = ALIGN (0x4)
 *(.text)
 .text          0x00000000080001a0       0x40 C:/ST/STM32CubeIDE_1.10.0/STM32CubeIDE/plugins/com.st.stm32cube.ide.mcu.externaltools.gnu-tools-for-stm32.11.3.rel1.win32_1.1.1.202309131626/tools/bin/../lib/gcc/arm-none-eabi/11.3.1/thumb/v7e-m+fp/hard/crtbegin.o
 .text          0x00000000080001e0       0x10 C:/ST/STM32CubeIDE_1.10.0/STM32CubeIDE/plugins/com.st.stm32cube.ide.mcu.externaltools.gnu-tools-for-stm32.11.3.rel1.win32_1.1.1.202309131626/tools/bin/../lib/gcc/arm-none-eabi/11.3.1/../../../../arm-none-eabi/lib/thumb/v7e-m+fp/hard\libc_nano.a(libc_a-strlen.o)
                0x00000000080001e0                strlen
 .text          0x00000000080001f0       0xa0 C:/ST/STM32CubeIDE_1.10.0/STM32CubeIDE/plugins/com.st.stm32cube.ide.mcu.externaltools.gnu-tools-for-stm32.11.3.rel1.win32_1.1.1.202309131626/tools/bin/../lib/gcc/arm-none-eabi/11.3.1/../../../../arm-none-eabi/lib/thumb/v7e-m+fp/hard\libc_nano.a(libc_a-memchr.o)
                0x00000000080001f0                memchr
 .text          0x0000000008000290       0x30 C:/ST/STM32CubeIDE_1.10.0/STM32CubeIDE/plugins/com.st.stm32cube.ide.mcu.externaltools.gnu-tools-for-stm32.11.3.rel1.win32_1.1.1.202309131626/tools/bin/../lib/gcc/arm-none-eabi/11.3.1/thumb/v7e-m+fp/hard\libgcc.a(_aeabi_uldivmod.o)
                0x0000000008000290                __aeabi_uldivmod
 .text          0x00000000080002c0      0x2c8 C:/ST/STM32CubeIDE_1.10.0/STM32CubeIDE/plugins/com.st.stm32cube.ide.mcu.externaltools.gnu-tools-for-stm32.11.3.rel1.win32_1.1.1.202309131626/tools/bin/../lib/gcc/arm-none-eabi/11.3.1/thumb/v7e-m+fp/hard\libgcc.a(_udivmoddi4.o)
                0x00000000080002c0                __udivmoddi4
 .text          0x0000000008000588        0x4 C:/ST/STM32CubeIDE_1.10.0/STM32CubeIDE/plugins/com.st.stm32cube.ide.mcu.externaltools.gnu-tools-for-stm32.11.3.rel1.win32_1.1.1.202309131626/tools/bin/../lib/gcc/arm-none-eabi/11.3.1/thumb/v7e-m+fp/hard\libgcc.a(_dvmd_tls.o)
                0x0000000008000588                __aeabi_idiv0
                0x0000000008000588                __aeabi_ldiv0
 *(.text*)
 .text.__NVIC_GetPriorityGrouping
                0x000000000800058c       0x1c ./Core/Src/main.o
 .text.__NVIC_EnableIRQ
                0x00000000080005a8       0x3c ./Core/Src/main.o
 .text.__NVIC_SetPriority
                0x00000000080005e4       0x54 ./Core/Src/main.o
 .text.NVIC_EncodePriority
                0x0000000008000638       0x66 ./Core/Src/main.o
 .text.LL_TIM_EnableCounter
                0x000000000800069e       0x20 ./Core/Src/main.o
 .text.LL_TIM_EnableARRPreload
                0x00000000080006be       0x20 ./Core/Src/main.o
 .text.LL_TIM_EnableIT_UPDATE
                0x00000000080006de       0x20 ./Core/Src/main.o
 .text.LL_USART_Enable
                0x00000000080006fe       0x20 ./Core/Src/main.o
 .text.LL_USART_ConfigAsyncMode
                0x000000000800071e       0x2c ./Core/Src/main.o
 .text.LL_USART_EnableIT_RXNE
                0x000000000800074a       0x46 ./Core/Src/main.o
 .text.LL_GPIO_SetOutputPin
                0x0000000008000790       0x1c ./Core/Src/main.o
 .text.LL_GPIO_ResetOutputPin
                0x00000000080007ac       0x1e ./Core/Src/main.o
 *fill*         0x00000000080007ca        0x2 
 .text.LL_AHB1_GRP1_EnableClock
                0x00000000080007cc       0x30 ./Core/Src/main.o
 .text.LL_APB2_GRP1_EnableClock
                0x00000000080007fc       0x30 ./Core/Src/main.o
 .text.Set_outputs
                0x000000000800082c      0x7ac ./Core/Src/main.o
                0x000000000800082c                Set_outputs
 .text.UART_Printf
                0x0000000008000fd8       0x5a ./Core/Src/main.o
                0x0000000008000fd8                UART_Printf
 *fill*         0x0000000008001032        0x2 
 .text.BuildStartPage
                0x0000000008001034       0x54 ./Core/Src/main.o
                0x0000000008001034                BuildStartPage
 .text.BuildSwitchPage
                0x0000000008001088       0xb0 ./Core/Src/main.o
                0x0000000008001088                BuildSwitchPage
 .text.buildXML
                0x0000000008001138       0x1c ./Core/Src/main.o
                0x0000000008001138                buildXML
 .text.W5500_Select
                0x0000000008001154       0x18 ./Core/Src/main.o
                0x0000000008001154                W5500_Select
 .text.W5500_Unselect
                0x000000000800116c       0x18 ./Core/Src/main.o
                0x000000000800116c                W5500_Unselect
 .text.W5500_ReadBuff
                0x0000000008001184       0x28 ./Core/Src/main.o
                0x0000000008001184                W5500_ReadBuff
 .text.W5500_WriteBuff
                0x00000000080011ac       0x28 ./Core/Src/main.o
                0x00000000080011ac                W5500_WriteBuff
 .text.W5500_ReadByte
                0x00000000080011d4       0x1a ./Core/Src/main.o
                0x00000000080011d4                W5500_ReadByte
 .text.W5500_WriteByte
                0x00000000080011ee       0x1c ./Core/Src/main.o
                0x00000000080011ee                W5500_WriteByte
 *fill*         0x000000000800120a        0x2 
 .text.loopback_tcps
                0x000000000800120c      0x2ec ./Core/Src/main.o
                0x000000000800120c                loopback_tcps
 .text.USART1_Send
                0x00000000080014f8       0x30 ./Core/Src/main.o
                0x00000000080014f8                USART1_Send
 .text.USART1_Send_String
                0x0000000008001528       0x38 ./Core/Src/main.o
                0x0000000008001528                USART1_Send_String
 .text.main     0x0000000008001560      0x1ec ./Core/Src/main.o
                0x0000000008001560                main
 .text.SystemClock_Config
                0x000000000800174c       0xdc ./Core/Src/main.o
                0x000000000800174c                SystemClock_Config
 .text.MX_SPI1_Init
                0x0000000008001828       0x6c ./Core/Src/main.o
 .text.MX_TIM10_Init
                0x0000000008001894       0x6c ./Core/Src/main.o
 .text.MX_USART1_UART_Init
                0x0000000008001900       0xc0 ./Core/Src/main.o
 .text.MX_GPIO_Init
                0x00000000080019c0       0xd8 ./Core/Src/main.o
 .text.HAL_TIM_PeriodElapsedCallback
                0x0000000008001a98       0x24 ./Core/Src/main.o
                0x0000000008001a98                HAL_TIM_PeriodElapsedCallback
 .text.Error_Handler
                0x0000000008001abc        0xa ./Core/Src/main.o
                0x0000000008001abc                Error_Handler
 *fill*         0x0000000008001ac6        0x2 
 .text.socket   0x0000000008001ac8      0x228 ./Core/Src/socket.o
                0x0000000008001ac8                socket
 .text.close    0x0000000008001cf0       0xdc ./Core/Src/socket.o
                0x0000000008001cf0                close
 .text.listen   0x0000000008001dcc       0xb2 ./Core/Src/socket.o
                0x0000000008001dcc                listen
 *fill*         0x0000000008001e7e        0x2 
 .text.disconnect
                0x0000000008001e80       0xec ./Core/Src/socket.o
                0x0000000008001e80                disconnect
 .text.send     0x0000000008001f6c      0x1f4 ./Core/Src/socket.o
                0x0000000008001f6c                send
 .text.recv     0x0000000008002160      0x16c ./Core/Src/socket.o
                0x0000000008002160                recv
 .text.getsockopt
                0x00000000080022cc      0x230 ./Core/Src/socket.o
                0x00000000080022cc                getsockopt
 .text.HAL_MspInit
                0x00000000080024fc       0x50 ./Core/Src/stm32f4xx_hal_msp.o
                0x00000000080024fc                HAL_MspInit
 .text.HAL_SPI_MspInit
                0x000000000800254c       0xa0 ./Core/Src/stm32f4xx_hal_msp.o
                0x000000000800254c                HAL_SPI_MspInit
 .text.HAL_InitTick
                0x00000000080025ec       0xe4 ./Core/Src/stm32f4xx_hal_timebase_tim.o
                0x00000000080025ec                HAL_InitTick
 .text.LL_TIM_ClearFlag_UPDATE
                0x00000000080026d0       0x1c ./Core/Src/stm32f4xx_it.o
 .text.LL_TIM_IsActiveFlag_UPDATE
                0x00000000080026ec       0x26 ./Core/Src/stm32f4xx_it.o
 .text.LL_GPIO_TogglePin
                0x0000000008002712       0x32 ./Core/Src/stm32f4xx_it.o
 .text.NMI_Handler
                0x0000000008002744        0xa ./Core/Src/stm32f4xx_it.o
                0x0000000008002744                NMI_Handler
 .text.HardFault_Handler
                0x000000000800274e        0x6 ./Core/Src/stm32f4xx_it.o
                0x000000000800274e                HardFault_Handler
 .text.MemManage_Handler
                0x0000000008002754        0x6 ./Core/Src/stm32f4xx_it.o
                0x0000000008002754                MemManage_Handler
 .text.BusFault_Handler
                0x000000000800275a        0x6 ./Core/Src/stm32f4xx_it.o
                0x000000000800275a                BusFault_Handler
 .text.UsageFault_Handler
                0x0000000008002760        0x6 ./Core/Src/stm32f4xx_it.o
                0x0000000008002760                UsageFault_Handler
 .text.SVC_Handler
                0x0000000008002766        0xe ./Core/Src/stm32f4xx_it.o
                0x0000000008002766                SVC_Handler
 .text.DebugMon_Handler
                0x0000000008002774        0xe ./Core/Src/stm32f4xx_it.o
                0x0000000008002774                DebugMon_Handler
 .text.PendSV_Handler
                0x0000000008002782        0xe ./Core/Src/stm32f4xx_it.o
                0x0000000008002782                PendSV_Handler
 .text.SysTick_Handler
                0x0000000008002790        0xe ./Core/Src/stm32f4xx_it.o
                0x0000000008002790                SysTick_Handler
 *fill*         0x000000000800279e        0x2 
 .text.TIM1_UP_TIM10_IRQHandler
                0x00000000080027a0       0x38 ./Core/Src/stm32f4xx_it.o
                0x00000000080027a0                TIM1_UP_TIM10_IRQHandler
 .text.SPI1_IRQHandler
                0x00000000080027d8       0x14 ./Core/Src/stm32f4xx_it.o
                0x00000000080027d8                SPI1_IRQHandler
 .text.USART1_IRQHandler
                0x00000000080027ec       0x78 ./Core/Src/stm32f4xx_it.o
                0x00000000080027ec                USART1_IRQHandler
 .text.OTG_FS_IRQHandler
                0x0000000008002864       0x14 ./Core/Src/stm32f4xx_it.o
                0x0000000008002864                OTG_FS_IRQHandler
 .text._sbrk    0x0000000008002878       0x6c ./Core/Src/sysmem.o
                0x0000000008002878                _sbrk
 .text.SystemInit
                0x00000000080028e4       0x24 ./Core/Src/system_stm32f4xx.o
                0x00000000080028e4                SystemInit
 .text.WIZCHIP_READ
                0x0000000008002908       0x98 ./Core/Src/w5500.o
                0x0000000008002908                WIZCHIP_READ
 .text.WIZCHIP_WRITE
                0x00000000080029a0       0x9c ./Core/Src/w5500.o
                0x00000000080029a0                WIZCHIP_WRITE
 .text.WIZCHIP_READ_BUF
                0x0000000008002a3c       0xc0 ./Core/Src/w5500.o
                0x0000000008002a3c                WIZCHIP_READ_BUF
 .text.WIZCHIP_WRITE_BUF
                0x0000000008002afc       0xc0 ./Core/Src/w5500.o
                0x0000000008002afc                WIZCHIP_WRITE_BUF
 .text.getSn_TX_FSR
                0x0000000008002bbc       0x96 ./Core/Src/w5500.o
                0x0000000008002bbc                getSn_TX_FSR
 .text.getSn_RX_RSR
                0x0000000008002c52       0x96 ./Core/Src/w5500.o
                0x0000000008002c52                getSn_RX_RSR
 .text.wiz_send_data
                0x0000000008002ce8       0xb8 ./Core/Src/w5500.o
                0x0000000008002ce8                wiz_send_data
 .text.wiz_recv_data
                0x0000000008002da0       0xb8 ./Core/Src/w5500.o
                0x0000000008002da0                wiz_recv_data
 .text.wizchip_cris_enter
                0x0000000008002e58        0xe ./Core/Src/wizchip_conf.o
                0x0000000008002e58                wizchip_cris_enter
 .text.wizchip_cris_exit
                0x0000000008002e66        0xe ./Core/Src/wizchip_conf.o
                0x0000000008002e66                wizchip_cris_exit
 .text.wizchip_cs_select
                0x0000000008002e74        0xe ./Core/Src/wizchip_conf.o
                0x0000000008002e74                wizchip_cs_select
 .text.wizchip_cs_deselect
                0x0000000008002e82        0xe ./Core/Src/wizchip_conf.o
                0x0000000008002e82                wizchip_cs_deselect
 .text.wizchip_bus_readdata
                0x0000000008002e90       0x1a ./Core/Src/wizchip_conf.o
                0x0000000008002e90                wizchip_bus_readdata
 .text.wizchip_bus_writedata
                0x0000000008002eaa       0x1e ./Core/Src/wizchip_conf.o
                0x0000000008002eaa                wizchip_bus_writedata
 .text.wizchip_spi_readbyte
                0x0000000008002ec8       0x10 ./Core/Src/wizchip_conf.o
                0x0000000008002ec8                wizchip_spi_readbyte
 .text.wizchip_spi_writebyte
                0x0000000008002ed8       0x16 ./Core/Src/wizchip_conf.o
                0x0000000008002ed8                wizchip_spi_writebyte
 .text.wizchip_spi_readburst
                0x0000000008002eee       0x18 ./Core/Src/wizchip_conf.o
                0x0000000008002eee                wizchip_spi_readburst
 .text.wizchip_spi_writeburst
                0x0000000008002f06       0x18 ./Core/Src/wizchip_conf.o
                0x0000000008002f06                wizchip_spi_writeburst
 *fill*         0x0000000008002f1e        0x2 
 .text.reg_wizchip_cs_cbfunc
                0x0000000008002f20       0x4c ./Core/Src/wizchip_conf.o
                0x0000000008002f20                reg_wizchip_cs_cbfunc
 .text.reg_wizchip_spi_cbfunc
                0x0000000008002f6c       0x58 ./Core/Src/wizchip_conf.o
                0x0000000008002f6c                reg_wizchip_spi_cbfunc
 .text.reg_wizchip_spiburst_cbfunc
                0x0000000008002fc4       0x58 ./Core/Src/wizchip_conf.o
                0x0000000008002fc4                reg_wizchip_spiburst_cbfunc
 .text.ctlnetwork
                0x000000000800301c       0x7c ./Core/Src/wizchip_conf.o
                0x000000000800301c                ctlnetwork
 .text.wizchip_sw_reset
                0x0000000008003098       0x98 ./Core/Src/wizchip_conf.o
                0x0000000008003098                wizchip_sw_reset
 .text.wizchip_init
                0x0000000008003130      0x118 ./Core/Src/wizchip_conf.o
                0x0000000008003130                wizchip_init
 .text.wizchip_setnetinfo
                0x0000000008003248       0x80 ./Core/Src/wizchip_conf.o
                0x0000000008003248                wizchip_setnetinfo
 .text.wizchip_getnetinfo
                0x00000000080032c8       0x80 ./Core/Src/wizchip_conf.o
                0x00000000080032c8                wizchip_getnetinfo
 .text.wizchip_setnetmode
                0x0000000008003348       0x44 ./Core/Src/wizchip_conf.o
                0x0000000008003348                wizchip_setnetmode
 .text.wizchip_getnetmode
                0x000000000800338c       0x10 ./Core/Src/wizchip_conf.o
                0x000000000800338c                wizchip_getnetmode
 .text.wizchip_settimeout
                0x000000000800339c       0x42 ./Core/Src/wizchip_conf.o
                0x000000000800339c                wizchip_settimeout
 .text.wizchip_gettimeout
                0x00000000080033de       0x44 ./Core/Src/wizchip_conf.o
                0x00000000080033de                wizchip_gettimeout
 *fill*         0x0000000008003422        0x2 
 .text.Reset_Handler
                0x0000000008003424       0x50 ./Core/Startup/startup_stm32f401ccux.o
                0x0000000008003424                Reset_Handler
 .text.Default_Handler
                0x0000000008003474        0x2 ./Core/Startup/startup_stm32f401ccux.o
                0x0000000008003474                RTC_Alarm_IRQHandler
                0x0000000008003474                EXTI2_IRQHandler
                0x0000000008003474                SPI4_IRQHandler
                0x0000000008003474                TIM1_CC_IRQHandler
                0x0000000008003474                DMA2_Stream5_IRQHandler
                0x0000000008003474                DMA1_Stream5_IRQHandler
                0x0000000008003474                PVD_IRQHandler
                0x0000000008003474                SDIO_IRQHandler
                0x0000000008003474                TAMP_STAMP_IRQHandler
                0x0000000008003474                EXTI3_IRQHandler
                0x0000000008003474                I2C3_ER_IRQHandler
                0x0000000008003474                EXTI0_IRQHandler
                0x0000000008003474                I2C2_EV_IRQHandler
                0x0000000008003474                DMA1_Stream2_IRQHandler
                0x0000000008003474                FPU_IRQHandler
                0x0000000008003474                DMA2_Stream2_IRQHandler
                0x0000000008003474                TIM1_BRK_TIM9_IRQHandler
                0x0000000008003474                DMA2_Stream3_IRQHandler
                0x0000000008003474                USART6_IRQHandler
                0x0000000008003474                DMA2_Stream0_IRQHandler
                0x0000000008003474                TIM4_IRQHandler
                0x0000000008003474                I2C1_EV_IRQHandler
                0x0000000008003474                DMA1_Stream6_IRQHandler
                0x0000000008003474                DMA1_Stream1_IRQHandler
                0x0000000008003474                TIM3_IRQHandler
                0x0000000008003474                RCC_IRQHandler
                0x0000000008003474                Default_Handler
                0x0000000008003474                EXTI15_10_IRQHandler
                0x0000000008003474                ADC_IRQHandler
                0x0000000008003474                DMA1_Stream7_IRQHandler
                0x0000000008003474                TIM5_IRQHandler
                0x0000000008003474                DMA2_Stream7_IRQHandler
                0x0000000008003474                I2C3_EV_IRQHandler
                0x0000000008003474                EXTI9_5_IRQHandler
                0x0000000008003474                RTC_WKUP_IRQHandler
                0x0000000008003474                SPI2_IRQHandler
                0x0000000008003474                DMA1_Stream0_IRQHandler
                0x0000000008003474                EXTI4_IRQHandler
                0x0000000008003474                WWDG_IRQHandler
                0x0000000008003474                TIM2_IRQHandler
                0x0000000008003474                OTG_FS_WKUP_IRQHandler
                0x0000000008003474                TIM1_TRG_COM_TIM11_IRQHandler
                0x0000000008003474                EXTI1_IRQHandler
                0x0000000008003474                USART2_IRQHandler
                0x0000000008003474                I2C2_ER_IRQHandler
                0x0000000008003474                DMA2_Stream1_IRQHandler
                0x0000000008003474                FLASH_IRQHandler
                0x0000000008003474                DMA2_Stream4_IRQHandler
                0x0000000008003474                SPI3_IRQHandler
                0x0000000008003474                DMA1_Stream4_IRQHandler
                0x0000000008003474                I2C1_ER_IRQHandler
                0x0000000008003474                DMA2_Stream6_IRQHandler
                0x0000000008003474                DMA1_Stream3_IRQHandler
 *fill*         0x0000000008003476        0x2 
 .text.HAL_Init
                0x0000000008003478       0x44 ./Drivers/STM32F4xx_HAL_Driver/Src/stm32f4xx_hal.o
                0x0000000008003478                HAL_Init
 .text.HAL_IncTick
                0x00000000080034bc       0x28 ./Drivers/STM32F4xx_HAL_Driver/Src/stm32f4xx_hal.o
                0x00000000080034bc                HAL_IncTick
 .text.HAL_GetTick
                0x00000000080034e4       0x18 ./Drivers/STM32F4xx_HAL_Driver/Src/stm32f4xx_hal.o
                0x00000000080034e4                HAL_GetTick
 .text.HAL_Delay
                0x00000000080034fc       0x48 ./Drivers/STM32F4xx_HAL_Driver/Src/stm32f4xx_hal.o
                0x00000000080034fc                HAL_Delay
 .text.__NVIC_SetPriorityGrouping
                0x0000000008003544       0x48 ./Drivers/STM32F4xx_HAL_Driver/Src/stm32f4xx_hal_cortex.o
 .text.__NVIC_GetPriorityGrouping
                0x000000000800358c       0x1c ./Drivers/STM32F4xx_HAL_Driver/Src/stm32f4xx_hal_cortex.o
 .text.__NVIC_EnableIRQ
                0x00000000080035a8       0x3c ./Drivers/STM32F4xx_HAL_Driver/Src/stm32f4xx_hal_cortex.o
 .text.__NVIC_SetPriority
                0x00000000080035e4       0x54 ./Drivers/STM32F4xx_HAL_Driver/Src/stm32f4xx_hal_cortex.o
 .text.NVIC_EncodePriority
                0x0000000008003638       0x66 ./Drivers/STM32F4xx_HAL_Driver/Src/stm32f4xx_hal_cortex.o
 .text.HAL_NVIC_SetPriorityGrouping
                0x000000000800369e       0x16 ./Drivers/STM32F4xx_HAL_Driver/Src/stm32f4xx_hal_cortex.o
                0x000000000800369e                HAL_NVIC_SetPriorityGrouping
 .text.HAL_NVIC_SetPriority
                0x00000000080036b4       0x38 ./Drivers/STM32F4xx_HAL_Driver/Src/stm32f4xx_hal_cortex.o
                0x00000000080036b4                HAL_NVIC_SetPriority
 .text.HAL_NVIC_EnableIRQ
                0x00000000080036ec       0x1c ./Drivers/STM32F4xx_HAL_Driver/Src/stm32f4xx_hal_cortex.o
                0x00000000080036ec                HAL_NVIC_EnableIRQ
 .text.HAL_DMA_Abort_IT
                0x0000000008003708       0x44 ./Drivers/STM32F4xx_HAL_Driver/Src/stm32f4xx_hal_dma.o
                0x0000000008003708                HAL_DMA_Abort_IT
 .text.HAL_GPIO_Init
                0x000000000800374c      0x308 ./Drivers/STM32F4xx_HAL_Driver/Src/stm32f4xx_hal_gpio.o
                0x000000000800374c                HAL_GPIO_Init
 .text.HAL_GPIO_WritePin
                0x0000000008003a54       0x32 ./Drivers/STM32F4xx_HAL_Driver/Src/stm32f4xx_hal_gpio.o
                0x0000000008003a54                HAL_GPIO_WritePin
 .text.HAL_PCD_Init
                0x0000000008003a86      0x23a ./Drivers/STM32F4xx_HAL_Driver/Src/stm32f4xx_hal_pcd.o
                0x0000000008003a86                HAL_PCD_Init
 .text.HAL_PCD_Start
                0x0000000008003cc0       0x66 ./Drivers/STM32F4xx_HAL_Driver/Src/stm32f4xx_hal_pcd.o
                0x0000000008003cc0                HAL_PCD_Start
 .text.HAL_PCD_IRQHandler
                0x0000000008003d26      0x93e ./Drivers/STM32F4xx_HAL_Driver/Src/stm32f4xx_hal_pcd.o
                0x0000000008003d26                HAL_PCD_IRQHandler
 .text.HAL_PCD_SetAddress
                0x0000000008004664       0x4a ./Drivers/STM32F4xx_HAL_Driver/Src/stm32f4xx_hal_pcd.o
                0x0000000008004664                HAL_PCD_SetAddress
 .text.HAL_PCD_EP_Open
                0x00000000080046ae       0xd0 ./Drivers/STM32F4xx_HAL_Driver/Src/stm32f4xx_hal_pcd.o
                0x00000000080046ae                HAL_PCD_EP_Open
 .text.HAL_PCD_EP_Close
                0x000000000800477e       0x94 ./Drivers/STM32F4xx_HAL_Driver/Src/stm32f4xx_hal_pcd.o
                0x000000000800477e                HAL_PCD_EP_Close
 .text.HAL_PCD_EP_Receive
                0x0000000008004812       0x96 ./Drivers/STM32F4xx_HAL_Driver/Src/stm32f4xx_hal_pcd.o
                0x0000000008004812                HAL_PCD_EP_Receive
 .text.HAL_PCD_EP_GetRxCount
                0x00000000080048a8       0x30 ./Drivers/STM32F4xx_HAL_Driver/Src/stm32f4xx_hal_pcd.o
                0x00000000080048a8                HAL_PCD_EP_GetRxCount
 .text.HAL_PCD_EP_Transmit
                0x00000000080048d8       0x94 ./Drivers/STM32F4xx_HAL_Driver/Src/stm32f4xx_hal_pcd.o
                0x00000000080048d8                HAL_PCD_EP_Transmit
 .text.HAL_PCD_EP_SetStall
                0x000000000800496c       0xc8 ./Drivers/STM32F4xx_HAL_Driver/Src/stm32f4xx_hal_pcd.o
                0x000000000800496c                HAL_PCD_EP_SetStall
 .text.HAL_PCD_EP_ClrStall
                0x0000000008004a34       0xac ./Drivers/STM32F4xx_HAL_Driver/Src/stm32f4xx_hal_pcd.o
                0x0000000008004a34                HAL_PCD_EP_ClrStall
 .text.HAL_PCD_EP_Abort
                0x0000000008004ae0       0x62 ./Drivers/STM32F4xx_HAL_Driver/Src/stm32f4xx_hal_pcd.o
                0x0000000008004ae0                HAL_PCD_EP_Abort
 .text.PCD_WriteEmptyTxFifo
                0x0000000008004b42      0x11a ./Drivers/STM32F4xx_HAL_Driver/Src/stm32f4xx_hal_pcd.o
 .text.PCD_EP_OutXfrComplete_int
                0x0000000008004c5c      0x1d0 ./Drivers/STM32F4xx_HAL_Driver/Src/stm32f4xx_hal_pcd.o
 .text.PCD_EP_OutSetupPacket_int
                0x0000000008004e2c       0x8c ./Drivers/STM32F4xx_HAL_Driver/Src/stm32f4xx_hal_pcd.o
 .text.HAL_PCDEx_SetTxFiFo
                0x0000000008004eb8       0x8e ./Drivers/STM32F4xx_HAL_Driver/Src/stm32f4xx_hal_pcd_ex.o
                0x0000000008004eb8                HAL_PCDEx_SetTxFiFo
 .text.HAL_PCDEx_SetRxFiFo
                0x0000000008004f46       0x22 ./Drivers/STM32F4xx_HAL_Driver/Src/stm32f4xx_hal_pcd_ex.o
                0x0000000008004f46                HAL_PCDEx_SetRxFiFo
 .text.HAL_PCDEx_LPM_Callback
                0x0000000008004f68       0x18 ./Drivers/STM32F4xx_HAL_Driver/Src/stm32f4xx_hal_pcd_ex.o
                0x0000000008004f68                HAL_PCDEx_LPM_Callback
 .text.HAL_RCC_OscConfig
                0x0000000008004f80      0x4f0 ./Drivers/STM32F4xx_HAL_Driver/Src/stm32f4xx_hal_rcc.o
                0x0000000008004f80                HAL_RCC_OscConfig
 .text.HAL_RCC_ClockConfig
                0x0000000008005470      0x1cc ./Drivers/STM32F4xx_HAL_Driver/Src/stm32f4xx_hal_rcc.o
                0x0000000008005470                HAL_RCC_ClockConfig
 .text.HAL_RCC_EnableCSS
                0x000000000800563c       0x18 ./Drivers/STM32F4xx_HAL_Driver/Src/stm32f4xx_hal_rcc.o
                0x000000000800563c                HAL_RCC_EnableCSS
 .text.HAL_RCC_GetSysClockFreq
                0x0000000008005654      0x18c ./Drivers/STM32F4xx_HAL_Driver/Src/stm32f4xx_hal_rcc.o
                0x0000000008005654                HAL_RCC_GetSysClockFreq
 .text.HAL_RCC_GetHCLKFreq
                0x00000000080057e0       0x18 ./Drivers/STM32F4xx_HAL_Driver/Src/stm32f4xx_hal_rcc.o
                0x00000000080057e0                HAL_RCC_GetHCLKFreq
 .text.HAL_RCC_GetPCLK2Freq
                0x00000000080057f8       0x28 ./Drivers/STM32F4xx_HAL_Driver/Src/stm32f4xx_hal_rcc.o
                0x00000000080057f8                HAL_RCC_GetPCLK2Freq
 .text.HAL_RCC_GetClockConfig
                0x0000000008005820       0x64 ./Drivers/STM32F4xx_HAL_Driver/Src/stm32f4xx_hal_rcc.o
                0x0000000008005820                HAL_RCC_GetClockConfig
 .text.HAL_RCC_NMI_IRQHandler
                0x0000000008005884       0x28 ./Drivers/STM32F4xx_HAL_Driver/Src/stm32f4xx_hal_rcc.o
                0x0000000008005884                HAL_RCC_NMI_IRQHandler
 .text.HAL_RCC_CSSCallback
                0x00000000080058ac        0xe ./Drivers/STM32F4xx_HAL_Driver/Src/stm32f4xx_hal_rcc.o
                0x00000000080058ac                HAL_RCC_CSSCallback
 .text.HAL_SPI_Init
                0x00000000080058ba      0x112 ./Drivers/STM32F4xx_HAL_Driver/Src/stm32f4xx_hal_spi.o
                0x00000000080058ba                HAL_SPI_Init
 .text.HAL_SPI_Transmit
                0x00000000080059cc      0x278 ./Drivers/STM32F4xx_HAL_Driver/Src/stm32f4xx_hal_spi.o
                0x00000000080059cc                HAL_SPI_Transmit
 .text.HAL_SPI_Receive
                0x0000000008005c44      0x222 ./Drivers/STM32F4xx_HAL_Driver/Src/stm32f4xx_hal_spi.o
                0x0000000008005c44                HAL_SPI_Receive
 .text.HAL_SPI_TransmitReceive
                0x0000000008005e66      0x344 ./Drivers/STM32F4xx_HAL_Driver/Src/stm32f4xx_hal_spi.o
                0x0000000008005e66                HAL_SPI_TransmitReceive
 *fill*         0x00000000080061aa        0x2 
 .text.HAL_SPI_IRQHandler
                0x00000000080061ac      0x1e8 ./Drivers/STM32F4xx_HAL_Driver/Src/stm32f4xx_hal_spi.o
                0x00000000080061ac                HAL_SPI_IRQHandler
 .text.HAL_SPI_ErrorCallback
                0x0000000008006394       0x14 ./Drivers/STM32F4xx_HAL_Driver/Src/stm32f4xx_hal_spi.o
                0x0000000008006394                HAL_SPI_ErrorCallback
 .text.SPI_DMAAbortOnError
                0x00000000080063a8       0x28 ./Drivers/STM32F4xx_HAL_Driver/Src/stm32f4xx_hal_spi.o
 .text.SPI_WaitFlagStateUntilTimeout
                0x00000000080063d0      0x110 ./Drivers/STM32F4xx_HAL_Driver/Src/stm32f4xx_hal_spi.o
 .text.SPI_EndRxTransaction
                0x00000000080064e0       0xca ./Drivers/STM32F4xx_HAL_Driver/Src/stm32f4xx_hal_spi.o
 *fill*         0x00000000080065aa        0x2 
 .text.SPI_EndRxTxTransaction
                0x00000000080065ac       0x84 ./Drivers/STM32F4xx_HAL_Driver/Src/stm32f4xx_hal_spi.o
 .text.HAL_TIM_Base_Init
                0x0000000008006630       0x9e ./Drivers/STM32F4xx_HAL_Driver/Src/stm32f4xx_hal_tim.o
                0x0000000008006630                HAL_TIM_Base_Init
 .text.HAL_TIM_Base_MspInit
                0x00000000080066ce       0x14 ./Drivers/STM32F4xx_HAL_Driver/Src/stm32f4xx_hal_tim.o
                0x00000000080066ce                HAL_TIM_Base_MspInit
 *fill*         0x00000000080066e2        0x2 
 .text.HAL_TIM_Base_Start_IT
                0x00000000080066e4       0xc4 ./Drivers/STM32F4xx_HAL_Driver/Src/stm32f4xx_hal_tim.o
                0x00000000080066e4                HAL_TIM_Base_Start_IT
 .text.HAL_TIM_IRQHandler
                0x00000000080067a8      0x210 ./Drivers/STM32F4xx_HAL_Driver/Src/stm32f4xx_hal_tim.o
                0x00000000080067a8                HAL_TIM_IRQHandler
 .text.HAL_TIM_OC_DelayElapsedCallback
                0x00000000080069b8       0x14 ./Drivers/STM32F4xx_HAL_Driver/Src/stm32f4xx_hal_tim.o
                0x00000000080069b8                HAL_TIM_OC_DelayElapsedCallback
 .text.HAL_TIM_IC_CaptureCallback
                0x00000000080069cc       0x14 ./Drivers/STM32F4xx_HAL_Driver/Src/stm32f4xx_hal_tim.o
                0x00000000080069cc                HAL_TIM_IC_CaptureCallback
 .text.HAL_TIM_PWM_PulseFinishedCallback
                0x00000000080069e0       0x14 ./Drivers/STM32F4xx_HAL_Driver/Src/stm32f4xx_hal_tim.o
                0x00000000080069e0                HAL_TIM_PWM_PulseFinishedCallback
 .text.HAL_TIM_TriggerCallback
                0x00000000080069f4       0x14 ./Drivers/STM32F4xx_HAL_Driver/Src/stm32f4xx_hal_tim.o
                0x00000000080069f4                HAL_TIM_TriggerCallback
 .text.TIM_Base_SetConfig
                0x0000000008006a08      0x100 ./Drivers/STM32F4xx_HAL_Driver/Src/stm32f4xx_hal_tim.o
                0x0000000008006a08                TIM_Base_SetConfig
 .text.HAL_TIMEx_CommutCallback
                0x0000000008006b08       0x14 ./Drivers/STM32F4xx_HAL_Driver/Src/stm32f4xx_hal_tim_ex.o
                0x0000000008006b08                HAL_TIMEx_CommutCallback
 .text.HAL_TIMEx_BreakCallback
                0x0000000008006b1c       0x14 ./Drivers/STM32F4xx_HAL_Driver/Src/stm32f4xx_hal_tim_ex.o
                0x0000000008006b1c                HAL_TIMEx_BreakCallback
 .text.LL_GPIO_SetPinMode
                0x0000000008006b30       0x5e ./Drivers/STM32F4xx_HAL_Driver/Src/stm32f4xx_ll_gpio.o
 .text.LL_GPIO_SetPinOutputType
                0x0000000008006b8e       0x30 ./Drivers/STM32F4xx_HAL_Driver/Src/stm32f4xx_ll_gpio.o
 .text.LL_GPIO_SetPinSpeed
                0x0000000008006bbe       0x5e ./Drivers/STM32F4xx_HAL_Driver/Src/stm32f4xx_ll_gpio.o
 .text.LL_GPIO_SetPinPull
                0x0000000008006c1c       0x5e ./Drivers/STM32F4xx_HAL_Driver/Src/stm32f4xx_ll_gpio.o
 .text.LL_GPIO_SetAFPin_0_7
                0x0000000008006c7a       0x5e ./Drivers/STM32F4xx_HAL_Driver/Src/stm32f4xx_ll_gpio.o
 .text.LL_GPIO_SetAFPin_8_15
                0x0000000008006cd8       0x62 ./Drivers/STM32F4xx_HAL_Driver/Src/stm32f4xx_ll_gpio.o
 .text.LL_GPIO_Init
                0x0000000008006d3a       0xe6 ./Drivers/STM32F4xx_HAL_Driver/Src/stm32f4xx_ll_gpio.o
                0x0000000008006d3a                LL_GPIO_Init
 .text.LL_RCC_GetSysClkSource
                0x0000000008006e20       0x1c ./Drivers/STM32F4xx_HAL_Driver/Src/stm32f4xx_ll_rcc.o
 .text.LL_RCC_GetAHBPrescaler
                0x0000000008006e3c       0x1c ./Drivers/STM32F4xx_HAL_Driver/Src/stm32f4xx_ll_rcc.o
 .text.LL_RCC_GetAPB1Prescaler
                0x0000000008006e58       0x1c ./Drivers/STM32F4xx_HAL_Driver/Src/stm32f4xx_ll_rcc.o
 .text.LL_RCC_GetAPB2Prescaler
                0x0000000008006e74       0x1c ./Drivers/STM32F4xx_HAL_Driver/Src/stm32f4xx_ll_rcc.o
 .text.LL_RCC_PLL_GetMainSource
                0x0000000008006e90       0x1c ./Drivers/STM32F4xx_HAL_Driver/Src/stm32f4xx_ll_rcc.o
 .text.LL_RCC_PLL_GetN
                0x0000000008006eac       0x1c ./Drivers/STM32F4xx_HAL_Driver/Src/stm32f4xx_ll_rcc.o
 .text.LL_RCC_PLL_GetP
                0x0000000008006ec8       0x1c ./Drivers/STM32F4xx_HAL_Driver/Src/stm32f4xx_ll_rcc.o
 .text.LL_RCC_PLL_GetDivider
                0x0000000008006ee4       0x1c ./Drivers/STM32F4xx_HAL_Driver/Src/stm32f4xx_ll_rcc.o
 .text.LL_RCC_GetSystemClocksFreq
                0x0000000008006f00       0x4a ./Drivers/STM32F4xx_HAL_Driver/Src/stm32f4xx_ll_rcc.o
                0x0000000008006f00                LL_RCC_GetSystemClocksFreq
 *fill*         0x0000000008006f4a        0x2 
 .text.RCC_GetSystemClockFreq
                0x0000000008006f4c       0x50 ./Drivers/STM32F4xx_HAL_Driver/Src/stm32f4xx_ll_rcc.o
                0x0000000008006f4c                RCC_GetSystemClockFreq
 .text.RCC_GetHCLKClockFreq
                0x0000000008006f9c       0x2c ./Drivers/STM32F4xx_HAL_Driver/Src/stm32f4xx_ll_rcc.o
                0x0000000008006f9c                RCC_GetHCLKClockFreq
 .text.RCC_GetPCLK1ClockFreq
                0x0000000008006fc8       0x28 ./Drivers/STM32F4xx_HAL_Driver/Src/stm32f4xx_ll_rcc.o
                0x0000000008006fc8                RCC_GetPCLK1ClockFreq
 .text.RCC_GetPCLK2ClockFreq
                0x0000000008006ff0       0x28 ./Drivers/STM32F4xx_HAL_Driver/Src/stm32f4xx_ll_rcc.o
                0x0000000008006ff0                RCC_GetPCLK2ClockFreq
 .text.RCC_PLL_GetFreqDomain_SYS
                0x0000000008007018       0x7c ./Drivers/STM32F4xx_HAL_Driver/Src/stm32f4xx_ll_rcc.o
                0x0000000008007018                RCC_PLL_GetFreqDomain_SYS
 .text.LL_TIM_SetPrescaler
                0x0000000008007094       0x1c ./Drivers/STM32F4xx_HAL_Driver/Src/stm32f4xx_ll_tim.o
 .text.LL_TIM_SetAutoReload
                0x00000000080070b0       0x1c ./Drivers/STM32F4xx_HAL_Driver/Src/stm32f4xx_ll_tim.o
 .text.LL_TIM_SetRepetitionCounter
                0x00000000080070cc       0x1c ./Drivers/STM32F4xx_HAL_Driver/Src/stm32f4xx_ll_tim.o
 .text.LL_TIM_GenerateEvent_UPDATE
                0x00000000080070e8       0x20 ./Drivers/STM32F4xx_HAL_Driver/Src/stm32f4xx_ll_tim.o
 .text.LL_TIM_Init
                0x0000000008007108       0xf4 ./Drivers/STM32F4xx_HAL_Driver/Src/stm32f4xx_ll_tim.o
                0x0000000008007108                LL_TIM_Init
 .text.LL_USART_IsEnabled
                0x00000000080071fc       0x28 ./Drivers/STM32F4xx_HAL_Driver/Src/stm32f4xx_ll_usart.o
 .text.LL_USART_SetStopBitsLength
                0x0000000008007224       0x26 ./Drivers/STM32F4xx_HAL_Driver/Src/stm32f4xx_ll_usart.o
 .text.LL_USART_SetHWFlowCtrl
                0x000000000800724a       0x26 ./Drivers/STM32F4xx_HAL_Driver/Src/stm32f4xx_ll_usart.o
 .text.LL_USART_SetBaudRate
                0x0000000008007270      0x45c ./Drivers/STM32F4xx_HAL_Driver/Src/stm32f4xx_ll_usart.o
 .text.LL_USART_Init
                0x00000000080076cc       0xc8 ./Drivers/STM32F4xx_HAL_Driver/Src/stm32f4xx_ll_usart.o
                0x00000000080076cc                LL_USART_Init
 .text.USB_CoreInit
                0x0000000008007794       0xc2 ./Drivers/STM32F4xx_HAL_Driver/Src/stm32f4xx_ll_usb.o
                0x0000000008007794                USB_CoreInit
 *fill*         0x0000000008007856        0x2 
 .text.USB_SetTurnaroundTime
                0x0000000008007858      0x144 ./Drivers/STM32F4xx_HAL_Driver/Src/stm32f4xx_ll_usb.o
                0x0000000008007858                USB_SetTurnaroundTime
 .text.USB_EnableGlobalInt
                0x000000000800799c       0x22 ./Drivers/STM32F4xx_HAL_Driver/Src/stm32f4xx_ll_usb.o
                0x000000000800799c                USB_EnableGlobalInt
 .text.USB_DisableGlobalInt
                0x00000000080079be       0x22 ./Drivers/STM32F4xx_HAL_Driver/Src/stm32f4xx_ll_usb.o
                0x00000000080079be                USB_DisableGlobalInt
 .text.USB_SetCurrentMode
                0x00000000080079e0       0x98 ./Drivers/STM32F4xx_HAL_Driver/Src/stm32f4xx_ll_usb.o
                0x00000000080079e0                USB_SetCurrentMode
 .text.USB_DevInit
                0x0000000008007a78      0x2c8 ./Drivers/STM32F4xx_HAL_Driver/Src/stm32f4xx_ll_usb.o
                0x0000000008007a78                USB_DevInit
 .text.USB_FlushTxFifo
                0x0000000008007d40       0x68 ./Drivers/STM32F4xx_HAL_Driver/Src/stm32f4xx_ll_usb.o
                0x0000000008007d40                USB_FlushTxFifo
 .text.USB_FlushRxFifo
                0x0000000008007da8       0x60 ./Drivers/STM32F4xx_HAL_Driver/Src/stm32f4xx_ll_usb.o
                0x0000000008007da8                USB_FlushRxFifo
 .text.USB_SetDevSpeed
                0x0000000008007e08       0x32 ./Drivers/STM32F4xx_HAL_Driver/Src/stm32f4xx_ll_usb.o
                0x0000000008007e08                USB_SetDevSpeed
 .text.USB_GetDevSpeed
                0x0000000008007e3a       0x4a ./Drivers/STM32F4xx_HAL_Driver/Src/stm32f4xx_ll_usb.o
                0x0000000008007e3a                USB_GetDevSpeed
 .text.USB_ActivateEndpoint
                0x0000000008007e84      0x10e ./Drivers/STM32F4xx_HAL_Driver/Src/stm32f4xx_ll_usb.o
                0x0000000008007e84                USB_ActivateEndpoint
 *fill*         0x0000000008007f92        0x2 
 .text.USB_DeactivateEndpoint
                0x0000000008007f94      0x1b8 ./Drivers/STM32F4xx_HAL_Driver/Src/stm32f4xx_ll_usb.o
                0x0000000008007f94                USB_DeactivateEndpoint
 .text.USB_EPStartXfer
                0x000000000800814c      0x490 ./Drivers/STM32F4xx_HAL_Driver/Src/stm32f4xx_ll_usb.o
                0x000000000800814c                USB_EPStartXfer
 .text.USB_EP0StartXfer
                0x00000000080085dc      0x2b0 ./Drivers/STM32F4xx_HAL_Driver/Src/stm32f4xx_ll_usb.o
                0x00000000080085dc                USB_EP0StartXfer
 .text.USB_EPStopXfer
                0x000000000800888c      0x154 ./Drivers/STM32F4xx_HAL_Driver/Src/stm32f4xx_ll_usb.o
                0x000000000800888c                USB_EPStopXfer
 .text.USB_WritePacket
                0x00000000080089e0       0x7c ./Drivers/STM32F4xx_HAL_Driver/Src/stm32f4xx_ll_usb.o
                0x00000000080089e0                USB_WritePacket
 .text.USB_ReadPacket
                0x0000000008008a5c       0xb0 ./Drivers/STM32F4xx_HAL_Driver/Src/stm32f4xx_ll_usb.o
                0x0000000008008a5c                USB_ReadPacket
 .text.USB_EPSetStall
                0x0000000008008b0c       0xdc ./Drivers/STM32F4xx_HAL_Driver/Src/stm32f4xx_ll_usb.o
                0x0000000008008b0c                USB_EPSetStall
 .text.USB_EPClearStall
                0x0000000008008be8       0xcc ./Drivers/STM32F4xx_HAL_Driver/Src/stm32f4xx_ll_usb.o
                0x0000000008008be8                USB_EPClearStall
 .text.USB_SetDevAddress
                0x0000000008008cb4       0x4c ./Drivers/STM32F4xx_HAL_Driver/Src/stm32f4xx_ll_usb.o
                0x0000000008008cb4                USB_SetDevAddress
 .text.USB_DevConnect
                0x0000000008008d00       0x42 ./Drivers/STM32F4xx_HAL_Driver/Src/stm32f4xx_ll_usb.o
                0x0000000008008d00                USB_DevConnect
 .text.USB_DevDisconnect
                0x0000000008008d42       0x42 ./Drivers/STM32F4xx_HAL_Driver/Src/stm32f4xx_ll_usb.o
                0x0000000008008d42                USB_DevDisconnect
 .text.USB_ReadInterrupts
                0x0000000008008d84       0x26 ./Drivers/STM32F4xx_HAL_Driver/Src/stm32f4xx_ll_usb.o
                0x0000000008008d84                USB_ReadInterrupts
 .text.USB_ReadDevAllOutEpInterrupt
                0x0000000008008daa       0x34 ./Drivers/STM32F4xx_HAL_Driver/Src/stm32f4xx_ll_usb.o
                0x0000000008008daa                USB_ReadDevAllOutEpInterrupt
 .text.USB_ReadDevAllInEpInterrupt
                0x0000000008008dde       0x34 ./Drivers/STM32F4xx_HAL_Driver/Src/stm32f4xx_ll_usb.o
                0x0000000008008dde                USB_ReadDevAllInEpInterrupt
 .text.USB_ReadDevOutEPInterrupt
                0x0000000008008e12       0x3c ./Drivers/STM32F4xx_HAL_Driver/Src/stm32f4xx_ll_usb.o
                0x0000000008008e12                USB_ReadDevOutEPInterrupt
 .text.USB_ReadDevInEPInterrupt
                0x0000000008008e4e       0x5c ./Drivers/STM32F4xx_HAL_Driver/Src/stm32f4xx_ll_usb.o
                0x0000000008008e4e                USB_ReadDevInEPInterrupt
 .text.USB_GetMode
                0x0000000008008eaa       0x1c ./Drivers/STM32F4xx_HAL_Driver/Src/stm32f4xx_ll_usb.o
                0x0000000008008eaa                USB_GetMode
 .text.USB_ActivateSetup
                0x0000000008008ec6       0x46 ./Drivers/STM32F4xx_HAL_Driver/Src/stm32f4xx_ll_usb.o
                0x0000000008008ec6                USB_ActivateSetup
 .text.USB_EP0_OutStart
                0x0000000008008f0c       0xbc ./Drivers/STM32F4xx_HAL_Driver/Src/stm32f4xx_ll_usb.o
                0x0000000008008f0c                USB_EP0_OutStart
 .text.USB_CoreReset
                0x0000000008008fc8       0x68 ./Drivers/STM32F4xx_HAL_Driver/Src/stm32f4xx_ll_usb.o
 .text.USBD_CDC_Init
                0x0000000008009030      0x1f0 ./Middlewares/ST/STM32_USB_Device_Library/Class/CDC/Src/usbd_cdc.o
 .text.USBD_CDC_DeInit
                0x0000000008009220      0x104 ./Middlewares/ST/STM32_USB_Device_Library/Class/CDC/Src/usbd_cdc.o
 .text.USBD_CDC_Setup
                0x0000000008009324      0x1b8 ./Middlewares/ST/STM32_USB_Device_Library/Class/CDC/Src/usbd_cdc.o
 .text.USBD_CDC_DataIn
                0x00000000080094dc       0xfe ./Middlewares/ST/STM32_USB_Device_Library/Class/CDC/Src/usbd_cdc.o
 .text.USBD_CDC_DataOut
                0x00000000080095da       0x70 ./Middlewares/ST/STM32_USB_Device_Library/Class/CDC/Src/usbd_cdc.o
 .text.USBD_CDC_EP0_RxReady
                0x000000000800964a       0x76 ./Middlewares/ST/STM32_USB_Device_Library/Class/CDC/Src/usbd_cdc.o
 .text.USBD_CDC_GetFSCfgDesc
                0x00000000080096c0       0x70 ./Middlewares/ST/STM32_USB_Device_Library/Class/CDC/Src/usbd_cdc.o
 .text.USBD_CDC_GetHSCfgDesc
                0x0000000008009730       0x70 ./Middlewares/ST/STM32_USB_Device_Library/Class/CDC/Src/usbd_cdc.o
 .text.USBD_CDC_GetOtherSpeedCfgDesc
                0x00000000080097a0       0x70 ./Middlewares/ST/STM32_USB_Device_Library/Class/CDC/Src/usbd_cdc.o
 .text.USBD_CDC_GetDeviceQualifierDescriptor
                0x0000000008009810       0x20 ./Middlewares/ST/STM32_USB_Device_Library/Class/CDC/Src/usbd_cdc.o
                0x0000000008009810                USBD_CDC_GetDeviceQualifierDescriptor
 .text.USBD_CDC_RegisterInterface
                0x0000000008009830       0x34 ./Middlewares/ST/STM32_USB_Device_Library/Class/CDC/Src/usbd_cdc.o
                0x0000000008009830                USBD_CDC_RegisterInterface
 .text.USBD_CDC_SetTxBuffer
                0x0000000008009864       0x44 ./Middlewares/ST/STM32_USB_Device_Library/Class/CDC/Src/usbd_cdc.o
                0x0000000008009864                USBD_CDC_SetTxBuffer
 .text.USBD_CDC_SetRxBuffer
                0x00000000080098a8       0x3a ./Middlewares/ST/STM32_USB_Device_Library/Class/CDC/Src/usbd_cdc.o
                0x00000000080098a8                USBD_CDC_SetRxBuffer
 *fill*         0x00000000080098e2        0x2 
 .text.USBD_CDC_TransmitPacket
                0x00000000080098e4       0x8c ./Middlewares/ST/STM32_USB_Device_Library/Class/CDC/Src/usbd_cdc.o
                0x00000000080098e4                USBD_CDC_TransmitPacket
 .text.USBD_CDC_ReceivePacket
                0x0000000008009970       0x6c ./Middlewares/ST/STM32_USB_Device_Library/Class/CDC/Src/usbd_cdc.o
                0x0000000008009970                USBD_CDC_ReceivePacket
 .text.USBD_Init
                0x00000000080099dc       0x60 ./Middlewares/ST/STM32_USB_Device_Library/Core/Src/usbd_core.o
                0x00000000080099dc                USBD_Init
 .text.USBD_RegisterClass
                0x0000000008009a3c       0x6c ./Middlewares/ST/STM32_USB_Device_Library/Core/Src/usbd_core.o
                0x0000000008009a3c                USBD_RegisterClass
 .text.USBD_Start
                0x0000000008009aa8       0x18 ./Middlewares/ST/STM32_USB_Device_Library/Core/Src/usbd_core.o
                0x0000000008009aa8                USBD_Start
 .text.USBD_RunTestMode
                0x0000000008009ac0       0x16 ./Middlewares/ST/STM32_USB_Device_Library/Core/Src/usbd_core.o
                0x0000000008009ac0                USBD_RunTestMode
 .text.USBD_SetClassConfig
                0x0000000008009ad6       0x38 ./Middlewares/ST/STM32_USB_Device_Library/Core/Src/usbd_core.o
                0x0000000008009ad6                USBD_SetClassConfig
 .text.USBD_ClrClassConfig
                0x0000000008009b0e       0x34 ./Middlewares/ST/STM32_USB_Device_Library/Core/Src/usbd_core.o
                0x0000000008009b0e                USBD_ClrClassConfig
 .text.USBD_LL_SetupStage
                0x0000000008009b42       0xaa ./Middlewares/ST/STM32_USB_Device_Library/Core/Src/usbd_core.o
                0x0000000008009b42                USBD_LL_SetupStage
 .text.USBD_LL_DataOutStage
                0x0000000008009bec      0x166 ./Middlewares/ST/STM32_USB_Device_Library/Core/Src/usbd_core.o
                0x0000000008009bec                USBD_LL_DataOutStage
 .text.USBD_LL_DataInStage
                0x0000000008009d52      0x164 ./Middlewares/ST/STM32_USB_Device_Library/Core/Src/usbd_core.o
                0x0000000008009d52                USBD_LL_DataInStage
 .text.USBD_LL_Reset
                0x0000000008009eb6       0xa4 ./Middlewares/ST/STM32_USB_Device_Library/Core/Src/usbd_core.o
                0x0000000008009eb6                USBD_LL_Reset
 .text.USBD_LL_SetSpeed
                0x0000000008009f5a       0x20 ./Middlewares/ST/STM32_USB_Device_Library/Core/Src/usbd_core.o
                0x0000000008009f5a                USBD_LL_SetSpeed
 .text.USBD_LL_Suspend
                0x0000000008009f7a       0x2c ./Middlewares/ST/STM32_USB_Device_Library/Core/Src/usbd_core.o
                0x0000000008009f7a                USBD_LL_Suspend
 .text.USBD_LL_Resume
                0x0000000008009fa6       0x30 ./Middlewares/ST/STM32_USB_Device_Library/Core/Src/usbd_core.o
                0x0000000008009fa6                USBD_LL_Resume
 .text.USBD_LL_SOF
                0x0000000008009fd6       0x40 ./Middlewares/ST/STM32_USB_Device_Library/Core/Src/usbd_core.o
                0x0000000008009fd6                USBD_LL_SOF
 .text.USBD_LL_IsoINIncomplete
                0x000000000800a016       0x64 ./Middlewares/ST/STM32_USB_Device_Library/Core/Src/usbd_core.o
                0x000000000800a016                USBD_LL_IsoINIncomplete
 .text.USBD_LL_IsoOUTIncomplete
                0x000000000800a07a       0x64 ./Middlewares/ST/STM32_USB_Device_Library/Core/Src/usbd_core.o
                0x000000000800a07a                USBD_LL_IsoOUTIncomplete
 .text.USBD_LL_DevConnected
                0x000000000800a0de       0x16 ./Middlewares/ST/STM32_USB_Device_Library/Core/Src/usbd_core.o
                0x000000000800a0de                USBD_LL_DevConnected
 .text.USBD_LL_DevDisconnected
                0x000000000800a0f4       0x46 ./Middlewares/ST/STM32_USB_Device_Library/Core/Src/usbd_core.o
                0x000000000800a0f4                USBD_LL_DevDisconnected
 .text.USBD_CoreFindIF
                0x000000000800a13a       0x1a ./Middlewares/ST/STM32_USB_Device_Library/Core/Src/usbd_core.o
                0x000000000800a13a                USBD_CoreFindIF
 .text.USBD_CoreFindEP
                0x000000000800a154       0x1a ./Middlewares/ST/STM32_USB_Device_Library/Core/Src/usbd_core.o
                0x000000000800a154                USBD_CoreFindEP
 .text.USBD_GetEpDesc
                0x000000000800a16e       0x74 ./Middlewares/ST/STM32_USB_Device_Library/Core/Src/usbd_core.o
                0x000000000800a16e                USBD_GetEpDesc
 .text.USBD_GetNextDesc
                0x000000000800a1e2       0x3a ./Middlewares/ST/STM32_USB_Device_Library/Core/Src/usbd_core.o
                0x000000000800a1e2                USBD_GetNextDesc
 .text.SWAPBYTE
                0x000000000800a21c       0x3c ./Middlewares/ST/STM32_USB_Device_Library/Core/Src/usbd_ctlreq.o
 .text.USBD_StdDevReq
                0x000000000800a258       0xe4 ./Middlewares/ST/STM32_USB_Device_Library/Core/Src/usbd_ctlreq.o
                0x000000000800a258                USBD_StdDevReq
 .text.USBD_StdItfReq
                0x000000000800a33c       0xd8 ./Middlewares/ST/STM32_USB_Device_Library/Core/Src/usbd_ctlreq.o
                0x000000000800a33c                USBD_StdItfReq
 .text.USBD_StdEPReq
                0x000000000800a414      0x33a ./Middlewares/ST/STM32_USB_Device_Library/Core/Src/usbd_ctlreq.o
                0x000000000800a414                USBD_StdEPReq
 *fill*         0x000000000800a74e        0x2 
 .text.USBD_GetDescriptor
                0x000000000800a750      0x2d4 ./Middlewares/ST/STM32_USB_Device_Library/Core/Src/usbd_ctlreq.o
 .text.USBD_SetAddress
                0x000000000800aa24       0x88 ./Middlewares/ST/STM32_USB_Device_Library/Core/Src/usbd_ctlreq.o
 .text.USBD_SetConfig
                0x000000000800aaac      0x154 ./Middlewares/ST/STM32_USB_Device_Library/Core/Src/usbd_ctlreq.o
 .text.USBD_GetConfig
                0x000000000800ac00       0x6c ./Middlewares/ST/STM32_USB_Device_Library/Core/Src/usbd_ctlreq.o
 .text.USBD_GetStatus
                0x000000000800ac6c       0x68 ./Middlewares/ST/STM32_USB_Device_Library/Core/Src/usbd_ctlreq.o
 .text.USBD_SetFeature
                0x000000000800acd4       0x52 ./Middlewares/ST/STM32_USB_Device_Library/Core/Src/usbd_ctlreq.o
 .text.USBD_ClrFeature
                0x000000000800ad26       0x44 ./Middlewares/ST/STM32_USB_Device_Library/Core/Src/usbd_ctlreq.o
 .text.USBD_ParseSetupRequest
                0x000000000800ad6a       0x74 ./Middlewares/ST/STM32_USB_Device_Library/Core/Src/usbd_ctlreq.o
                0x000000000800ad6a                USBD_ParseSetupRequest
 .text.USBD_CtlError
                0x000000000800adde       0x22 ./Middlewares/ST/STM32_USB_Device_Library/Core/Src/usbd_ctlreq.o
                0x000000000800adde                USBD_CtlError
 .text.USBD_GetString
                0x000000000800ae00       0x8c ./Middlewares/ST/STM32_USB_Device_Library/Core/Src/usbd_ctlreq.o
                0x000000000800ae00                USBD_GetString
 .text.USBD_GetLen
                0x000000000800ae8c       0x34 ./Middlewares/ST/STM32_USB_Device_Library/Core/Src/usbd_ctlreq.o
 .text.USBD_CtlSendData
                0x000000000800aec0       0x36 ./Middlewares/ST/STM32_USB_Device_Library/Core/Src/usbd_ioreq.o
                0x000000000800aec0                USBD_CtlSendData
 .text.USBD_CtlContinueSendData
                0x000000000800aef6       0x22 ./Middlewares/ST/STM32_USB_Device_Library/Core/Src/usbd_ioreq.o
                0x000000000800aef6                USBD_CtlContinueSendData
 .text.USBD_CtlPrepareRx
                0x000000000800af18       0x3a ./Middlewares/ST/STM32_USB_Device_Library/Core/Src/usbd_ioreq.o
                0x000000000800af18                USBD_CtlPrepareRx
 .text.USBD_CtlContinueRx
                0x000000000800af52       0x22 ./Middlewares/ST/STM32_USB_Device_Library/Core/Src/usbd_ioreq.o
                0x000000000800af52                USBD_CtlContinueRx
 .text.USBD_CtlSendStatus
                0x000000000800af74       0x26 ./Middlewares/ST/STM32_USB_Device_Library/Core/Src/usbd_ioreq.o
                0x000000000800af74                USBD_CtlSendStatus
 .text.USBD_CtlReceiveStatus
                0x000000000800af9a       0x26 ./Middlewares/ST/STM32_USB_Device_Library/Core/Src/usbd_ioreq.o
                0x000000000800af9a                USBD_CtlReceiveStatus
 .text.MX_USB_DEVICE_Init
                0x000000000800afc0       0x60 ./USB_DEVICE/App/usb_device.o
                0x000000000800afc0                MX_USB_DEVICE_Init
 .text.CDC_Init_FS
                0x000000000800b020       0x28 ./USB_DEVICE/App/usbd_cdc_if.o
 .text.CDC_DeInit_FS
                0x000000000800b048       0x10 ./USB_DEVICE/App/usbd_cdc_if.o
 .text.CDC_Control_FS
                0x000000000800b058       0xbc ./USB_DEVICE/App/usbd_cdc_if.o
 .text.CDC_Receive_FS
                0x000000000800b114       0x28 ./USB_DEVICE/App/usbd_cdc_if.o
 .text.CDC_Transmit_FS
                0x000000000800b13c       0x4c ./USB_DEVICE/App/usbd_cdc_if.o
                0x000000000800b13c                CDC_Transmit_FS
 .text.CDC_TransmitCplt_FS
                0x000000000800b188       0x22 ./USB_DEVICE/App/usbd_cdc_if.o
 *fill*         0x000000000800b1aa        0x2 
 .text.USBD_FS_DeviceDescriptor
                0x000000000800b1ac       0x24 ./USB_DEVICE/App/usbd_desc.o
                0x000000000800b1ac                USBD_FS_DeviceDescriptor
 .text.USBD_FS_LangIDStrDescriptor
                0x000000000800b1d0       0x24 ./USB_DEVICE/App/usbd_desc.o
                0x000000000800b1d0                USBD_FS_LangIDStrDescriptor
 .text.USBD_FS_ProductStrDescriptor
                0x000000000800b1f4       0x3c ./USB_DEVICE/App/usbd_desc.o
                0x000000000800b1f4                USBD_FS_ProductStrDescriptor
 .text.USBD_FS_ManufacturerStrDescriptor
                0x000000000800b230       0x28 ./USB_DEVICE/App/usbd_desc.o
                0x000000000800b230                USBD_FS_ManufacturerStrDescriptor
 .text.USBD_FS_SerialStrDescriptor
                0x000000000800b258       0x24 ./USB_DEVICE/App/usbd_desc.o
                0x000000000800b258                USBD_FS_SerialStrDescriptor
 .text.USBD_FS_ConfigStrDescriptor
                0x000000000800b27c       0x3c ./USB_DEVICE/App/usbd_desc.o
                0x000000000800b27c                USBD_FS_ConfigStrDescriptor
 .text.USBD_FS_InterfaceStrDescriptor
                0x000000000800b2b8       0x3c ./USB_DEVICE/App/usbd_desc.o
                0x000000000800b2b8                USBD_FS_InterfaceStrDescriptor
 .text.Get_SerialNum
                0x000000000800b2f4       0x58 ./USB_DEVICE/App/usbd_desc.o
 .text.IntToUnicode
                0x000000000800b34c       0x7e ./USB_DEVICE/App/usbd_desc.o
 *fill*         0x000000000800b3ca        0x2 
 .text.HAL_PCD_MspInit
                0x000000000800b3cc       0xa8 ./USB_DEVICE/Target/usbd_conf.o
                0x000000000800b3cc                HAL_PCD_MspInit
 .text.HAL_PCD_SetupStageCallback
                0x000000000800b474       0x24 ./USB_DEVICE/Target/usbd_conf.o
                0x000000000800b474                HAL_PCD_SetupStageCallback
 .text.HAL_PCD_DataOutStageCallback
                0x000000000800b498       0x36 ./USB_DEVICE/Target/usbd_conf.o
                0x000000000800b498                HAL_PCD_DataOutStageCallback
 .text.HAL_PCD_DataInStageCallback
                0x000000000800b4ce       0x34 ./USB_DEVICE/Target/usbd_conf.o
                0x000000000800b4ce                HAL_PCD_DataInStageCallback
 .text.HAL_PCD_SOFCallback
                0x000000000800b502       0x1c ./USB_DEVICE/Target/usbd_conf.o
                0x000000000800b502                HAL_PCD_SOFCallback
 .text.HAL_PCD_ResetCallback
                0x000000000800b51e       0x3c ./USB_DEVICE/Target/usbd_conf.o
                0x000000000800b51e                HAL_PCD_ResetCallback
 *fill*         0x000000000800b55a        0x2 
 .text.HAL_PCD_SuspendCallback
                0x000000000800b55c       0x4c ./USB_DEVICE/Target/usbd_conf.o
                0x000000000800b55c                HAL_PCD_SuspendCallback
 .text.HAL_PCD_ResumeCallback
                0x000000000800b5a8       0x1c ./USB_DEVICE/Target/usbd_conf.o
                0x000000000800b5a8                HAL_PCD_ResumeCallback
 .text.HAL_PCD_ISOOUTIncompleteCallback
                0x000000000800b5c4       0x24 ./USB_DEVICE/Target/usbd_conf.o
                0x000000000800b5c4                HAL_PCD_ISOOUTIncompleteCallback
 .text.HAL_PCD_ISOINIncompleteCallback
                0x000000000800b5e8       0x24 ./USB_DEVICE/Target/usbd_conf.o
                0x000000000800b5e8                HAL_PCD_ISOINIncompleteCallback
 .text.HAL_PCD_ConnectCallback
                0x000000000800b60c       0x1c ./USB_DEVICE/Target/usbd_conf.o
                0x000000000800b60c                HAL_PCD_ConnectCallback
 .text.HAL_PCD_DisconnectCallback
                0x000000000800b628       0x1c ./USB_DEVICE/Target/usbd_conf.o
                0x000000000800b628                HAL_PCD_DisconnectCallback
 .text.USBD_LL_Init
                0x000000000800b644       0x98 ./USB_DEVICE/Target/usbd_conf.o
                0x000000000800b644                USBD_LL_Init
 .text.USBD_LL_Start
                0x000000000800b6dc       0x36 ./USB_DEVICE/Target/usbd_conf.o
                0x000000000800b6dc                USBD_LL_Start
 .text.USBD_LL_OpenEP
                0x000000000800b712       0x4c ./USB_DEVICE/Target/usbd_conf.o
                0x000000000800b712                USBD_LL_OpenEP
 .text.USBD_LL_CloseEP
                0x000000000800b75e       0x3e ./USB_DEVICE/Target/usbd_conf.o
                0x000000000800b75e                USBD_LL_CloseEP
 .text.USBD_LL_StallEP
                0x000000000800b79c       0x3e ./USB_DEVICE/Target/usbd_conf.o
                0x000000000800b79c                USBD_LL_StallEP
 .text.USBD_LL_ClearStallEP
                0x000000000800b7da       0x3e ./USB_DEVICE/Target/usbd_conf.o
                0x000000000800b7da                USBD_LL_ClearStallEP
 .text.USBD_LL_IsStallEP
                0x000000000800b818       0x58 ./USB_DEVICE/Target/usbd_conf.o
                0x000000000800b818                USBD_LL_IsStallEP
 .text.USBD_LL_SetUSBAddress
                0x000000000800b870       0x3e ./USB_DEVICE/Target/usbd_conf.o
                0x000000000800b870                USBD_LL_SetUSBAddress
 .text.USBD_LL_Transmit
                0x000000000800b8ae       0x42 ./USB_DEVICE/Target/usbd_conf.o
                0x000000000800b8ae                USBD_LL_Transmit
 .text.USBD_LL_PrepareReceive
                0x000000000800b8f0       0x42 ./USB_DEVICE/Target/usbd_conf.o
                0x000000000800b8f0                USBD_LL_PrepareReceive
 .text.USBD_LL_GetRxDataSize
                0x000000000800b932       0x26 ./USB_DEVICE/Target/usbd_conf.o
                0x000000000800b932                USBD_LL_GetRxDataSize
 .text.USBD_static_malloc
                0x000000000800b958       0x1c ./USB_DEVICE/Target/usbd_conf.o
                0x000000000800b958                USBD_static_malloc
 .text.USBD_static_free
                0x000000000800b974       0x14 ./USB_DEVICE/Target/usbd_conf.o
                0x000000000800b974                USBD_static_free
 .text.USBD_Get_USB_Status
                0x000000000800b988       0x58 ./USB_DEVICE/Target/usbd_conf.o
                0x000000000800b988                USBD_Get_USB_Status
 .text._vsnprintf_r
                0x000000000800b9e0       0x56 C:/ST/STM32CubeIDE_1.10.0/STM32CubeIDE/plugins/com.st.stm32cube.ide.mcu.externaltools.gnu-tools-for-stm32.11.3.rel1.win32_1.1.1.202309131626/tools/bin/../lib/gcc/arm-none-eabi/11.3.1/../../../../arm-none-eabi/lib/thumb/v7e-m+fp/hard\libc_nano.a(libc_a-vsnprintf.o)
                0x000000000800b9e0                _vsniprintf_r
                0x000000000800b9e0                _vsnprintf_r
 *fill*         0x000000000800ba36        0x2 
 .text.vsnprintf
                0x000000000800ba38       0x1c C:/ST/STM32CubeIDE_1.10.0/STM32CubeIDE/plugins/com.st.stm32cube.ide.mcu.externaltools.gnu-tools-for-stm32.11.3.rel1.win32_1.1.1.202309131626/tools/bin/../lib/gcc/arm-none-eabi/11.3.1/../../../../arm-none-eabi/lib/thumb/v7e-m+fp/hard\libc_nano.a(libc_a-vsnprintf.o)
                0x000000000800ba38                vsniprintf
                0x000000000800ba38                vsnprintf
 .text.memcmp   0x000000000800ba54       0x20 C:/ST/STM32CubeIDE_1.10.0/STM32CubeIDE/plugins/com.st.stm32cube.ide.mcu.externaltools.gnu-tools-for-stm32.11.3.rel1.win32_1.1.1.202309131626/tools/bin/../lib/gcc/arm-none-eabi/11.3.1/../../../../arm-none-eabi/lib/thumb/v7e-m+fp/hard\libc_nano.a(libc_a-memcmp.o)
                0x000000000800ba54                memcmp
 .text.memset   0x000000000800ba74       0x10 C:/ST/STM32CubeIDE_1.10.0/STM32CubeIDE/plugins/com.st.stm32cube.ide.mcu.externaltools.gnu-tools-for-stm32.11.3.rel1.win32_1.1.1.202309131626/tools/bin/../lib/gcc/arm-none-eabi/11.3.1/../../../../arm-none-eabi/lib/thumb/v7e-m+fp/hard\libc_nano.a(libc_a-memset.o)
                0x000000000800ba74                memset
 .text.strcat   0x000000000800ba84       0x1e C:/ST/STM32CubeIDE_1.10.0/STM32CubeIDE/plugins/com.st.stm32cube.ide.mcu.externaltools.gnu-tools-for-stm32.11.3.rel1.win32_1.1.1.202309131626/tools/bin/../lib/gcc/arm-none-eabi/11.3.1/../../../../arm-none-eabi/lib/thumb/v7e-m+fp/hard\libc_nano.a(libc_a-strcat.o)
                0x000000000800ba84                strcat
 .text.strncpy  0x000000000800baa2       0x26 C:/ST/STM32CubeIDE_1.10.0/STM32CubeIDE/plugins/com.st.stm32cube.ide.mcu.externaltools.gnu-tools-for-stm32.11.3.rel1.win32_1.1.1.202309131626/tools/bin/../lib/gcc/arm-none-eabi/11.3.1/../../../../arm-none-eabi/lib/thumb/v7e-m+fp/hard\libc_nano.a(libc_a-strncpy.o)
                0x000000000800baa2                strncpy
 .text.__errno  0x000000000800bac8        0xc C:/ST/STM32CubeIDE_1.10.0/STM32CubeIDE/plugins/com.st.stm32cube.ide.mcu.externaltools.gnu-tools-for-stm32.11.3.rel1.win32_1.1.1.202309131626/tools/bin/../lib/gcc/arm-none-eabi/11.3.1/../../../../arm-none-eabi/lib/thumb/v7e-m+fp/hard\libc_nano.a(libc_a-errno.o)
                0x000000000800bac8                __errno
 .text.__libc_init_array
                0x000000000800bad4       0x48 C:/ST/STM32CubeIDE_1.10.0/STM32CubeIDE/plugins/com.st.stm32cube.ide.mcu.externaltools.gnu-tools-for-stm32.11.3.rel1.win32_1.1.1.202309131626/tools/bin/../lib/gcc/arm-none-eabi/11.3.1/../../../../arm-none-eabi/lib/thumb/v7e-m+fp/hard\libc_nano.a(libc_a-init.o)
                0x000000000800bad4                __libc_init_array
 .text.__retarget_lock_acquire_recursive
                0x000000000800bb1c        0x2 C:/ST/STM32CubeIDE_1.10.0/STM32CubeIDE/plugins/com.st.stm32cube.ide.mcu.externaltools.gnu-tools-for-stm32.11.3.rel1.win32_1.1.1.202309131626/tools/bin/../lib/gcc/arm-none-eabi/11.3.1/../../../../arm-none-eabi/lib/thumb/v7e-m+fp/hard\libc_nano.a(libc_a-lock.o)
                0x000000000800bb1c                __retarget_lock_acquire_recursive
 .text.__retarget_lock_release_recursive
                0x000000000800bb1e        0x2 C:/ST/STM32CubeIDE_1.10.0/STM32CubeIDE/plugins/com.st.stm32cube.ide.mcu.externaltools.gnu-tools-for-stm32.11.3.rel1.win32_1.1.1.202309131626/tools/bin/../lib/gcc/arm-none-eabi/11.3.1/../../../../arm-none-eabi/lib/thumb/v7e-m+fp/hard\libc_nano.a(libc_a-lock.o)
                0x000000000800bb1e                __retarget_lock_release_recursive
 .text.strcpy   0x000000000800bb20       0x10 C:/ST/STM32CubeIDE_1.10.0/STM32CubeIDE/plugins/com.st.stm32cube.ide.mcu.externaltools.gnu-tools-for-stm32.11.3.rel1.win32_1.1.1.202309131626/tools/bin/../lib/gcc/arm-none-eabi/11.3.1/../../../../arm-none-eabi/lib/thumb/v7e-m+fp/hard\libc_nano.a(libc_a-strcpy.o)
                0x000000000800bb20                strcpy
 .text.memcpy   0x000000000800bb30       0x1c C:/ST/STM32CubeIDE_1.10.0/STM32CubeIDE/plugins/com.st.stm32cube.ide.mcu.externaltools.gnu-tools-for-stm32.11.3.rel1.win32_1.1.1.202309131626/tools/bin/../lib/gcc/arm-none-eabi/11.3.1/../../../../arm-none-eabi/lib/thumb/v7e-m+fp/hard\libc_nano.a(libc_a-memcpy-stub.o)
                0x000000000800bb30                memcpy
 .text._free_r  0x000000000800bb4c       0x98 C:/ST/STM32CubeIDE_1.10.0/STM32CubeIDE/plugins/com.st.stm32cube.ide.mcu.externaltools.gnu-tools-for-stm32.11.3.rel1.win32_1.1.1.202309131626/tools/bin/../lib/gcc/arm-none-eabi/11.3.1/../../../../arm-none-eabi/lib/thumb/v7e-m+fp/hard\libc_nano.a(libc_a-freer.o)
                0x000000000800bb4c                _free_r
 .text.sbrk_aligned
                0x000000000800bbe4       0x40 C:/ST/STM32CubeIDE_1.10.0/STM32CubeIDE/plugins/com.st.stm32cube.ide.mcu.externaltools.gnu-tools-for-stm32.11.3.rel1.win32_1.1.1.202309131626/tools/bin/../lib/gcc/arm-none-eabi/11.3.1/../../../../arm-none-eabi/lib/thumb/v7e-m+fp/hard\libc_nano.a(libc_a-mallocr.o)
 .text._malloc_r
                0x000000000800bc24      0x100 C:/ST/STM32CubeIDE_1.10.0/STM32CubeIDE/plugins/com.st.stm32cube.ide.mcu.externaltools.gnu-tools-for-stm32.11.3.rel1.win32_1.1.1.202309131626/tools/bin/../lib/gcc/arm-none-eabi/11.3.1/../../../../arm-none-eabi/lib/thumb/v7e-m+fp/hard\libc_nano.a(libc_a-mallocr.o)
                0x000000000800bc24                _malloc_r
 .text.__malloc_lock
                0x000000000800bd24        0xc C:/ST/STM32CubeIDE_1.10.0/STM32CubeIDE/plugins/com.st.stm32cube.ide.mcu.externaltools.gnu-tools-for-stm32.11.3.rel1.win32_1.1.1.202309131626/tools/bin/../lib/gcc/arm-none-eabi/11.3.1/../../../../arm-none-eabi/lib/thumb/v7e-m+fp/hard\libc_nano.a(libc_a-mlock.o)
                0x000000000800bd24                __malloc_lock
 .text.__malloc_unlock
                0x000000000800bd30        0xc C:/ST/STM32CubeIDE_1.10.0/STM32CubeIDE/plugins/com.st.stm32cube.ide.mcu.externaltools.gnu-tools-for-stm32.11.3.rel1.win32_1.1.1.202309131626/tools/bin/../lib/gcc/arm-none-eabi/11.3.1/../../../../arm-none-eabi/lib/thumb/v7e-m+fp/hard\libc_nano.a(libc_a-mlock.o)
                0x000000000800bd30                __malloc_unlock
 .text.__ssputs_r
                0x000000000800bd3c       0xb4 C:/ST/STM32CubeIDE_1.10.0/STM32CubeIDE/plugins/com.st.stm32cube.ide.mcu.externaltools.gnu-tools-for-stm32.11.3.rel1.win32_1.1.1.202309131626/tools/bin/../lib/gcc/arm-none-eabi/11.3.1/../../../../arm-none-eabi/lib/thumb/v7e-m+fp/hard\libc_nano.a(libc_a-nano-svfprintf.o)
                0x000000000800bd3c                __ssputs_r
 .text._svfprintf_r
                0x000000000800bdf0      0x1fc C:/ST/STM32CubeIDE_1.10.0/STM32CubeIDE/plugins/com.st.stm32cube.ide.mcu.externaltools.gnu-tools-for-stm32.11.3.rel1.win32_1.1.1.202309131626/tools/bin/../lib/gcc/arm-none-eabi/11.3.1/../../../../arm-none-eabi/lib/thumb/v7e-m+fp/hard\libc_nano.a(libc_a-nano-svfprintf.o)
                0x000000000800bdf0                _svfiprintf_r
                0x000000000800bdf0                _svfprintf_r
 .text._printf_common
                0x000000000800bfec       0xda C:/ST/STM32CubeIDE_1.10.0/STM32CubeIDE/plugins/com.st.stm32cube.ide.mcu.externaltools.gnu-tools-for-stm32.11.3.rel1.win32_1.1.1.202309131626/tools/bin/../lib/gcc/arm-none-eabi/11.3.1/../../../../arm-none-eabi/lib/thumb/v7e-m+fp/hard\libc_nano.a(libc_a-nano-vfprintf_i.o)
                0x000000000800bfec                _printf_common
 *fill*         0x000000000800c0c6        0x2 
 .text._printf_i
                0x000000000800c0c8      0x244 C:/ST/STM32CubeIDE_1.10.0/STM32CubeIDE/plugins/com.st.stm32cube.ide.mcu.externaltools.gnu-tools-for-stm32.11.3.rel1.win32_1.1.1.202309131626/tools/bin/../lib/gcc/arm-none-eabi/11.3.1/../../../../arm-none-eabi/lib/thumb/v7e-m+fp/hard\libc_nano.a(libc_a-nano-vfprintf_i.o)
                0x000000000800c0c8                _printf_i
 .text.memmove  0x000000000800c30c       0x34 C:/ST/STM32CubeIDE_1.10.0/STM32CubeIDE/plugins/com.st.stm32cube.ide.mcu.externaltools.gnu-tools-for-stm32.11.3.rel1.win32_1.1.1.202309131626/tools/bin/../lib/gcc/arm-none-eabi/11.3.1/../../../../arm-none-eabi/lib/thumb/v7e-m+fp/hard\libc_nano.a(libc_a-memmove.o)
                0x000000000800c30c                memmove
 .text._sbrk_r  0x000000000800c340       0x20 C:/ST/STM32CubeIDE_1.10.0/STM32CubeIDE/plugins/com.st.stm32cube.ide.mcu.externaltools.gnu-tools-for-stm32.11.3.rel1.win32_1.1.1.202309131626/tools/bin/../lib/gcc/arm-none-eabi/11.3.1/../../../../arm-none-eabi/lib/thumb/v7e-m+fp/hard\libc_nano.a(libc_a-sbrkr.o)
                0x000000000800c340                _sbrk_r
 .text._realloc_r
                0x000000000800c360       0x5e C:/ST/STM32CubeIDE_1.10.0/STM32CubeIDE/plugins/com.st.stm32cube.ide.mcu.externaltools.gnu-tools-for-stm32.11.3.rel1.win32_1.1.1.202309131626/tools/bin/../lib/gcc/arm-none-eabi/11.3.1/../../../../arm-none-eabi/lib/thumb/v7e-m+fp/hard\libc_nano.a(libc_a-reallocr.o)
                0x000000000800c360                _realloc_r
 .text._malloc_usable_size_r
                0x000000000800c3be       0x10 C:/ST/STM32CubeIDE_1.10.0/STM32CubeIDE/plugins/com.st.stm32cube.ide.mcu.externaltools.gnu-tools-for-stm32.11.3.rel1.win32_1.1.1.202309131626/tools/bin/../lib/gcc/arm-none-eabi/11.3.1/../../../../arm-none-eabi/lib/thumb/v7e-m+fp/hard\libc_nano.a(libc_a-msizer.o)
                0x000000000800c3be                _malloc_usable_size_r
 *(.glue_7)
 .glue_7        0x000000000800c3ce        0x0 linker stubs
 *(.glue_7t)
 .glue_7t       0x000000000800c3ce        0x0 linker stubs
 *(.eh_frame)
 *fill*         0x000000000800c3ce        0x2 
 .eh_frame      0x000000000800c3d0        0x0 C:/ST/STM32CubeIDE_1.10.0/STM32CubeIDE/plugins/com.st.stm32cube.ide.mcu.externaltools.gnu-tools-for-stm32.11.3.rel1.win32_1.1.1.202309131626/tools/bin/../lib/gcc/arm-none-eabi/11.3.1/thumb/v7e-m+fp/hard/crtbegin.o
 *(.init)
 .init          0x000000000800c3d0        0x4 C:/ST/STM32CubeIDE_1.10.0/STM32CubeIDE/plugins/com.st.stm32cube.ide.mcu.externaltools.gnu-tools-for-stm32.11.3.rel1.win32_1.1.1.202309131626/tools/bin/../lib/gcc/arm-none-eabi/11.3.1/thumb/v7e-m+fp/hard/crti.o
                0x000000000800c3d0                _init
 .init          0x000000000800c3d4        0x8 C:/ST/STM32CubeIDE_1.10.0/STM32CubeIDE/plugins/com.st.stm32cube.ide.mcu.externaltools.gnu-tools-for-stm32.11.3.rel1.win32_1.1.1.202309131626/tools/bin/../lib/gcc/arm-none-eabi/11.3.1/thumb/v7e-m+fp/hard/crtn.o
 *(.fini)
 .fini          0x000000000800c3dc        0x4 C:/ST/STM32CubeIDE_1.10.0/STM32CubeIDE/plugins/com.st.stm32cube.ide.mcu.externaltools.gnu-tools-for-stm32.11.3.rel1.win32_1.1.1.202309131626/tools/bin/../lib/gcc/arm-none-eabi/11.3.1/thumb/v7e-m+fp/hard/crti.o
                0x000000000800c3dc                _fini
 .fini          0x000000000800c3e0        0x8 C:/ST/STM32CubeIDE_1.10.0/STM32CubeIDE/plugins/com.st.stm32cube.ide.mcu.externaltools.gnu-tools-for-stm32.11.3.rel1.win32_1.1.1.202309131626/tools/bin/../lib/gcc/arm-none-eabi/11.3.1/thumb/v7e-m+fp/hard/crtn.o
                0x000000000800c3e8                . = ALIGN (0x4)
                0x000000000800c3e8                _etext = .

.vfp11_veneer   0x000000000800c3e8        0x0
 .vfp11_veneer  0x000000000800c3e8        0x0 linker stubs

.v4_bx          0x000000000800c3e8        0x0
 .v4_bx         0x000000000800c3e8        0x0 linker stubs

.iplt           0x000000000800c3e8        0x0
 .iplt          0x000000000800c3e8        0x0 C:/ST/STM32CubeIDE_1.10.0/STM32CubeIDE/plugins/com.st.stm32cube.ide.mcu.externaltools.gnu-tools-for-stm32.11.3.rel1.win32_1.1.1.202309131626/tools/bin/../lib/gcc/arm-none-eabi/11.3.1/thumb/v7e-m+fp/hard/crtbegin.o

.rodata         0x000000000800c3e8     0x1c74
                0x000000000800c3e8                . = ALIGN (0x4)
 *(.rodata)
 .rodata        0x000000000800c3e8      0x768 ./Core/Src/main.o
 .rodata        0x000000000800cb50       0x46 ./USB_DEVICE/App/usbd_desc.o
 *(.rodata*)
 *fill*         0x000000000800cb96        0x2 
 .rodata.SVG    0x000000000800cb98     0x10e5 ./Core/Src/main.o
                0x000000000800cb98                SVG
 *fill*         0x000000000800dc7d        0x3 
 .rodata.javaScript
                0x000000000800dc80      0x2de ./Core/Src/main.o
                0x000000000800dc80                javaScript
 *fill*         0x000000000800df5e        0x2 
 .rodata.http_200_header
                0x000000000800df60       0x52 ./Core/Src/main.o
                0x000000000800df60                http_200_header
 *fill*         0x000000000800dfb2        0x2 
 .rodata.http_404_header
                0x000000000800dfb4       0x59 ./Core/Src/main.o
                0x000000000800dfb4                http_404_header
 *fill*         0x000000000800e00d        0x3 
 .rodata.AHBPrescTable
                0x000000000800e010       0x10 ./Core/Src/system_stm32f4xx.o
                0x000000000800e010                AHBPrescTable
 .rodata.APBPrescTable
                0x000000000800e020        0x8 ./Core/Src/system_stm32f4xx.o
                0x000000000800e020                APBPrescTable
 .rodata._svfprintf_r.str1.1
                0x000000000800e028       0x11 C:/ST/STM32CubeIDE_1.10.0/STM32CubeIDE/plugins/com.st.stm32cube.ide.mcu.externaltools.gnu-tools-for-stm32.11.3.rel1.win32_1.1.1.202309131626/tools/bin/../lib/gcc/arm-none-eabi/11.3.1/../../../../arm-none-eabi/lib/thumb/v7e-m+fp/hard\libc_nano.a(libc_a-nano-svfprintf.o)
 .rodata._printf_i.str1.1
                0x000000000800e039       0x22 C:/ST/STM32CubeIDE_1.10.0/STM32CubeIDE/plugins/com.st.stm32cube.ide.mcu.externaltools.gnu-tools-for-stm32.11.3.rel1.win32_1.1.1.202309131626/tools/bin/../lib/gcc/arm-none-eabi/11.3.1/../../../../arm-none-eabi/lib/thumb/v7e-m+fp/hard\libc_nano.a(libc_a-nano-vfprintf_i.o)
                0x000000000800e05c                . = ALIGN (0x4)
 *fill*         0x000000000800e05b        0x1 

.ARM.extab      0x000000000800e05c        0x0
                0x000000000800e05c                . = ALIGN (0x4)
 *(.ARM.extab* .gnu.linkonce.armextab.*)
                0x000000000800e05c                . = ALIGN (0x4)

.ARM            0x000000000800e05c        0x8
                0x000000000800e05c                . = ALIGN (0x4)
                0x000000000800e05c                __exidx_start = .
 *(.ARM.exidx*)
 .ARM.exidx     0x000000000800e05c        0x8 C:/ST/STM32CubeIDE_1.10.0/STM32CubeIDE/plugins/com.st.stm32cube.ide.mcu.externaltools.gnu-tools-for-stm32.11.3.rel1.win32_1.1.1.202309131626/tools/bin/../lib/gcc/arm-none-eabi/11.3.1/thumb/v7e-m+fp/hard\libgcc.a(_udivmoddi4.o)
                0x000000000800e064                __exidx_end = .
                0x000000000800e064                . = ALIGN (0x4)

.rel.dyn        0x000000000800e064        0x0
 .rel.iplt      0x000000000800e064        0x0 C:/ST/STM32CubeIDE_1.10.0/STM32CubeIDE/plugins/com.st.stm32cube.ide.mcu.externaltools.gnu-tools-for-stm32.11.3.rel1.win32_1.1.1.202309131626/tools/bin/../lib/gcc/arm-none-eabi/11.3.1/thumb/v7e-m+fp/hard/crtbegin.o

.preinit_array  0x000000000800e064        0x0
                0x000000000800e064                . = ALIGN (0x4)
                0x000000000800e064                PROVIDE (__preinit_array_start = .)
 *(.preinit_array*)
                0x000000000800e064                PROVIDE (__preinit_array_end = .)
                0x000000000800e064                . = ALIGN (0x4)

.init_array     0x000000000800e064        0x4
                0x000000000800e064                . = ALIGN (0x4)
                0x000000000800e064                PROVIDE (__init_array_start = .)
 *(SORT_BY_NAME(.init_array.*))
 *(.init_array*)
 .init_array    0x000000000800e064        0x4 C:/ST/STM32CubeIDE_1.10.0/STM32CubeIDE/plugins/com.st.stm32cube.ide.mcu.externaltools.gnu-tools-for-stm32.11.3.rel1.win32_1.1.1.202309131626/tools/bin/../lib/gcc/arm-none-eabi/11.3.1/thumb/v7e-m+fp/hard/crtbegin.o
                0x000000000800e068                PROVIDE (__init_array_end = .)
                0x000000000800e068                . = ALIGN (0x4)

.fini_array     0x000000000800e068        0x4
                0x000000000800e068                . = ALIGN (0x4)
                [!provide]                        PROVIDE (__fini_array_start = .)
 *(SORT_BY_NAME(.fini_array.*))
 *(.fini_array*)
 .fini_array    0x000000000800e068        0x4 C:/ST/STM32CubeIDE_1.10.0/STM32CubeIDE/plugins/com.st.stm32cube.ide.mcu.externaltools.gnu-tools-for-stm32.11.3.rel1.win32_1.1.1.202309131626/tools/bin/../lib/gcc/arm-none-eabi/11.3.1/thumb/v7e-m+fp/hard/crtbegin.o
                [!provide]                        PROVIDE (__fini_array_end = .)
                0x000000000800e06c                . = ALIGN (0x4)
                0x000000000800e06c                _sidata = LOADADDR (.data)

.data           0x0000000020000000      0x270 load address 0x000000000800e06c
                0x0000000020000000                . = ALIGN (0x4)
                0x0000000020000000                _sdata = .
 *(.data)
 *(.data*)
 .data.gWIZNETINFO
                0x0000000020000000       0x17 ./Core/Src/main.o
                0x0000000020000000                gWIZNETINFO
 *fill*         0x0000000020000017        0x1 
 .data.startPage
                0x0000000020000018       0xde ./Core/Src/main.o
                0x0000000020000018                startPage
 .data.sock_any_port
                0x00000000200000f6        0x2 ./Core/Src/socket.o
 .data.SystemCoreClock
                0x00000000200000f8        0x4 ./Core/Src/system_stm32f4xx.o
                0x00000000200000f8                SystemCoreClock
 .data.WIZCHIP  0x00000000200000fc       0x2c ./Core/Src/wizchip_conf.o
                0x00000000200000fc                WIZCHIP
 .data.uwTickPrio
                0x0000000020000128        0x4 ./Drivers/STM32F4xx_HAL_Driver/Src/stm32f4xx_hal.o
                0x0000000020000128                uwTickPrio
 .data.uwTickFreq
                0x000000002000012c        0x1 ./Drivers/STM32F4xx_HAL_Driver/Src/stm32f4xx_hal.o
                0x000000002000012c                uwTickFreq
 *fill*         0x000000002000012d        0x3 
 .data.USBD_CDC_DeviceQualifierDesc
                0x0000000020000130        0xa ./Middlewares/ST/STM32_USB_Device_Library/Class/CDC/Src/usbd_cdc.o
 *fill*         0x000000002000013a        0x2 
 .data.USBD_CDC
                0x000000002000013c       0x38 ./Middlewares/ST/STM32_USB_Device_Library/Class/CDC/Src/usbd_cdc.o
                0x000000002000013c                USBD_CDC
 .data.USBD_CDC_CfgDesc
                0x0000000020000174       0x43 ./Middlewares/ST/STM32_USB_Device_Library/Class/CDC/Src/usbd_cdc.o
 .data.CDCInEpAdd
                0x00000000200001b7        0x1 ./Middlewares/ST/STM32_USB_Device_Library/Class/CDC/Src/usbd_cdc.o
 .data.CDCOutEpAdd
                0x00000000200001b8        0x1 ./Middlewares/ST/STM32_USB_Device_Library/Class/CDC/Src/usbd_cdc.o
 .data.CDCCmdEpAdd
                0x00000000200001b9        0x1 ./Middlewares/ST/STM32_USB_Device_Library/Class/CDC/Src/usbd_cdc.o
 *fill*         0x00000000200001ba        0x2 
 .data.USBD_Interface_fops_FS
                0x00000000200001bc       0x14 ./USB_DEVICE/App/usbd_cdc_if.o
                0x00000000200001bc                USBD_Interface_fops_FS
 .data.FS_Desc  0x00000000200001d0       0x1c ./USB_DEVICE/App/usbd_desc.o
                0x00000000200001d0                FS_Desc
 .data.USBD_FS_DeviceDesc
                0x00000000200001ec       0x12 ./USB_DEVICE/App/usbd_desc.o
                0x00000000200001ec                USBD_FS_DeviceDesc
 *fill*         0x00000000200001fe        0x2 
 .data.USBD_LangIDDesc
                0x0000000020000200        0x4 ./USB_DEVICE/App/usbd_desc.o
                0x0000000020000200                USBD_LangIDDesc
 .data.USBD_StringSerial
                0x0000000020000204       0x1a ./USB_DEVICE/App/usbd_desc.o
                0x0000000020000204                USBD_StringSerial
 *fill*         0x000000002000021e        0x2 
 .data._impure_data
                0x0000000020000220       0x4c C:/ST/STM32CubeIDE_1.10.0/STM32CubeIDE/plugins/com.st.stm32cube.ide.mcu.externaltools.gnu-tools-for-stm32.11.3.rel1.win32_1.1.1.202309131626/tools/bin/../lib/gcc/arm-none-eabi/11.3.1/../../../../arm-none-eabi/lib/thumb/v7e-m+fp/hard\libc_nano.a(libc_a-impure.o)
                0x0000000020000220                _impure_data
 .data._impure_ptr
                0x000000002000026c        0x4 C:/ST/STM32CubeIDE_1.10.0/STM32CubeIDE/plugins/com.st.stm32cube.ide.mcu.externaltools.gnu-tools-for-stm32.11.3.rel1.win32_1.1.1.202309131626/tools/bin/../lib/gcc/arm-none-eabi/11.3.1/../../../../arm-none-eabi/lib/thumb/v7e-m+fp/hard\libc_nano.a(libc_a-impure.o)
                0x000000002000026c                _impure_ptr
 *(.RamFunc)
 *(.RamFunc*)
                0x0000000020000270                . = ALIGN (0x4)
                0x0000000020000270                _edata = .

.igot.plt       0x0000000020000270        0x0 load address 0x000000000800e2dc
 .igot.plt      0x0000000020000270        0x0 C:/ST/STM32CubeIDE_1.10.0/STM32CubeIDE/plugins/com.st.stm32cube.ide.mcu.externaltools.gnu-tools-for-stm32.11.3.rel1.win32_1.1.1.202309131626/tools/bin/../lib/gcc/arm-none-eabi/11.3.1/thumb/v7e-m+fp/hard/crtbegin.o
                0x0000000020000270                . = ALIGN (0x4)

.bss            0x0000000020000270     0x3694 load address 0x000000000800e2dc
                0x0000000020000270                _sbss = .
                0x0000000020000270                __bss_start__ = _sbss
 *(.bss)
 .bss           0x0000000020000270       0x1c C:/ST/STM32CubeIDE_1.10.0/STM32CubeIDE/plugins/com.st.stm32cube.ide.mcu.externaltools.gnu-tools-for-stm32.11.3.rel1.win32_1.1.1.202309131626/tools/bin/../lib/gcc/arm-none-eabi/11.3.1/thumb/v7e-m+fp/hard/crtbegin.o
 *(.bss*)
 .bss.str_rx2   0x000000002000028c       0x19 ./Core/Src/main.o
                0x000000002000028c                str_rx2
 .bss.flag_ok   0x00000000200002a5        0x1 ./Core/Src/main.o
                0x00000000200002a5                flag_ok
 *fill*         0x00000000200002a6        0x2 
 .bss.out1      0x00000000200002a8        0x8 ./Core/Src/main.o
                0x00000000200002a8                out1
 .bss.out2      0x00000000200002b0        0x8 ./Core/Src/main.o
                0x00000000200002b0                out2
 .bss.get_url   0x00000000200002b8        0x4 ./Core/Src/main.o
                0x00000000200002b8                get_url
 .bss.post_url  0x00000000200002bc       0x19 ./Core/Src/main.o
                0x00000000200002bc                post_url
 .bss.flag_usb  0x00000000200002d5        0x1 ./Core/Src/main.o
                0x00000000200002d5                flag_usb
 *fill*         0x00000000200002d6        0x2 
 .bss.gDATABUF  0x00000000200002d8     0x2004 ./Core/Src/main.o
                0x00000000200002d8                gDATABUF
 .bss.stat      0x00000000200022dc        0x1 ./Core/Src/main.o
                0x00000000200022dc                stat
 *fill*         0x00000000200022dd        0x3 
 .bss.hspi1     0x00000000200022e0       0x58 ./Core/Src/main.o
                0x00000000200022e0                hspi1
 .bss.sock_io_mode
                0x0000000020002338        0x2 ./Core/Src/socket.o
 .bss.sock_is_sending
                0x000000002000233a        0x2 ./Core/Src/socket.o
 .bss.sock_remained_size
                0x000000002000233c       0x10 ./Core/Src/socket.o
 .bss.sock_pack_info
                0x000000002000234c        0x8 ./Core/Src/socket.o
                0x000000002000234c                sock_pack_info
 .bss.htim1     0x0000000020002354       0x48 ./Core/Src/stm32f4xx_hal_timebase_tim.o
                0x0000000020002354                htim1
 .bss.i.0       0x000000002000239c        0x1 ./Core/Src/stm32f4xx_it.o
 *fill*         0x000000002000239d        0x3 
 .bss.__sbrk_heap_end
                0x00000000200023a0        0x4 ./Core/Src/sysmem.o
 .bss._DNS_     0x00000000200023a4        0x4 ./Core/Src/wizchip_conf.o
 .bss._DHCP_    0x00000000200023a8        0x1 ./Core/Src/wizchip_conf.o
 *fill*         0x00000000200023a9        0x3 
 .bss.uwTick    0x00000000200023ac        0x4 ./Drivers/STM32F4xx_HAL_Driver/Src/stm32f4xx_hal.o
                0x00000000200023ac                uwTick
 .bss.cfgidx.0  0x00000000200023b0        0x1 ./Middlewares/ST/STM32_USB_Device_Library/Core/Src/usbd_ctlreq.o
 *fill*         0x00000000200023b1        0x3 
 .bss.hUsbDeviceFS
                0x00000000200023b4      0x2dc ./USB_DEVICE/App/usb_device.o
                0x00000000200023b4                hUsbDeviceFS
 .bss.UserRxBufferFS
                0x0000000020002690      0x400 ./USB_DEVICE/App/usbd_cdc_if.o
                0x0000000020002690                UserRxBufferFS
 .bss.UserTxBufferFS
                0x0000000020002a90      0x400 ./USB_DEVICE/App/usbd_cdc_if.o
                0x0000000020002a90                UserTxBufferFS
 .bss.USBD_StrDesc
                0x0000000020002e90      0x200 ./USB_DEVICE/App/usbd_desc.o
                0x0000000020002e90                USBD_StrDesc
 .bss.hpcd_USB_OTG_FS
                0x0000000020003090      0x50c ./USB_DEVICE/Target/usbd_conf.o
                0x0000000020003090                hpcd_USB_OTG_FS
 .bss.mem.0     0x000000002000359c      0x220 ./USB_DEVICE/Target/usbd_conf.o
 .bss.__sf      0x00000000200037bc      0x138 C:/ST/STM32CubeIDE_1.10.0/STM32CubeIDE/plugins/com.st.stm32cube.ide.mcu.externaltools.gnu-tools-for-stm32.11.3.rel1.win32_1.1.1.202309131626/tools/bin/../lib/gcc/arm-none-eabi/11.3.1/../../../../arm-none-eabi/lib/thumb/v7e-m+fp/hard\libc_nano.a(libc_a-findfp.o)
                0x00000000200037bc                __sf