../Drivers/CMSIS/Include/core_cm4.h:1676:26:__NVIC_GetPriorityGrouping	4	static
../Drivers/CMSIS/Include/core_cm4.h:1688:22:__NVIC_EnableIRQ	16	static
../Drivers/CMSIS/Include/core_cm4.h:1816:22:__NVIC_SetPriority	16	static
../Drivers/CMSIS/Include/core_cm4.h:1863:26:NVIC_EncodePriority	40	static
../Drivers/STM32F4xx_HAL_Driver/Inc/stm32f4xx_ll_tim.h:1124:22:LL_TIM_EnableCounter	16	static
../Drivers/STM32F4xx_HAL_Driver/Inc/stm32f4xx_ll_tim.h:1304:22:LL_TIM_EnableARRPreload	16	static
../Drivers/STM32F4xx_HAL_Driver/Inc/stm32f4xx_ll_tim.h:3457:22:LL_TIM_EnableIT_UPDATE	16	static
../Drivers/STM32F4xx_HAL_Driver/Inc/stm32f4xx_ll_usart.h:410:22:LL_USART_Enable	16	static
../Drivers/STM32F4xx_HAL_Driver/Inc/stm32f4xx_ll_usart.h:1479:22:LL_USART_ConfigAsyncMode	16	static
../Drivers/STM32F4xx_HAL_Driver/Inc/stm32f4xx_ll_usart.h:2035:22:LL_USART_EnableIT_RXNE	40	static,ignoring_inline_asm
../Drivers/STM32F4xx_HAL_Driver/Inc/stm32f4xx_ll_gpio.h:881:22:LL_GPIO_SetOutputPin	16	static
../Drivers/STM32F4xx_HAL_Driver/Inc/stm32f4xx_ll_gpio.h:910:22:LL_GPIO_ResetOutputPin	16	static
../Drivers/STM32F4xx_HAL_Driver/Inc/stm32f4xx_ll_bus.h:409:22:LL_AHB1_GRP1_EnableClock	24	static
../Drivers/STM32F4xx_HAL_Driver/Inc/stm32f4xx_ll_bus.h:1704:22:LL_APB2_GRP1_EnableClock	24	static
../Core/Src/main.c:54:6:Set_outputs	16	static
../Core/Src/main.c:239:6:UART_Printf	272	static
../Core/Src/main.c:275:6:BuildStartPage	16	static
../Core/Src/main.c:299:6:W5500_Select	8	static
../Core/Src/main.c:304:6:W5500_Unselect	8	static
../Core/Src/main.c:309:6:W5500_ReadBuff	16	static
../Core/Src/main.c:314:6:W5500_WriteBuff	16	static
../Core/Src/main.c:319:9:W5500_ReadByte	16	static
../Core/Src/main.c:326:6:W5500_WriteByte	16	static
../Core/Src/main.c:332:9:loopback_tcps	32	static
../Core/Src/main.c:416:6:USART1_Send	16	static
../Core/Src/main.c:421:6:USART1_Send_String	24	static
../Core/Src/main.c:427:6:WriteToEEPROM	80	static
../Core/Src/main.c:444:10:ReadFromEEPROM	16	static
../Core/Src/main.c:460:5:main	32	static
../Core/Src/main.c:570:6:SystemClock_Config	88	static
../Core/Src/main.c:620:13:MX_SPI1_Init	8	static
../Core/Src/main.c:658:13:MX_TIM10_Init	32	static
../Core/Src/main.c:694:13:MX_USART1_UART_Init	64	static
../Core/Src/main.c:749:13:MX_GPIO_Init	32	static
../Core/Src/main.c:822:6:HAL_TIM_PeriodElapsedCallback	16	static
../Core/Src/main.c:839:6:Error_Handler	4	static,ignoring_inline_asm
