../Drivers/STM32F4xx_HAL_Driver/Inc/stm32f4xx_ll_tim.h:3182:22:LL_TIM_ClearFlag_UPDATE	16	static
../Drivers/STM32F4xx_HAL_Driver/Inc/stm32f4xx_ll_tim.h:3193:26:LL_TIM_IsActiveFlag_UPDATE	16	static
../Drivers/STM32F4xx_HAL_Driver/Inc/stm32f4xx_ll_gpio.h:939:22:LL_GPIO_TogglePin	24	static
../Core/Src/stm32f4xx_it.c:98:6:NMI_Handler	8	static
../Core/Src/stm32f4xx_it.c:114:6:HardFault_Handler	4	static
../Core/Src/stm32f4xx_it.c:129:6:MemManage_Handler	4	static
../Core/Src/stm32f4xx_it.c:144:6:BusFault_Handler	4	static
../Core/Src/stm32f4xx_it.c:159:6:UsageFault_Handler	4	static
../Core/Src/stm32f4xx_it.c:174:6:SVC_Handler	4	static
../Core/Src/stm32f4xx_it.c:187:6:DebugMon_Handler	4	static
../Core/Src/stm32f4xx_it.c:200:6:PendSV_Handler	4	static
../Core/Src/stm32f4xx_it.c:213:6:SysTick_Handler	4	static
../Core/Src/stm32f4xx_it.c:234:6:TIM1_UP_TIM10_IRQHandler	8	static
../Core/Src/stm32f4xx_it.c:252:6:SPI1_IRQHandler	8	static
../Core/Src/stm32f4xx_it.c:266:6:USART1_IRQHandler	16	static
../Core/Src/stm32f4xx_it.c:391:6:OTG_FS_IRQHandler	8	static
